192.168.56.1 - - [23/Dec/2014:17:50:19 +0600] "GET /webservice/escenic/lock/article/14 HTTP/1.1" 200 325
127.0.0.1 - - [23/Dec/2014:17:50:19 +0600] "GET /indexer-webservice/index/after/132?count=100 HTTP/1.1" 204 -
192.168.56.1 - - [23/Dec/2014:17:50:19 +0600] "GET /webservice/escenic/changelog/inbox/2/after/132?count=10 HTTP/1.1" 200 440
192.168.56.1 - - [23/Dec/2014:17:50:20 +0600] "GET /webservice/escenic/changelog/inbox/2/before/14?count=10 HTTP/1.1" 200 442
192.168.56.1 - - [23/Dec/2014:17:50:20 +0600] "GET /webservice/escenic/lock/article/14 HTTP/1.1" 200 325
192.168.56.1 - - [23/Dec/2014:17:50:23 +0600] "GET /webservice/escenic/section/1 HTTP/1.1" 304 -
192.168.56.1 - - [23/Dec/2014:17:50:23 +0600] "OPTIONS /webservice/content/com.escenic.index-page/1 HTTP/1.1" 200 -
192.168.56.1 - - [23/Dec/2014:17:50:23 +0600] "GET /webservice/escenic/lock/article/14 HTTP/1.1" 200 325
192.168.56.1 - - [23/Dec/2014:17:50:24 +0600] "GET /webservice/escenic/content/14 HTTP/1.1" 304 -
192.168.56.1 - - [23/Dec/2014:17:50:24 +0600] "HEAD /webservice/escenic/content/14 HTTP/1.1" 200 -
192.168.56.1 - - [23/Dec/2014:17:50:24 +0600] "GET /webservice/publication/demo/usage/article/14 HTTP/1.1" 200 124
127.0.0.1 - - [23/Dec/2014:17:50:24 +0600] "GET /indexer-webservice/index/after/132?count=100 HTTP/1.1" 204 -
192.168.56.1 - - [23/Dec/2014:17:50:24 +0600] "GET /webservice/escenic/lock/article/14 HTTP/1.1" 200 325
192.168.56.1 - - [23/Dec/2014:17:50:25 +0600] "GET /escenic-admin HTTP/1.1" 302 -
192.168.56.1 - p [23/Dec/2014:17:50:25 +0600] "GET /escenic-admin/images/basic.css HTTP/1.1" 304 -
192.168.56.1 - p [23/Dec/2014:17:50:25 +0600] "GET /escenic-admin/images/nothing.gif HTTP/1.1" 304 -
192.168.56.1 - p [23/Dec/2014:17:50:25 +0600] "GET /escenic-admin/images/nav-logo-small.png HTTP/1.1" 304 -
192.168.56.1 - p [23/Dec/2014:17:50:25 +0600] "GET /escenic-admin/ HTTP/1.1" 200 6507
192.168.56.1 - - [23/Dec/2014:17:50:26 +0600] "GET /webservice/escenic/changelog/inbox/2/after/132?count=10 HTTP/1.1" 200 440
192.168.56.1 - - [23/Dec/2014:17:50:26 +0600] "GET /webservice/escenic/changelog/inbox/2/before/14?count=10 HTTP/1.1" 200 442
192.168.56.1 - - [23/Dec/2014:17:50:26 +0600] "GET /webservice/escenic/lock/article/14 HTTP/1.1" 200 325
192.168.56.1 - p [23/Dec/2014:17:50:27 +0600] "GET /escenic-admin/images/nothing.gif HTTP/1.1" 304 -
192.168.56.1 - p [23/Dec/2014:17:50:27 +0600] "GET /escenic-admin/images/basic.css HTTP/1.1" 304 -
192.168.56.1 - p [23/Dec/2014:17:50:27 +0600] "GET /escenic-admin/pages/publication/list.jsp HTTP/1.1" 200 5651
192.168.56.1 - p [23/Dec/2014:17:50:27 +0600] "GET /escenic-admin/images/basic.css HTTP/1.1" 304 -
192.168.56.1 - p [23/Dec/2014:17:50:27 +0600] "GET /escenic-admin/images/nothing.gif HTTP/1.1" 304 -
192.168.56.1 - p [23/Dec/2014:17:50:27 +0600] "GET /escenic-admin/pages/publication/view.jsp?name=demo HTTP/1.1" 200 5202
192.168.56.1 - - [23/Dec/2014:17:50:29 +0600] "GET /webservice/escenic/section/1 HTTP/1.1" 304 -
192.168.56.1 - - [23/Dec/2014:17:50:29 +0600] "OPTIONS /webservice/content/com.escenic.index-page/1 HTTP/1.1" 200 -
192.168.56.1 - - [23/Dec/2014:17:50:29 +0600] "GET /webservice/escenic/lock/article/14 HTTP/1.1" 200 325
127.0.0.1 - - [23/Dec/2014:17:50:29 +0600] "GET /indexer-webservice/index/after/132?count=100 HTTP/1.1" 204 -
192.168.56.1 - - [23/Dec/2014:17:50:30 +0600] "GET /webservice/escenic/content/14 HTTP/1.1" 304 -
192.168.56.1 - p [23/Dec/2014:17:50:30 +0600] "GET /escenic-admin/publication-resources/demo/escenic/content-type HTTP/1.1" 200 8629
192.168.56.1 - - [23/Dec/2014:17:50:31 +0600] "GET /webservice/escenic/lock/article/14 HTTP/1.1" 200 325
192.168.56.1 - - [23/Dec/2014:17:50:31 +0600] "GET /webservice/escenic/changelog/inbox/2/after/132?count=10 HTTP/1.1" 200 440
192.168.56.1 - - [23/Dec/2014:17:50:31 +0600] "GET /webservice/escenic/changelog/inbox/2/before/14?count=10 HTTP/1.1" 200 442
192.168.56.1 - - [23/Dec/2014:17:50:33 +0600] "GET /webservice/escenic/lock/article/14 HTTP/1.1" 200 325
127.0.0.1 - - [23/Dec/2014:17:50:33 +0600] "GET /indexer-webservice/index/before/-98?count=100 HTTP/1.1" 204 -
127.0.0.1 - - [23/Dec/2014:17:50:33 +0600] "GET /indexer-webservice/index/after/132?count=100 HTTP/1.1" 204 -
192.168.56.1 - - [23/Dec/2014:17:50:35 +0600] "GET /webservice/escenic/section/1 HTTP/1.1" 304 -
192.168.56.1 - - [23/Dec/2014:17:50:35 +0600] "OPTIONS /webservice/content/com.escenic.index-page/1 HTTP/1.1" 200 -
192.168.56.1 - - [23/Dec/2014:17:50:35 +0600] "HEAD /webservice/escenic/content/14 HTTP/1.1" 200 -
192.168.56.1 - - [23/Dec/2014:17:50:35 +0600] "GET /webservice/escenic/lock/article/14 HTTP/1.1" 200 325
192.168.56.1 - - [23/Dec/2014:17:50:35 +0600] "GET /webservice/publication/demo/usage/article/14 HTTP/1.1" 200 124
192.168.56.1 - - [23/Dec/2014:17:50:36 +0600] "GET /webservice/escenic/content/14 HTTP/1.1" 304 -
192.168.56.1 - - [23/Dec/2014:17:50:37 +0600] "GET /webservice/escenic/lock/article/14 HTTP/1.1" 200 325
192.168.56.1 - - [23/Dec/2014:17:50:38 +0600] "GET /webservice/escenic/changelog/inbox/2/after/132?count=10 HTTP/1.1" 200 440
192.168.56.1 - - [23/Dec/2014:17:50:38 +0600] "GET /webservice/escenic/changelog/inbox/2/before/14?count=10 HTTP/1.1" 200 442
192.168.56.1 - - [23/Dec/2014:17:50:39 +0600] "GET /webservice/escenic/lock/article/14 HTTP/1.1" 200 325
127.0.0.1 - - [23/Dec/2014:17:50:39 +0600] "GET /indexer-webservice/index/after/132?count=100 HTTP/1.1" 204 -
192.168.56.1 - - [23/Dec/2014:17:50:41 +0600] "GET /webservice/escenic/section/1 HTTP/1.1" 304 -
192.168.56.1 - - [23/Dec/2014:17:50:41 +0600] "OPTIONS /webservice/content/com.escenic.index-page/1 HTTP/1.1" 200 -
192.168.56.1 - - [23/Dec/2014:17:50:41 +0600] "GET /webservice/escenic/lock/article/14 HTTP/1.1" 200 325
192.168.56.1 - - [23/Dec/2014:17:50:42 +0600] "GET /webservice/escenic/content/14 HTTP/1.1" 304 -
192.168.56.1 - - [23/Dec/2014:17:50:43 +0600] "GET /webservice/escenic/lock/article/14 HTTP/1.1" 200 325
192.168.56.1 - - [23/Dec/2014:17:50:43 +0600] "GET /webservice/escenic/changelog/inbox/2/after/132?count=10 HTTP/1.1" 200 440
192.168.56.1 - - [23/Dec/2014:17:50:44 +0600] "GET /webservice/escenic/changelog/inbox/2/before/14?count=10 HTTP/1.1" 200 442
127.0.0.1 - - [23/Dec/2014:17:50:44 +0600] "GET /indexer-webservice/index/after/132?count=100 HTTP/1.1" 204 -
192.168.56.1 - - [23/Dec/2014:17:50:44 +0600] "GET /webservice/escenic/lock/article/14 HTTP/1.1" 200 325
192.168.56.1 - - [23/Dec/2014:17:50:46 +0600] "HEAD /webservice/escenic/content/14 HTTP/1.1" 200 -
192.168.56.1 - - [23/Dec/2014:17:50:46 +0600] "GET /webservice/publication/demo/usage/article/14 HTTP/1.1" 200 124
192.168.56.1 - - [23/Dec/2014:17:50:46 +0600] "GET /webservice/escenic/section/1 HTTP/1.1" 304 -
192.168.56.1 - - [23/Dec/2014:17:50:46 +0600] "OPTIONS /webservice/content/com.escenic.index-page/1 HTTP/1.1" 200 -
192.168.56.1 - - [23/Dec/2014:17:50:47 +0600] "GET /webservice/escenic/lock/article/14 HTTP/1.1" 200 325
192.168.56.1 - - [23/Dec/2014:17:50:48 +0600] "GET /webservice/escenic/content/14 HTTP/1.1" 304 -
192.168.56.1 - - [23/Dec/2014:17:50:49 +0600] "GET /webservice/escenic/lock/article/14 HTTP/1.1" 200 325
127.0.0.1 - - [23/Dec/2014:17:50:49 +0600] "GET /indexer-webservice/index/after/132?count=100 HTTP/1.1" 204 -
192.168.56.1 - - [23/Dec/2014:17:50:49 +0600] "GET /webservice/escenic/changelog/inbox/2/after/132?count=10 HTTP/1.1" 200 440
192.168.56.1 - - [23/Dec/2014:17:50:50 +0600] "GET /webservice/escenic/changelog/inbox/2/before/14?count=10 HTTP/1.1" 200 442
192.168.56.1 - - [23/Dec/2014:17:50:50 +0600] "GET /webservice/escenic/lock/article/14 HTTP/1.1" 200 325
192.168.56.1 - - [23/Dec/2014:17:50:53 +0600] "GET /webservice/escenic/section/1 HTTP/1.1" 304 -
192.168.56.1 - - [23/Dec/2014:17:50:53 +0600] "OPTIONS /webservice/content/com.escenic.index-page/1 HTTP/1.1" 200 -
192.168.56.1 - - [23/Dec/2014:17:50:53 +0600] "GET /webservice/escenic/lock/article/14 HTTP/1.1" 200 325
192.168.56.1 - - [23/Dec/2014:17:50:54 +0600] "GET /webservice/escenic/content/14 HTTP/1.1" 304 -
127.0.0.1 - - [23/Dec/2014:17:50:54 +0600] "GET /indexer-webservice/index/after/132?count=100 HTTP/1.1" 204 -
192.168.56.1 - - [23/Dec/2014:17:50:55 +0600] "GET /webservice/escenic/lock/article/14 HTTP/1.1" 200 325
192.168.56.1 - - [23/Dec/2014:17:50:55 +0600] "GET /webservice/escenic/changelog/inbox/2/after/132?count=10 HTTP/1.1" 200 440
192.168.56.1 - - [23/Dec/2014:17:50:56 +0600] "GET /webservice/escenic/changelog/inbox/2/before/14?count=10 HTTP/1.1" 200 442
192.168.56.1 - - [23/Dec/2014:17:50:57 +0600] "HEAD /webservice/escenic/content/14 HTTP/1.1" 200 -
192.168.56.1 - - [23/Dec/2014:17:50:56 +0600] "GET /webservice/escenic/lock/article/14 HTTP/1.1" 200 325
192.168.56.1 - - [23/Dec/2014:17:50:57 +0600] "GET /webservice/publication/demo/usage/article/14 HTTP/1.1" 200 124
192.168.56.1 - - [23/Dec/2014:17:50:59 +0600] "GET /webservice/escenic/section/1 HTTP/1.1" 304 -
192.168.56.1 - - [23/Dec/2014:17:50:59 +0600] "OPTIONS /webservice/content/com.escenic.index-page/1 HTTP/1.1" 200 -
192.168.56.1 - - [23/Dec/2014:17:50:59 +0600] "GET /webservice/escenic/lock/article/14 HTTP/1.1" 200 325
127.0.0.1 - - [23/Dec/2014:17:50:59 +0600] "GET /indexer-webservice/index/after/132?count=100 HTTP/1.1" 204 -
192.168.56.1 - - [23/Dec/2014:17:51:00 +0600] "GET /webservice/escenic/content/14 HTTP/1.1" 304 -
192.168.56.1 - - [23/Dec/2014:17:51:01 +0600] "GET /webservice/escenic/lock/article/14 HTTP/1.1" 200 325
192.168.56.1 - - [23/Dec/2014:17:51:01 +0600] "GET /webservice/escenic/changelog/inbox/2/after/132?count=10 HTTP/1.1" 200 440
192.168.56.1 - - [23/Dec/2014:17:51:02 +0600] "GET /webservice/escenic/changelog/inbox/2/before/14?count=10 HTTP/1.1" 200 442
192.168.56.1 - - [23/Dec/2014:17:51:02 +0600] "GET /webservice/escenic/lock/article/14 HTTP/1.1" 200 325
127.0.0.1 - - [23/Dec/2014:17:51:04 +0600] "GET /indexer-webservice/index/after/132?count=100 HTTP/1.1" 204 -
192.168.56.1 - - [23/Dec/2014:17:51:05 +0600] "GET /webservice/escenic/section/1 HTTP/1.1" 304 -
192.168.56.1 - - [23/Dec/2014:17:51:05 +0600] "OPTIONS /webservice/content/com.escenic.index-page/1 HTTP/1.1" 200 -
192.168.56.1 - - [23/Dec/2014:17:51:05 +0600] "GET /webservice/escenic/lock/article/14 HTTP/1.1" 200 325
192.168.56.1 - - [23/Dec/2014:17:51:06 +0600] "GET /webservice/escenic/content/14 HTTP/1.1" 304 -
192.168.56.1 - - [23/Dec/2014:17:51:06 +0600] "GET /webservice/escenic/lock/article/14 HTTP/1.1" 200 325
192.168.56.1 - - [23/Dec/2014:17:51:08 +0600] "HEAD /webservice/escenic/content/14 HTTP/1.1" 200 -
192.168.56.1 - - [23/Dec/2014:17:51:08 +0600] "GET /webservice/escenic/changelog/inbox/2/after/132?count=10 HTTP/1.1" 200 440
192.168.56.1 - - [23/Dec/2014:17:51:08 +0600] "GET /webservice/escenic/changelog/inbox/2/before/14?count=10 HTTP/1.1" 200 442
192.168.56.1 - - [23/Dec/2014:17:51:08 +0600] "GET /webservice/publication/demo/usage/article/14 HTTP/1.1" 200 124
192.168.56.1 - - [23/Dec/2014:17:51:09 +0600] "GET /webservice/escenic/lock/article/14 HTTP/1.1" 200 325
127.0.0.1 - - [23/Dec/2014:17:51:09 +0600] "GET /indexer-webservice/index/after/132?count=100 HTTP/1.1" 204 -
192.168.56.1 - - [23/Dec/2014:17:51:11 +0600] "GET /webservice/escenic/section/1 HTTP/1.1" 304 -
192.168.56.1 - - [23/Dec/2014:17:51:11 +0600] "GET /webservice/escenic/lock/article/14 HTTP/1.1" 200 325
192.168.56.1 - - [23/Dec/2014:17:51:11 +0600] "OPTIONS /webservice/content/com.escenic.index-page/1 HTTP/1.1" 200 -
192.168.56.1 - - [23/Dec/2014:17:51:12 +0600] "GET /webservice/escenic/content/14 HTTP/1.1" 304 -
192.168.56.1 - - [23/Dec/2014:17:51:13 +0600] "GET /webservice/escenic/lock/article/14 HTTP/1.1" 200 325
192.168.56.1 - - [23/Dec/2014:17:51:13 +0600] "GET /webservice/escenic/changelog/inbox/2/after/132?count=10 HTTP/1.1" 200 440
192.168.56.1 - - [23/Dec/2014:17:51:14 +0600] "GET /webservice/escenic/changelog/inbox/2/before/14?count=10 HTTP/1.1" 200 442
127.0.0.1 - - [23/Dec/2014:17:51:14 +0600] "GET /indexer-webservice/index/after/132?count=100 HTTP/1.1" 204 -
192.168.56.1 - - [23/Dec/2014:17:51:14 +0600] "GET /webservice/escenic/lock/article/14 HTTP/1.1" 200 325
192.168.56.1 - - [23/Dec/2014:17:51:17 +0600] "GET /webservice/escenic/section/1 HTTP/1.1" 304 -
192.168.56.1 - - [23/Dec/2014:17:51:17 +0600] "OPTIONS /webservice/content/com.escenic.index-page/1 HTTP/1.1" 200 -
192.168.56.1 - - [23/Dec/2014:17:51:17 +0600] "GET /webservice/escenic/lock/article/14 HTTP/1.1" 200 325
192.168.56.1 - - [23/Dec/2014:17:51:18 +0600] "GET /webservice/escenic/content/14 HTTP/1.1" 304 -
192.168.56.1 - - [23/Dec/2014:17:51:19 +0600] "HEAD /webservice/escenic/content/14 HTTP/1.1" 200 -
192.168.56.1 - - [23/Dec/2014:17:51:19 +0600] "GET /webservice/escenic/lock/article/14 HTTP/1.1" 200 325
192.168.56.1 - - [23/Dec/2014:17:51:19 +0600] "GET /webservice/publication/demo/usage/article/14 HTTP/1.1" 200 124
127.0.0.1 - - [23/Dec/2014:17:51:19 +0600] "GET /indexer-webservice/index/after/132?count=100 HTTP/1.1" 204 -
192.168.56.1 - - [23/Dec/2014:17:51:20 +0600] "GET /webservice/escenic/changelog/inbox/2/after/132?count=10 HTTP/1.1" 200 440
192.168.56.1 - - [23/Dec/2014:17:51:20 +0600] "GET /webservice/escenic/changelog/inbox/2/before/14?count=10 HTTP/1.1" 200 442
192.168.56.1 - - [23/Dec/2014:17:51:21 +0600] "GET /webservice/escenic/lock/article/14 HTTP/1.1" 200 325
192.168.56.1 - - [23/Dec/2014:17:51:23 +0600] "GET /webservice/escenic/section/1 HTTP/1.1" 304 -
192.168.56.1 - - [23/Dec/2014:17:51:23 +0600] "OPTIONS /webservice/content/com.escenic.index-page/1 HTTP/1.1" 200 -
192.168.56.1 - - [23/Dec/2014:17:51:23 +0600] "GET /webservice/escenic/lock/article/14 HTTP/1.1" 200 325
192.168.56.1 - - [23/Dec/2014:17:51:24 +0600] "GET /webservice/escenic/content/14 HTTP/1.1" 304 -
127.0.0.1 - - [23/Dec/2014:17:51:24 +0600] "GET /indexer-webservice/index/after/132?count=100 HTTP/1.1" 204 -
192.168.56.1 - - [23/Dec/2014:17:51:25 +0600] "GET /webservice/escenic/lock/article/14 HTTP/1.1" 200 325
192.168.56.1 - - [23/Dec/2014:17:51:25 +0600] "GET /webservice/escenic/changelog/inbox/2/after/132?count=10 HTTP/1.1" 200 440
192.168.56.1 - - [23/Dec/2014:17:51:26 +0600] "GET /webservice/escenic/changelog/inbox/2/before/14?count=10 HTTP/1.1" 200 442
192.168.56.1 - - [23/Dec/2014:17:51:26 +0600] "GET /webservice/escenic/lock/article/14 HTTP/1.1" 200 325
192.168.56.1 - - [23/Dec/2014:17:51:29 +0600] "GET /webservice/escenic/section/1 HTTP/1.1" 304 -
192.168.56.1 - - [23/Dec/2014:17:51:29 +0600] "OPTIONS /webservice/content/com.escenic.index-page/1 HTTP/1.1" 200 -
192.168.56.1 - - [23/Dec/2014:17:51:29 +0600] "GET /webservice/escenic/lock/article/14 HTTP/1.1" 200 325
127.0.0.1 - - [23/Dec/2014:17:51:29 +0600] "GET /indexer-webservice/index/after/132?count=100 HTTP/1.1" 204 -
192.168.56.1 - - [23/Dec/2014:17:51:30 +0600] "GET /webservice/escenic/content/14 HTTP/1.1" 304 -
192.168.56.1 - - [23/Dec/2014:17:51:30 +0600] "HEAD /webservice/escenic/content/14 HTTP/1.1" 200 -
192.168.56.1 - - [23/Dec/2014:17:51:30 +0600] "GET /webservice/publication/demo/usage/article/14 HTTP/1.1" 200 124
192.168.56.1 - - [23/Dec/2014:17:51:31 +0600] "GET /webservice/escenic/lock/article/14 HTTP/1.1" 200 325
192.168.56.1 - - [23/Dec/2014:17:51:31 +0600] "GET /webservice/escenic/changelog/inbox/2/after/132?count=10 HTTP/1.1" 200 440
192.168.56.1 - - [23/Dec/2014:17:51:32 +0600] "GET /webservice/escenic/changelog/inbox/2/before/14?count=10 HTTP/1.1" 200 442
192.168.56.1 - - [23/Dec/2014:17:51:33 +0600] "GET /webservice/escenic/lock/article/14 HTTP/1.1" 200 325
127.0.0.1 - - [23/Dec/2014:17:51:33 +0600] "GET /indexer-webservice/index/before/-98?count=100 HTTP/1.1" 204 -
127.0.0.1 - - [23/Dec/2014:17:51:34 +0600] "GET /indexer-webservice/index/after/132?count=100 HTTP/1.1" 204 -
192.168.56.1 - - [23/Dec/2014:17:51:35 +0600] "GET /webservice/escenic/section/1 HTTP/1.1" 304 -
192.168.56.1 - - [23/Dec/2014:17:51:35 +0600] "OPTIONS /webservice/content/com.escenic.index-page/1 HTTP/1.1" 200 -
192.168.56.1 - - [23/Dec/2014:17:51:35 +0600] "GET /webservice/escenic/lock/article/14 HTTP/1.1" 200 325
192.168.56.1 - - [23/Dec/2014:17:51:36 +0600] "GET /webservice/escenic/content/14 HTTP/1.1" 304 -
192.168.56.1 - - [23/Dec/2014:17:51:37 +0600] "GET /webservice/escenic/lock/article/14 HTTP/1.1" 200 325
192.168.56.1 - - [23/Dec/2014:17:51:37 +0600] "GET /webservice/escenic/changelog/inbox/2/after/132?count=10 HTTP/1.1" 200 440
192.168.56.1 - - [23/Dec/2014:17:51:38 +0600] "GET /webservice/escenic/changelog/inbox/2/before/14?count=10 HTTP/1.1" 200 442
192.168.56.1 - - [23/Dec/2014:17:51:38 +0600] "GET /webservice/escenic/lock/article/14 HTTP/1.1" 200 325
127.0.0.1 - - [23/Dec/2014:17:51:39 +0600] "GET /indexer-webservice/index/after/132?count=100 HTTP/1.1" 204 -
192.168.56.1 - - [23/Dec/2014:17:51:41 +0600] "GET /webservice/escenic/section/1 HTTP/1.1" 304 -
192.168.56.1 - - [23/Dec/2014:17:51:41 +0600] "OPTIONS /webservice/content/com.escenic.index-page/1 HTTP/1.1" 200 -
192.168.56.1 - - [23/Dec/2014:17:51:41 +0600] "HEAD /webservice/escenic/content/14 HTTP/1.1" 200 -
192.168.56.1 - - [23/Dec/2014:17:51:41 +0600] "GET /webservice/escenic/lock/article/14 HTTP/1.1" 200 325
192.168.56.1 - - [23/Dec/2014:17:51:41 +0600] "GET /webservice/publication/demo/usage/article/14 HTTP/1.1" 200 124
192.168.56.1 - - [23/Dec/2014:17:51:42 +0600] "GET /webservice/escenic/content/14 HTTP/1.1" 304 -
192.168.56.1 - - [23/Dec/2014:17:51:43 +0600] "GET /webservice/escenic/lock/article/14 HTTP/1.1" 200 325
192.168.56.1 - - [23/Dec/2014:17:51:43 +0600] "GET /webservice/escenic/changelog/inbox/2/after/132?count=10 HTTP/1.1" 200 440
192.168.56.1 - - [23/Dec/2014:17:51:44 +0600] "GET /webservice/escenic/changelog/inbox/2/before/14?count=10 HTTP/1.1" 200 442
127.0.0.1 - - [23/Dec/2014:17:51:44 +0600] "GET /indexer-webservice/index/after/132?count=100 HTTP/1.1" 204 -
192.168.56.1 - - [23/Dec/2014:17:51:44 +0600] "GET /webservice/escenic/lock/article/14 HTTP/1.1" 200 325
192.168.56.1 - - [23/Dec/2014:17:51:47 +0600] "GET /webservice/escenic/section/1 HTTP/1.1" 304 -
192.168.56.1 - - [23/Dec/2014:17:51:47 +0600] "OPTIONS /webservice/content/com.escenic.index-page/1 HTTP/1.1" 200 -
192.168.56.1 - - [23/Dec/2014:17:51:47 +0600] "GET /webservice/escenic/lock/article/14 HTTP/1.1" 200 325
192.168.56.1 - - [23/Dec/2014:17:51:47 +0600] "GET /webservice/escenic/content/14 HTTP/1.1" 304 -
192.168.56.1 - - [23/Dec/2014:17:51:49 +0600] "GET /webservice/escenic/lock/article/14 HTTP/1.1" 200 325
127.0.0.1 - - [23/Dec/2014:17:51:49 +0600] "GET /indexer-webservice/index/after/132?count=100 HTTP/1.1" 204 -
192.168.56.1 - - [23/Dec/2014:17:51:49 +0600] "GET /webservice/escenic/changelog/inbox/2/after/132?count=10 HTTP/1.1" 200 440
192.168.56.1 - - [23/Dec/2014:17:51:50 +0600] "GET /webservice/escenic/changelog/inbox/2/before/14?count=10 HTTP/1.1" 200 442
192.168.56.1 - - [23/Dec/2014:17:51:50 +0600] "GET /webservice/escenic/lock/article/14 HTTP/1.1" 200 325
192.168.56.1 - - [23/Dec/2014:17:51:52 +0600] "HEAD /webservice/escenic/content/14 HTTP/1.1" 200 -
192.168.56.1 - - [23/Dec/2014:17:51:52 +0600] "GET /webservice/publication/demo/usage/article/14 HTTP/1.1" 200 124
192.168.56.1 - - [23/Dec/2014:17:51:52 +0600] "GET /webservice/escenic/section/1 HTTP/1.1" 304 -
192.168.56.1 - - [23/Dec/2014:17:51:52 +0600] "OPTIONS /webservice/content/com.escenic.index-page/1 HTTP/1.1" 200 -
192.168.56.1 - - [23/Dec/2014:17:51:53 +0600] "GET /webservice/escenic/lock/article/14 HTTP/1.1" 200 325
192.168.56.1 - - [23/Dec/2014:17:51:54 +0600] "GET /webservice/escenic/content/14 HTTP/1.1" 304 -
127.0.0.1 - - [23/Dec/2014:17:51:54 +0600] "GET /indexer-webservice/index/after/132?count=100 HTTP/1.1" 204 -
192.168.56.1 - - [23/Dec/2014:17:51:55 +0600] "GET /webservice/escenic/lock/article/14 HTTP/1.1" 200 325
192.168.56.1 - - [23/Dec/2014:17:51:55 +0600] "GET /webservice/escenic/changelog/inbox/2/after/132?count=10 HTTP/1.1" 200 440
192.168.56.1 - - [23/Dec/2014:17:51:56 +0600] "GET /webservice/escenic/changelog/inbox/2/before/14?count=10 HTTP/1.1" 200 442
192.168.56.1 - - [23/Dec/2014:17:51:56 +0600] "GET /webservice/escenic/lock/article/14 HTTP/1.1" 200 325
192.168.56.1 - - [23/Dec/2014:17:51:59 +0600] "GET /webservice/escenic/section/1 HTTP/1.1" 304 -
192.168.56.1 - - [23/Dec/2014:17:51:59 +0600] "OPTIONS /webservice/content/com.escenic.index-page/1 HTTP/1.1" 200 -
192.168.56.1 - - [23/Dec/2014:17:51:59 +0600] "GET /webservice/escenic/lock/article/14 HTTP/1.1" 200 325
127.0.0.1 - - [23/Dec/2014:17:51:59 +0600] "GET /indexer-webservice/index/after/132?count=100 HTTP/1.1" 204 -
192.168.56.1 - - [23/Dec/2014:17:51:59 +0600] "GET /webservice/escenic/content/14 HTTP/1.1" 304 -
192.168.56.1 - - [23/Dec/2014:17:52:00 +0600] "GET /webservice/escenic/content/14 HTTP/1.1" 200 3993
192.168.56.1 - - [23/Dec/2014:17:52:00 +0600] "POST /webservice/escenic/lock/article/14 HTTP/1.1" 201 -
192.168.56.1 - - [23/Dec/2014:17:52:00 +0600] "GET /webservice/escenic/lock/article/14/private/8k HTTP/1.1" 303 -
192.168.56.1 - - [23/Dec/2014:17:52:00 +0600] "GET /webservice/escenic/lock/article/14/public/733 HTTP/1.1" 200 794
192.168.56.1 - - [23/Dec/2014:17:52:00 +0600] "GET /webservice/escenic/lock/article/14 HTTP/1.1" 200 1083
192.168.56.1 - - [23/Dec/2014:17:52:02 +0600] "GET /webservice/escenic/changelog/inbox/2/after/132?count=10 HTTP/1.1" 200 440
192.168.56.1 - - [23/Dec/2014:17:52:02 +0600] "GET /webservice/escenic/changelog/inbox/2/before/14?count=10 HTTP/1.1" 200 442
192.168.56.1 - - [23/Dec/2014:17:52:03 +0600] "HEAD /webservice/escenic/content/14 HTTP/1.1" 200 -
192.168.56.1 - - [23/Dec/2014:17:52:02 +0600] "GET /webservice/escenic/lock/article/14 HTTP/1.1" 200 1083
192.168.56.1 - - [23/Dec/2014:17:52:03 +0600] "GET /webservice/publication/demo/usage/article/14 HTTP/1.1" 200 124
127.0.0.1 - - [23/Dec/2014:17:52:04 +0600] "GET /indexer-webservice/index/after/132?count=100 HTTP/1.1" 204 -
192.168.56.1 - - [23/Dec/2014:17:52:05 +0600] "GET /webservice/escenic/section/1 HTTP/1.1" 304 -
192.168.56.1 - - [23/Dec/2014:17:52:05 +0600] "OPTIONS /webservice/content/com.escenic.index-page/1 HTTP/1.1" 200 -
192.168.56.1 - - [23/Dec/2014:17:52:05 +0600] "GET /webservice/escenic/lock/article/14 HTTP/1.1" 200 1083
192.168.56.1 - - [23/Dec/2014:17:52:06 +0600] "GET /webservice/escenic/content/14 HTTP/1.1" 304 -
192.168.56.1 - - [23/Dec/2014:17:52:06 +0600] "GET /webservice/escenic/lock/article/14 HTTP/1.1" 200 1083
192.168.56.1 - - [23/Dec/2014:17:52:08 +0600] "GET /webservice/escenic/changelog/inbox/2/after/132?count=10 HTTP/1.1" 200 440
192.168.56.1 - - [23/Dec/2014:17:52:08 +0600] "GET /webservice/escenic/changelog/inbox/2/before/14?count=10 HTTP/1.1" 200 442
192.168.56.1 - - [23/Dec/2014:17:52:09 +0600] "GET /webservice/escenic/lock/article/14 HTTP/1.1" 200 1083
127.0.0.1 - - [23/Dec/2014:17:52:09 +0600] "GET /indexer-webservice/index/after/132?count=100 HTTP/1.1" 204 -
192.168.56.1 - - [23/Dec/2014:17:52:11 +0600] "GET /webservice/escenic/section/1 HTTP/1.1" 304 -
192.168.56.1 - - [23/Dec/2014:17:52:11 +0600] "OPTIONS /webservice/content/com.escenic.index-page/1 HTTP/1.1" 200 -
192.168.56.1 - - [23/Dec/2014:17:52:11 +0600] "GET /webservice/escenic/lock/article/14 HTTP/1.1" 200 1083
192.168.56.1 - - [23/Dec/2014:17:52:12 +0600] "GET /webservice/escenic/content/14 HTTP/1.1" 304 -
192.168.56.1 - - [23/Dec/2014:17:52:13 +0600] "GET /webservice/escenic/lock/article/14 HTTP/1.1" 200 1083
192.168.56.1 - - [23/Dec/2014:17:52:14 +0600] "HEAD /webservice/escenic/content/14 HTTP/1.1" 200 -
192.168.56.1 - - [23/Dec/2014:17:52:13 +0600] "GET /webservice/escenic/changelog/inbox/2/after/132?count=10 HTTP/1.1" 200 440
192.168.56.1 - - [23/Dec/2014:17:52:14 +0600] "GET /webservice/escenic/changelog/inbox/2/before/14?count=10 HTTP/1.1" 200 442
192.168.56.1 - - [23/Dec/2014:17:52:14 +0600] "GET /webservice/publication/demo/usage/article/14 HTTP/1.1" 200 124
127.0.0.1 - - [23/Dec/2014:17:52:14 +0600] "GET /indexer-webservice/index/after/132?count=100 HTTP/1.1" 204 -
192.168.56.1 - - [23/Dec/2014:17:52:14 +0600] "GET /webservice/escenic/lock/article/14 HTTP/1.1" 200 1083
192.168.56.1 - - [23/Dec/2014:17:52:17 +0600] "GET /webservice/escenic/section/1 HTTP/1.1" 304 -
192.168.56.1 - - [23/Dec/2014:17:52:17 +0600] "OPTIONS /webservice/content/com.escenic.index-page/1 HTTP/1.1" 200 -
192.168.56.1 - - [23/Dec/2014:17:52:17 +0600] "GET /webservice/escenic/lock/article/14 HTTP/1.1" 200 1083
192.168.56.1 - - [23/Dec/2014:17:52:18 +0600] "GET /webservice/escenic/content/14 HTTP/1.1" 304 -
192.168.56.1 - - [23/Dec/2014:17:52:19 +0600] "GET /webservice/escenic/lock/article/14 HTTP/1.1" 200 1083
127.0.0.1 - - [23/Dec/2014:17:52:19 +0600] "GET /indexer-webservice/index/after/132?count=100 HTTP/1.1" 204 -
192.168.56.1 - - [23/Dec/2014:17:52:19 +0600] "GET /webservice/escenic/changelog/inbox/2/after/132?count=10 HTTP/1.1" 200 440
192.168.56.1 - - [23/Dec/2014:17:52:20 +0600] "GET /webservice/escenic/changelog/inbox/2/before/14?count=10 HTTP/1.1" 200 442
192.168.56.1 - - [23/Dec/2014:17:52:20 +0600] "GET /webservice/escenic/lock/article/14 HTTP/1.1" 200 1083
192.168.56.1 - - [23/Dec/2014:17:52:23 +0600] "GET /webservice/escenic/section/1 HTTP/1.1" 304 -
192.168.56.1 - - [23/Dec/2014:17:52:23 +0600] "OPTIONS /webservice/content/com.escenic.index-page/1 HTTP/1.1" 200 -
192.168.56.1 - - [23/Dec/2014:17:52:23 +0600] "GET /webservice/escenic/lock/article/14 HTTP/1.1" 200 1083
192.168.56.1 - - [23/Dec/2014:17:52:24 +0600] "GET /webservice/escenic/content/14 HTTP/1.1" 304 -
127.0.0.1 - - [23/Dec/2014:17:52:24 +0600] "GET /indexer-webservice/index/after/132?count=100 HTTP/1.1" 204 -
192.168.56.1 - - [23/Dec/2014:17:52:25 +0600] "HEAD /webservice/escenic/content/14 HTTP/1.1" 200 -
192.168.56.1 - - [23/Dec/2014:17:52:25 +0600] "GET /webservice/escenic/lock/article/14 HTTP/1.1" 200 1083
192.168.56.1 - - [23/Dec/2014:17:52:25 +0600] "GET /webservice/publication/demo/usage/article/14 HTTP/1.1" 200 124
192.168.56.1 - - [23/Dec/2014:17:52:26 +0600] "GET /webservice/escenic/changelog/inbox/2/after/132?count=10 HTTP/1.1" 200 440
192.168.56.1 - - [23/Dec/2014:17:52:26 +0600] "GET /webservice/escenic/changelog/inbox/2/before/14?count=10 HTTP/1.1" 200 442
192.168.56.1 - - [23/Dec/2014:17:52:27 +0600] "GET /webservice/escenic/lock/article/14 HTTP/1.1" 200 1083
192.168.56.1 - - [23/Dec/2014:17:52:29 +0600] "GET /webservice/escenic/section/1 HTTP/1.1" 304 -
192.168.56.1 - - [23/Dec/2014:17:52:29 +0600] "OPTIONS /webservice/content/com.escenic.index-page/1 HTTP/1.1" 200 -
192.168.56.1 - - [23/Dec/2014:17:52:29 +0600] "GET /webservice/escenic/lock/article/14 HTTP/1.1" 200 1083
127.0.0.1 - - [23/Dec/2014:17:52:29 +0600] "GET /indexer-webservice/index/after/132?count=100 HTTP/1.1" 204 -
192.168.56.1 - - [23/Dec/2014:17:52:30 +0600] "GET /webservice/escenic/content/14 HTTP/1.1" 304 -
192.168.56.1 - - [23/Dec/2014:17:52:31 +0600] "GET /webservice/escenic/lock/article/14 HTTP/1.1" 200 1083
192.168.56.1 - - [23/Dec/2014:17:52:31 +0600] "GET /webservice/escenic/changelog/inbox/2/after/132?count=10 HTTP/1.1" 200 440
192.168.56.1 - - [23/Dec/2014:17:52:32 +0600] "GET /webservice/escenic/changelog/inbox/2/before/14?count=10 HTTP/1.1" 200 442
192.168.56.1 - - [23/Dec/2014:17:52:32 +0600] "GET /webservice/escenic/lock/article/14 HTTP/1.1" 200 1083
127.0.0.1 - - [23/Dec/2014:17:52:33 +0600] "GET /indexer-webservice/index/before/-98?count=100 HTTP/1.1" 204 -
127.0.0.1 - - [23/Dec/2014:17:52:34 +0600] "GET /indexer-webservice/index/after/132?count=100 HTTP/1.1" 204 -
192.168.56.1 - - [23/Dec/2014:17:52:35 +0600] "GET /webservice/escenic/section/1 HTTP/1.1" 304 -
192.168.56.1 - - [23/Dec/2014:17:52:35 +0600] "OPTIONS /webservice/content/com.escenic.index-page/1 HTTP/1.1" 200 -
192.168.56.1 - - [23/Dec/2014:17:52:35 +0600] "GET /webservice/escenic/lock/article/14 HTTP/1.1" 200 1083
192.168.56.1 - - [23/Dec/2014:17:52:35 +0600] "GET /webservice/escenic/content/14 HTTP/1.1" 304 -
192.168.56.1 - - [23/Dec/2014:17:52:36 +0600] "HEAD /webservice/escenic/content/14 HTTP/1.1" 200 -
192.168.56.1 - - [23/Dec/2014:17:52:36 +0600] "GET /webservice/publication/demo/usage/article/14 HTTP/1.1" 200 124
192.168.56.1 - - [23/Dec/2014:17:52:37 +0600] "GET /webservice/escenic/lock/article/14 HTTP/1.1" 200 1083
192.168.56.1 - - [23/Dec/2014:17:52:37 +0600] "GET /webservice/escenic/changelog/inbox/2/after/132?count=10 HTTP/1.1" 200 440
192.168.56.1 - - [23/Dec/2014:17:52:38 +0600] "GET /webservice/escenic/changelog/inbox/2/before/14?count=10 HTTP/1.1" 200 442
192.168.56.1 - - [23/Dec/2014:17:52:38 +0600] "GET /webservice/escenic/lock/article/14 HTTP/1.1" 200 1083
127.0.0.1 - - [23/Dec/2014:17:52:39 +0600] "GET /indexer-webservice/index/after/132?count=100 HTTP/1.1" 204 -
192.168.56.1 - - [23/Dec/2014:17:52:41 +0600] "GET /webservice/escenic/section/1 HTTP/1.1" 304 -
192.168.56.1 - - [23/Dec/2014:17:52:41 +0600] "OPTIONS /webservice/content/com.escenic.index-page/1 HTTP/1.1" 200 -
192.168.56.1 - - [23/Dec/2014:17:52:41 +0600] "GET /webservice/escenic/lock/article/14 HTTP/1.1" 200 1083
192.168.56.1 - - [23/Dec/2014:17:52:41 +0600] "GET /webservice/escenic/content/14 HTTP/1.1" 304 -
192.168.56.1 - - [23/Dec/2014:17:52:43 +0600] "GET /webservice/escenic/lock/article/14 HTTP/1.1" 200 1083
192.168.56.1 - - [23/Dec/2014:17:52:43 +0600] "GET /webservice/escenic/changelog/inbox/2/after/132?count=10 HTTP/1.1" 200 440
192.168.56.1 - - [23/Dec/2014:17:52:44 +0600] "GET /webservice/escenic/changelog/inbox/2/before/14?count=10 HTTP/1.1" 200 442
127.0.0.1 - - [23/Dec/2014:17:52:44 +0600] "GET /indexer-webservice/index/after/132?count=100 HTTP/1.1" 204 -
192.168.56.1 - - [23/Dec/2014:17:52:44 +0600] "GET /webservice/escenic/lock/article/14 HTTP/1.1" 200 1083
192.168.56.1 - - [23/Dec/2014:17:52:47 +0600] "GET /webservice/escenic/section/1 HTTP/1.1" 304 -
192.168.56.1 - - [23/Dec/2014:17:52:47 +0600] "OPTIONS /webservice/content/com.escenic.index-page/1 HTTP/1.1" 200 -
192.168.56.1 - - [23/Dec/2014:17:52:47 +0600] "HEAD /webservice/escenic/content/14 HTTP/1.1" 200 -
192.168.56.1 - - [23/Dec/2014:17:52:47 +0600] "GET /webservice/escenic/lock/article/14 HTTP/1.1" 200 1083
192.168.56.1 - - [23/Dec/2014:17:52:47 +0600] "GET /webservice/publication/demo/usage/article/14 HTTP/1.1" 200 124
192.168.56.1 - - [23/Dec/2014:17:52:47 +0600] "GET /webservice/escenic/content/14 HTTP/1.1" 304 -
192.168.56.1 - - [23/Dec/2014:17:52:49 +0600] "GET /webservice/escenic/lock/article/14 HTTP/1.1" 200 1083
127.0.0.1 - - [23/Dec/2014:17:52:49 +0600] "GET /indexer-webservice/index/after/132?count=100 HTTP/1.1" 204 -
192.168.56.1 - - [23/Dec/2014:17:52:49 +0600] "GET /webservice/escenic/changelog/inbox/2/after/132?count=10 HTTP/1.1" 200 440
192.168.56.1 - - [23/Dec/2014:17:52:50 +0600] "GET /webservice/escenic/changelog/inbox/2/before/14?count=10 HTTP/1.1" 200 442
192.168.56.1 - - [23/Dec/2014:17:52:50 +0600] "GET /webservice/escenic/lock/article/14 HTTP/1.1" 200 1083
192.168.56.1 - - [23/Dec/2014:17:52:53 +0600] "GET /webservice/escenic/section/1 HTTP/1.1" 304 -
192.168.56.1 - - [23/Dec/2014:17:52:53 +0600] "OPTIONS /webservice/content/com.escenic.index-page/1 HTTP/1.1" 200 -
192.168.56.1 - - [23/Dec/2014:17:52:53 +0600] "GET /webservice/escenic/lock/article/14 HTTP/1.1" 200 1083
192.168.56.1 - - [23/Dec/2014:17:52:53 +0600] "GET /webservice/escenic/content/14 HTTP/1.1" 304 -
127.0.0.1 - - [23/Dec/2014:17:52:54 +0600] "GET /indexer-webservice/index/after/132?count=100 HTTP/1.1" 204 -
192.168.56.1 - - [23/Dec/2014:17:52:55 +0600] "GET /webservice/escenic/lock/article/14 HTTP/1.1" 200 1083
192.168.56.1 - - [23/Dec/2014:17:52:55 +0600] "GET /webservice/escenic/changelog/inbox/2/after/132?count=10 HTTP/1.1" 200 440
192.168.56.1 - - [23/Dec/2014:17:52:56 +0600] "GET /webservice/escenic/changelog/inbox/2/before/14?count=10 HTTP/1.1" 200 442
192.168.56.1 - - [23/Dec/2014:17:52:56 +0600] "GET /webservice/escenic/lock/article/14 HTTP/1.1" 200 1083
192.168.56.1 - - [23/Dec/2014:17:52:58 +0600] "HEAD /webservice/escenic/content/14 HTTP/1.1" 200 -
192.168.56.1 - - [23/Dec/2014:17:52:58 +0600] "GET /webservice/publication/demo/usage/article/14 HTTP/1.1" 200 124
192.168.56.1 - - [23/Dec/2014:17:52:58 +0600] "GET /webservice/escenic/section/1 HTTP/1.1" 304 -
192.168.56.1 - - [23/Dec/2014:17:52:58 +0600] "OPTIONS /webservice/content/com.escenic.index-page/1 HTTP/1.1" 200 -
192.168.56.1 - - [23/Dec/2014:17:52:59 +0600] "GET /webservice/escenic/lock/article/14 HTTP/1.1" 200 1083
127.0.0.1 - - [23/Dec/2014:17:52:59 +0600] "GET /indexer-webservice/index/after/132?count=100 HTTP/1.1" 204 -
192.168.56.1 - - [23/Dec/2014:17:52:59 +0600] "GET /webservice/escenic/content/14 HTTP/1.1" 304 -
192.168.56.1 - - [23/Dec/2014:17:53:01 +0600] "GET /webservice/escenic/lock/article/14 HTTP/1.1" 200 1083
192.168.56.1 - - [23/Dec/2014:17:53:01 +0600] "GET /webservice/escenic/changelog/inbox/2/after/132?count=10 HTTP/1.1" 200 440
192.168.56.1 - - [23/Dec/2014:17:53:02 +0600] "GET /webservice/escenic/changelog/inbox/2/before/14?count=10 HTTP/1.1" 200 442
192.168.56.1 - - [23/Dec/2014:17:53:02 +0600] "GET /webservice/escenic/lock/article/14 HTTP/1.1" 200 1083
127.0.0.1 - - [23/Dec/2014:17:53:04 +0600] "GET /indexer-webservice/index/after/132?count=100 HTTP/1.1" 204 -
192.168.56.1 - - [23/Dec/2014:17:53:05 +0600] "GET /webservice/escenic/section/1 HTTP/1.1" 304 -
192.168.56.1 - - [23/Dec/2014:17:53:05 +0600] "GET /webservice/escenic/lock/article/14 HTTP/1.1" 200 1083
192.168.56.1 - - [23/Dec/2014:17:53:05 +0600] "OPTIONS /webservice/content/com.escenic.index-page/1 HTTP/1.1" 200 -
192.168.56.1 - - [23/Dec/2014:17:53:06 +0600] "GET /webservice/escenic/content/14 HTTP/1.1" 304 -
192.168.56.1 - - [23/Dec/2014:17:53:06 +0600] "GET /webservice/escenic/lock/article/14 HTTP/1.1" 200 1083
192.168.56.1 - - [23/Dec/2014:17:53:08 +0600] "GET /webservice/escenic/changelog/inbox/2/after/132?count=10 HTTP/1.1" 200 440
192.168.56.1 - - [23/Dec/2014:17:53:08 +0600] "GET /webservice/escenic/changelog/inbox/2/before/14?count=10 HTTP/1.1" 200 442
192.168.56.1 - - [23/Dec/2014:17:53:09 +0600] "HEAD /webservice/escenic/content/14 HTTP/1.1" 200 -
192.168.56.1 - - [23/Dec/2014:17:53:09 +0600] "GET /webservice/escenic/lock/article/14 HTTP/1.1" 200 1083
192.168.56.1 - - [23/Dec/2014:17:53:09 +0600] "GET /webservice/publication/demo/usage/article/14 HTTP/1.1" 200 124
127.0.0.1 - - [23/Dec/2014:17:53:09 +0600] "GET /indexer-webservice/index/after/132?count=100 HTTP/1.1" 204 -
192.168.56.1 - - [23/Dec/2014:17:53:11 +0600] "GET /webservice/escenic/section/1 HTTP/1.1" 304 -
192.168.56.1 - - [23/Dec/2014:17:53:11 +0600] "OPTIONS /webservice/content/com.escenic.index-page/1 HTTP/1.1" 200 -
192.168.56.1 - - [23/Dec/2014:17:53:11 +0600] "GET /webservice/escenic/lock/article/14 HTTP/1.1" 200 1083
192.168.56.1 - - [23/Dec/2014:17:53:12 +0600] "GET /webservice/escenic/content/14 HTTP/1.1" 304 -
192.168.56.1 - - [23/Dec/2014:17:53:13 +0600] "GET /webservice/escenic/lock/article/14 HTTP/1.1" 200 1083
192.168.56.1 - - [23/Dec/2014:17:53:13 +0600] "GET /webservice/escenic/changelog/inbox/2/after/132?count=10 HTTP/1.1" 200 440
192.168.56.1 - - [23/Dec/2014:17:53:14 +0600] "GET /webservice/escenic/changelog/inbox/2/before/14?count=10 HTTP/1.1" 200 442
127.0.0.1 - - [23/Dec/2014:17:53:14 +0600] "GET /indexer-webservice/index/after/132?count=100 HTTP/1.1" 204 -
192.168.56.1 - - [23/Dec/2014:17:53:14 +0600] "GET /webservice/escenic/lock/article/14 HTTP/1.1" 200 1083
192.168.56.1 - - [23/Dec/2014:17:53:17 +0600] "GET /webservice/escenic/section/1 HTTP/1.1" 304 -
192.168.56.1 - - [23/Dec/2014:17:53:17 +0600] "OPTIONS /webservice/content/com.escenic.index-page/1 HTTP/1.1" 200 -
192.168.56.1 - - [23/Dec/2014:17:53:17 +0600] "GET /webservice/escenic/lock/article/14 HTTP/1.1" 200 1083
192.168.56.1 - - [23/Dec/2014:17:53:18 +0600] "GET /webservice/escenic/content/14 HTTP/1.1" 304 -
192.168.56.1 - - [23/Dec/2014:17:53:18 +0600] "GET /webservice/escenic/lock/article/14 HTTP/1.1" 200 1083
127.0.0.1 - - [23/Dec/2014:17:53:19 +0600] "GET /indexer-webservice/index/after/132?count=100 HTTP/1.1" 204 -
192.168.56.1 - - [23/Dec/2014:17:53:20 +0600] "HEAD /webservice/escenic/content/14 HTTP/1.1" 200 -
192.168.56.1 - - [23/Dec/2014:17:53:20 +0600] "GET /webservice/escenic/changelog/inbox/2/after/132?count=10 HTTP/1.1" 200 440
192.168.56.1 - - [23/Dec/2014:17:53:20 +0600] "GET /webservice/escenic/changelog/inbox/2/before/14?count=10 HTTP/1.1" 200 442
192.168.56.1 - - [23/Dec/2014:17:53:20 +0600] "GET /webservice/publication/demo/usage/article/14 HTTP/1.1" 200 124
192.168.56.1 - - [23/Dec/2014:17:53:21 +0600] "GET /webservice/escenic/lock/article/14 HTTP/1.1" 200 1083
192.168.56.1 - - [23/Dec/2014:17:53:23 +0600] "GET /webservice/escenic/section/1 HTTP/1.1" 304 -
192.168.56.1 - - [23/Dec/2014:17:53:23 +0600] "OPTIONS /webservice/content/com.escenic.index-page/1 HTTP/1.1" 200 -
192.168.56.1 - - [23/Dec/2014:17:53:23 +0600] "GET /webservice/escenic/lock/article/14 HTTP/1.1" 200 1083
192.168.56.1 - - [23/Dec/2014:17:53:24 +0600] "GET /webservice/escenic/content/14 HTTP/1.1" 304 -
127.0.0.1 - - [23/Dec/2014:17:53:24 +0600] "GET /indexer-webservice/index/after/132?count=100 HTTP/1.1" 204 -
192.168.56.1 - - [23/Dec/2014:17:53:25 +0600] "GET /webservice/escenic/lock/article/14 HTTP/1.1" 200 1083
192.168.56.1 - - [23/Dec/2014:17:53:25 +0600] "GET /webservice/escenic/changelog/inbox/2/after/132?count=10 HTTP/1.1" 200 440
192.168.56.1 - - [23/Dec/2014:17:53:26 +0600] "GET /webservice/escenic/changelog/inbox/2/before/14?count=10 HTTP/1.1" 200 442
192.168.56.1 - - [23/Dec/2014:17:53:26 +0600] "GET /webservice/escenic/lock/article/14 HTTP/1.1" 200 1083
192.168.56.1 - - [23/Dec/2014:17:53:29 +0600] "GET /webservice/escenic/section/1 HTTP/1.1" 304 -
192.168.56.1 - - [23/Dec/2014:17:53:29 +0600] "OPTIONS /webservice/content/com.escenic.index-page/1 HTTP/1.1" 200 -
192.168.56.1 - - [23/Dec/2014:17:53:29 +0600] "GET /webservice/escenic/lock/article/14 HTTP/1.1" 200 1083
127.0.0.1 - - [23/Dec/2014:17:53:29 +0600] "GET /indexer-webservice/index/after/132?count=100 HTTP/1.1" 204 -
192.168.56.1 - - [23/Dec/2014:17:53:30 +0600] "GET /webservice/escenic/content/14 HTTP/1.1" 304 -
192.168.56.1 - - [23/Dec/2014:17:53:31 +0600] "HEAD /webservice/escenic/content/14 HTTP/1.1" 200 -
192.168.56.1 - - [23/Dec/2014:17:53:31 +0600] "GET /webservice/escenic/lock/article/14 HTTP/1.1" 200 1083
192.168.56.1 - - [23/Dec/2014:17:53:31 +0600] "GET /webservice/publication/demo/usage/article/14 HTTP/1.1" 200 124
192.168.56.1 - - [23/Dec/2014:17:53:31 +0600] "GET /webservice/escenic/changelog/inbox/2/after/132?count=10 HTTP/1.1" 200 440
192.168.56.1 - - [23/Dec/2014:17:53:32 +0600] "GET /webservice/escenic/changelog/inbox/2/before/14?count=10 HTTP/1.1" 200 442
192.168.56.1 - - [23/Dec/2014:17:53:32 +0600] "GET /webservice/escenic/lock/article/14 HTTP/1.1" 200 1083
127.0.0.1 - - [23/Dec/2014:17:53:33 +0600] "GET /indexer-webservice/index/before/-98?count=100 HTTP/1.1" 204 -
127.0.0.1 - - [23/Dec/2014:17:53:34 +0600] "GET /indexer-webservice/index/after/132?count=100 HTTP/1.1" 204 -
192.168.56.1 - - [23/Dec/2014:17:53:35 +0600] "GET /webservice/escenic/section/1 HTTP/1.1" 304 -
192.168.56.1 - - [23/Dec/2014:17:53:35 +0600] "OPTIONS /webservice/content/com.escenic.index-page/1 HTTP/1.1" 200 -
192.168.56.1 - - [23/Dec/2014:17:53:35 +0600] "GET /webservice/escenic/lock/article/14 HTTP/1.1" 200 1083
192.168.56.1 - - [23/Dec/2014:17:53:35 +0600] "GET /webservice/escenic/content/14 HTTP/1.1" 304 -
192.168.56.1 - - [23/Dec/2014:17:53:37 +0600] "GET /webservice/escenic/lock/article/14 HTTP/1.1" 200 1083
192.168.56.1 - - [23/Dec/2014:17:53:38 +0600] "GET /webservice/escenic/changelog/inbox/2/after/132?count=10 HTTP/1.1" 200 440
192.168.56.1 - - [23/Dec/2014:17:53:38 +0600] "GET /webservice/escenic/changelog/inbox/2/before/14?count=10 HTTP/1.1" 200 442
192.168.56.1 - - [23/Dec/2014:17:53:39 +0600] "GET /webservice/escenic/lock/article/14 HTTP/1.1" 200 1083
127.0.0.1 - - [23/Dec/2014:17:53:39 +0600] "GET /indexer-webservice/index/after/132?count=100 HTTP/1.1" 204 -
192.168.56.1 - - [23/Dec/2014:17:53:41 +0600] "GET /webservice/escenic/section/1 HTTP/1.1" 304 -
192.168.56.1 - - [23/Dec/2014:17:53:41 +0600] "OPTIONS /webservice/content/com.escenic.index-page/1 HTTP/1.1" 200 -
192.168.56.1 - - [23/Dec/2014:17:53:41 +0600] "GET /webservice/escenic/lock/article/14 HTTP/1.1" 200 1083
192.168.56.1 - - [23/Dec/2014:17:53:42 +0600] "GET /webservice/escenic/content/14 HTTP/1.1" 304 -
192.168.56.1 - - [23/Dec/2014:17:53:42 +0600] "HEAD /webservice/escenic/content/14 HTTP/1.1" 200 -
192.168.56.1 - - [23/Dec/2014:17:53:42 +0600] "GET /webservice/publication/demo/usage/article/14 HTTP/1.1" 200 124
192.168.56.1 - - [23/Dec/2014:17:53:43 +0600] "GET /webservice/escenic/lock/article/14 HTTP/1.1" 200 1083
192.168.56.1 - - [23/Dec/2014:17:53:43 +0600] "GET /webservice/escenic/changelog/inbox/2/after/132?count=10 HTTP/1.1" 200 440
192.168.56.1 - - [23/Dec/2014:17:53:44 +0600] "GET /webservice/escenic/changelog/inbox/2/before/14?count=10 HTTP/1.1" 200 442
127.0.0.1 - - [23/Dec/2014:17:53:44 +0600] "GET /indexer-webservice/index/after/132?count=100 HTTP/1.1" 204 -
192.168.56.1 - - [23/Dec/2014:17:53:44 +0600] "GET /webservice/escenic/lock/article/14 HTTP/1.1" 200 1083
192.168.56.1 - - [23/Dec/2014:17:53:45 +0600] "PUT /webservice/escenic/content/14 HTTP/1.1" 204 -
192.168.56.1 - - [23/Dec/2014:17:53:45 +0600] "GET /webservice/escenic/content/14 HTTP/1.1" 200 4021
192.168.56.1 - - [23/Dec/2014:17:53:46 +0600] "GET /webservice/escenic/publication/demo/ HTTP/1.1" 304 -
192.168.56.1 - - [23/Dec/2014:17:53:45 +0600] "GET /webservice/escenic/section/2 HTTP/1.1" 304 -
192.168.56.1 - - [23/Dec/2014:17:53:45 +0600] "GET /webservice/escenic/section/1 HTTP/1.1" 304 -
192.168.56.1 - - [23/Dec/2014:17:53:46 +0600] "DELETE /webservice/escenic/lock/article/14/private/8k HTTP/1.1" 204 -
192.168.56.1 - - [23/Dec/2014:17:53:46 +0600] "GET /webservice-extensions/core/article-history/bundle/ArticleHistory.properties?_=1419314026754 HTTP/1.1" 200 325
192.168.56.1 - - [23/Dec/2014:17:53:46 +0600] "GET /webservice-extensions/core/article-history/bundle/ArticleHistory_en.properties?_=1419314026764 HTTP/1.1" 404 87
192.168.56.1 - - [23/Dec/2014:17:53:46 +0600] "GET /webservice/escenic/content/14/log/?count=10 HTTP/1.1" 200 1565
192.168.56.1 - - [23/Dec/2014:17:53:45 +0600] "GET /webservice/escenic/section/1 HTTP/1.1" 304 -
192.168.56.1 - - [23/Dec/2014:17:53:46 +0600] "GET /webservice/escenic/section/2 HTTP/1.1" 304 -
192.168.56.1 - - [23/Dec/2014:17:53:47 +0600] "GET /webservice/escenic/section/1 HTTP/1.1" 304 -
192.168.56.1 - - [23/Dec/2014:17:53:47 +0600] "GET /webservice/escenic/lock/article/14 HTTP/1.1" 200 325
192.168.56.1 - - [23/Dec/2014:17:53:47 +0600] "OPTIONS /webservice/content/com.escenic.index-page/1 HTTP/1.1" 200 -
192.168.56.1 - - [23/Dec/2014:17:53:47 +0600] "GET /webservice/escenic/content/14 HTTP/1.1" 304 -
192.168.56.1 - - [23/Dec/2014:17:53:49 +0600] "GET /webservice/escenic/lock/article/14 HTTP/1.1" 200 325
127.0.0.1 - - [23/Dec/2014:17:53:49 +0600] "GET /indexer-webservice/index/after/132?count=100 HTTP/1.1" 200 1398
127.0.0.1 - - [23/Dec/2014:17:53:49 +0600] "GET /indexer-webservice/index/after/133?count=100 HTTP/1.1" 204 -
127.0.0.1 - - [23/Dec/2014:17:53:49 +0600] "POST /solr/update/ HTTP/1.1" 200 147
192.168.56.1 - - [23/Dec/2014:17:53:50 +0600] "GET /webservice/escenic/changelog/inbox/2/after/132?count=10 HTTP/1.1" 200 4539
192.168.56.1 - - [23/Dec/2014:17:53:50 +0600] "GET /webservice/escenic/changelog/inbox/2/after/133?count=10 HTTP/1.1" 200 440
192.168.56.1 - - [23/Dec/2014:17:53:50 +0600] "GET /webservice/escenic/changelog/inbox/2/before/14?count=10 HTTP/1.1" 200 442
192.168.56.1 - - [23/Dec/2014:17:53:50 +0600] "GET /webservice/escenic/lock/article/14 HTTP/1.1" 200 325
192.168.56.1 - - [23/Dec/2014:17:53:53 +0600] "GET /webservice/escenic/section/1 HTTP/1.1" 304 -
192.168.56.1 - - [23/Dec/2014:17:53:53 +0600] "OPTIONS /webservice/content/com.escenic.index-page/1 HTTP/1.1" 200 -
192.168.56.1 - - [23/Dec/2014:17:53:53 +0600] "HEAD /webservice/escenic/content/14 HTTP/1.1" 200 -
192.168.56.1 - - [23/Dec/2014:17:53:53 +0600] "GET /webservice/escenic/lock/article/14 HTTP/1.1" 200 325
192.168.56.1 - - [23/Dec/2014:17:53:53 +0600] "GET /webservice/publication/demo/usage/article/14 HTTP/1.1" 200 124
192.168.56.1 - - [23/Dec/2014:17:53:54 +0600] "GET /webservice/escenic/content/14 HTTP/1.1" 304 -
127.0.0.1 - - [23/Dec/2014:17:53:54 +0600] "GET /indexer-webservice/index/after/133?count=100 HTTP/1.1" 204 -
192.168.56.1 - - [23/Dec/2014:17:53:55 +0600] "GET /webservice/escenic/lock/article/14 HTTP/1.1" 200 325
192.168.56.1 - - [23/Dec/2014:17:53:55 +0600] "GET /webservice/escenic/changelog/inbox/2/after/133?count=10 HTTP/1.1" 200 440
192.168.56.1 - - [23/Dec/2014:17:53:56 +0600] "GET /webservice/escenic/changelog/inbox/2/before/14?count=10 HTTP/1.1" 200 442
192.168.56.1 - - [23/Dec/2014:17:53:56 +0600] "GET /webservice/escenic/lock/article/14 HTTP/1.1" 200 325
192.168.56.1 - - [23/Dec/2014:17:53:59 +0600] "GET /webservice/escenic/section/1 HTTP/1.1" 304 -
192.168.56.1 - - [23/Dec/2014:17:53:59 +0600] "OPTIONS /webservice/content/com.escenic.index-page/1 HTTP/1.1" 200 -
192.168.56.1 - - [23/Dec/2014:17:53:59 +0600] "GET /webservice/escenic/lock/article/14 HTTP/1.1" 200 325
127.0.0.1 - - [23/Dec/2014:17:53:59 +0600] "GET /indexer-webservice/index/after/133?count=100 HTTP/1.1" 204 -
192.168.56.1 - - [23/Dec/2014:17:54:00 +0600] "GET /webservice/escenic/content/14 HTTP/1.1" 304 -
192.168.56.1 - - [23/Dec/2014:17:54:01 +0600] "GET /webservice/escenic/lock/article/14 HTTP/1.1" 200 325
192.168.56.1 - - [23/Dec/2014:17:54:01 +0600] "GET /webservice/escenic/changelog/inbox/2/after/133?count=10 HTTP/1.1" 200 440
192.168.56.1 - - [23/Dec/2014:17:54:02 +0600] "GET /webservice/escenic/changelog/inbox/2/before/14?count=10 HTTP/1.1" 200 442
192.168.56.1 - - [23/Dec/2014:17:54:02 +0600] "GET /webservice/escenic/lock/article/14 HTTP/1.1" 200 325
192.168.56.1 - - [23/Dec/2014:17:54:04 +0600] "HEAD /webservice/escenic/content/14 HTTP/1.1" 200 -
192.168.56.1 - - [23/Dec/2014:17:54:04 +0600] "GET /webservice/publication/demo/usage/article/14 HTTP/1.1" 200 124
127.0.0.1 - - [23/Dec/2014:17:54:04 +0600] "GET /indexer-webservice/index/after/133?count=100 HTTP/1.1" 204 -
192.168.56.1 - - [23/Dec/2014:17:54:04 +0600] "GET /webservice/escenic/section/1 HTTP/1.1" 304 -
192.168.56.1 - - [23/Dec/2014:17:54:04 +0600] "OPTIONS /webservice/content/com.escenic.index-page/1 HTTP/1.1" 200 -
192.168.56.1 - - [23/Dec/2014:17:54:05 +0600] "GET /webservice/escenic/lock/article/14 HTTP/1.1" 200 325
192.168.56.1 - - [23/Dec/2014:17:54:05 +0600] "GET /webservice/escenic/content/14 HTTP/1.1" 304 -
192.168.56.1 - - [23/Dec/2014:17:54:07 +0600] "GET /webservice/escenic/lock/article/14 HTTP/1.1" 200 325
192.168.56.1 - - [23/Dec/2014:17:54:07 +0600] "GET /webservice/escenic/changelog/inbox/2/after/133?count=10 HTTP/1.1" 200 440
192.168.56.1 - - [23/Dec/2014:17:54:08 +0600] "GET /webservice/escenic/changelog/inbox/2/before/14?count=10 HTTP/1.1" 200 442
192.168.56.1 - - [23/Dec/2014:17:54:08 +0600] "GET /webservice/escenic/lock/article/14 HTTP/1.1" 200 325
127.0.0.1 - - [23/Dec/2014:17:54:09 +0600] "GET /indexer-webservice/index/after/133?count=100 HTTP/1.1" 204 -
192.168.56.1 - - [23/Dec/2014:17:54:11 +0600] "GET /webservice/escenic/section/1 HTTP/1.1" 304 -
192.168.56.1 - - [23/Dec/2014:17:54:11 +0600] "OPTIONS /webservice/content/com.escenic.index-page/1 HTTP/1.1" 200 -
192.168.56.1 - - [23/Dec/2014:17:54:11 +0600] "GET /webservice/escenic/lock/article/14 HTTP/1.1" 200 325
192.168.56.1 - - [23/Dec/2014:17:54:12 +0600] "GET /webservice/escenic/content/14 HTTP/1.1" 304 -
192.168.56.1 - - [23/Dec/2014:17:54:13 +0600] "GET /webservice/escenic/lock/article/14 HTTP/1.1" 200 325
192.168.56.1 - - [23/Dec/2014:17:54:13 +0600] "GET /webservice/escenic/changelog/inbox/2/after/133?count=10 HTTP/1.1" 200 440
192.168.56.1 - - [23/Dec/2014:17:54:14 +0600] "GET /webservice/escenic/changelog/inbox/2/before/14?count=10 HTTP/1.1" 200 442
127.0.0.1 - - [23/Dec/2014:17:54:14 +0600] "GET /indexer-webservice/index/after/133?count=100 HTTP/1.1" 204 -
192.168.56.1 - - [23/Dec/2014:17:54:15 +0600] "HEAD /webservice/escenic/content/14 HTTP/1.1" 200 -
192.168.56.1 - - [23/Dec/2014:17:54:14 +0600] "GET /webservice/escenic/lock/article/14 HTTP/1.1" 200 325
192.168.56.1 - - [23/Dec/2014:17:54:15 +0600] "GET /webservice/publication/demo/usage/article/14 HTTP/1.1" 200 124
192.168.56.1 - - [23/Dec/2014:17:54:17 +0600] "GET /webservice/escenic/section/1 HTTP/1.1" 304 -
192.168.56.1 - - [23/Dec/2014:17:54:17 +0600] "GET /webservice/escenic/lock/article/14 HTTP/1.1" 200 325
192.168.56.1 - - [23/Dec/2014:17:54:17 +0600] "OPTIONS /webservice/content/com.escenic.index-page/1 HTTP/1.1" 200 -
192.168.56.1 - - [23/Dec/2014:17:54:17 +0600] "GET /webservice/escenic/content/14 HTTP/1.1" 304 -
192.168.56.1 - - [23/Dec/2014:17:54:19 +0600] "GET /webservice/escenic/lock/article/14 HTTP/1.1" 200 325
127.0.0.1 - - [23/Dec/2014:17:54:19 +0600] "GET /indexer-webservice/index/after/133?count=100 HTTP/1.1" 204 -
192.168.56.1 - - [23/Dec/2014:17:54:19 +0600] "GET /webservice/escenic/changelog/inbox/2/after/133?count=10 HTTP/1.1" 200 440
192.168.56.1 - - [23/Dec/2014:17:54:20 +0600] "GET /webservice/escenic/changelog/inbox/2/before/14?count=10 HTTP/1.1" 200 442
192.168.56.1 - - [23/Dec/2014:17:54:20 +0600] "GET /webservice/escenic/lock/article/14 HTTP/1.1" 200 325
192.168.56.1 - - [23/Dec/2014:17:54:23 +0600] "GET /webservice/escenic/section/1 HTTP/1.1" 304 -
192.168.56.1 - - [23/Dec/2014:17:54:23 +0600] "OPTIONS /webservice/content/com.escenic.index-page/1 HTTP/1.1" 200 -
192.168.56.1 - - [23/Dec/2014:17:54:23 +0600] "GET /webservice/escenic/lock/article/14 HTTP/1.1" 200 325
192.168.56.1 - - [23/Dec/2014:17:54:23 +0600] "GET /webservice/escenic/content/14 HTTP/1.1" 304 -
127.0.0.1 - - [23/Dec/2014:17:54:24 +0600] "GET /indexer-webservice/index/after/133?count=100 HTTP/1.1" 204 -
