192.168.56.1 - - [23/Dec/2014:18:07:29 +0600] "GET /webservice/escenic/changelog/inbox/2/after/133?count=10 HTTP/1.1" 200 440
192.168.56.1 - - [23/Dec/2014:18:07:29 +0600] "OPTIONS /webservice/content/com.escenic.index-page/1 HTTP/1.1" 200 -
192.168.56.1 - - [23/Dec/2014:18:07:29 +0600] "GET /webservice/escenic/changelog/inbox/2/before/14?count=10 HTTP/1.1" 200 442
192.168.56.1 - - [23/Dec/2014:18:07:29 +0600] "GET /webservice/escenic/lock/article/14 HTTP/1.1" 200 1083
192.168.56.1 - - [23/Dec/2014:18:07:31 +0600] "GET /webservice/escenic/lock/article/14 HTTP/1.1" 200 1083
192.168.56.1 - - [23/Dec/2014:18:07:33 +0600] "GET /webservice/escenic/lock/article/14 HTTP/1.1" 200 1083
127.0.0.1 - - [23/Dec/2014:18:07:33 +0600] "GET /indexer-webservice/index/after/133?count=100 HTTP/1.1" 204 -
192.168.56.1 - - [23/Dec/2014:18:07:35 +0600] "GET /webservice/escenic/section/1 HTTP/1.1" 304 -
192.168.56.1 - - [23/Dec/2014:18:07:35 +0600] "OPTIONS /webservice/content/com.escenic.index-page/1 HTTP/1.1" 200 -
192.168.56.1 - - [23/Dec/2014:18:07:35 +0600] "GET /webservice/escenic/content/14 HTTP/1.1" 304 -
192.168.56.1 - - [23/Dec/2014:18:07:35 +0600] "GET /webservice/escenic/changelog/inbox/2/after/133?count=10 HTTP/1.1" 200 440
192.168.56.1 - - [23/Dec/2014:18:07:35 +0600] "GET /webservice/escenic/changelog/inbox/2/before/14?count=10 HTTP/1.1" 200 442
192.168.56.1 - - [23/Dec/2014:18:07:35 +0600] "GET /webservice/escenic/lock/article/14 HTTP/1.1" 200 1083
192.168.56.1 - - [23/Dec/2014:18:07:37 +0600] "GET /webservice/escenic/lock/article/14 HTTP/1.1" 200 1083
192.168.56.1 - - [23/Dec/2014:18:07:37 +0600] "HEAD /webservice/escenic/content/14 HTTP/1.1" 200 -
192.168.56.1 - - [23/Dec/2014:18:07:38 +0600] "GET /webservice/publication/demo/usage/article/14 HTTP/1.1" 200 124
127.0.0.1 - - [23/Dec/2014:18:07:38 +0600] "GET /indexer-webservice/index/after/133?count=100 HTTP/1.1" 204 -
192.168.56.1 - - [23/Dec/2014:18:07:38 +0600] "GET /webservice/escenic/lock/article/14 HTTP/1.1" 200 1083
192.168.56.1 - - [23/Dec/2014:18:07:41 +0600] "GET /webservice/escenic/section/1 HTTP/1.1" 304 -
192.168.56.1 - - [23/Dec/2014:18:07:41 +0600] "OPTIONS /webservice/content/com.escenic.index-page/1 HTTP/1.1" 200 -
192.168.56.1 - - [23/Dec/2014:18:07:41 +0600] "GET /webservice/escenic/content/14 HTTP/1.1" 304 -
192.168.56.1 - - [23/Dec/2014:18:07:41 +0600] "GET /webservice/escenic/changelog/inbox/2/after/133?count=10 HTTP/1.1" 200 440
192.168.56.1 - - [23/Dec/2014:18:07:41 +0600] "GET /webservice/escenic/changelog/inbox/2/before/14?count=10 HTTP/1.1" 200 442
192.168.56.1 - - [23/Dec/2014:18:07:41 +0600] "GET /webservice/escenic/lock/article/14 HTTP/1.1" 200 1083
192.168.56.1 - - [23/Dec/2014:18:07:43 +0600] "GET /webservice/escenic/lock/article/14 HTTP/1.1" 200 1083
127.0.0.1 - - [23/Dec/2014:18:07:43 +0600] "GET /indexer-webservice/index/after/133?count=100 HTTP/1.1" 204 -
192.168.56.1 - - [23/Dec/2014:18:07:45 +0600] "GET /webservice/escenic/lock/article/14 HTTP/1.1" 200 1083
192.168.56.1 - - [23/Dec/2014:18:07:47 +0600] "GET /webservice/escenic/section/1 HTTP/1.1" 304 -
192.168.56.1 - - [23/Dec/2014:18:07:47 +0600] "OPTIONS /webservice/content/com.escenic.index-page/1 HTTP/1.1" 200 -
192.168.56.1 - - [23/Dec/2014:18:07:47 +0600] "GET /webservice/escenic/content/14 HTTP/1.1" 304 -
192.168.56.1 - - [23/Dec/2014:18:07:47 +0600] "GET /webservice/escenic/changelog/inbox/2/after/133?count=10 HTTP/1.1" 200 440
192.168.56.1 - - [23/Dec/2014:18:07:47 +0600] "GET /webservice/escenic/changelog/inbox/2/before/14?count=10 HTTP/1.1" 200 442
192.168.56.1 - - [23/Dec/2014:18:07:47 +0600] "GET /webservice/escenic/lock/article/14 HTTP/1.1" 200 1083
127.0.0.1 - - [23/Dec/2014:18:07:48 +0600] "GET /indexer-webservice/index/after/133?count=100 HTTP/1.1" 204 -
192.168.56.1 - - [23/Dec/2014:18:07:49 +0600] "HEAD /webservice/escenic/content/14 HTTP/1.1" 200 -
192.168.56.1 - - [23/Dec/2014:18:07:49 +0600] "GET /webservice/escenic/lock/article/14 HTTP/1.1" 200 1083
192.168.56.1 - - [23/Dec/2014:18:07:49 +0600] "GET /webservice/publication/demo/usage/article/14 HTTP/1.1" 200 124
192.168.56.1 - - [23/Dec/2014:18:07:51 +0600] "GET /webservice/escenic/lock/article/14 HTTP/1.1" 200 1083
192.168.56.1 - - [23/Dec/2014:18:07:53 +0600] "GET /webservice/escenic/section/1 HTTP/1.1" 304 -
192.168.56.1 - - [23/Dec/2014:18:07:53 +0600] "OPTIONS /webservice/content/com.escenic.index-page/1 HTTP/1.1" 200 -
192.168.56.1 - - [23/Dec/2014:18:07:53 +0600] "GET /webservice/escenic/content/14 HTTP/1.1" 304 -
192.168.56.1 - - [23/Dec/2014:18:07:53 +0600] "GET /webservice/escenic/changelog/inbox/2/after/133?count=10 HTTP/1.1" 200 440
192.168.56.1 - - [23/Dec/2014:18:07:53 +0600] "GET /webservice/escenic/changelog/inbox/2/before/14?count=10 HTTP/1.1" 200 442
192.168.56.1 - - [23/Dec/2014:18:07:53 +0600] "GET /webservice/escenic/lock/article/14 HTTP/1.1" 200 1083
127.0.0.1 - - [23/Dec/2014:18:07:53 +0600] "GET /indexer-webservice/index/after/133?count=100 HTTP/1.1" 204 -
192.168.56.1 - - [23/Dec/2014:18:07:55 +0600] "GET /webservice/escenic/lock/article/14 HTTP/1.1" 200 1083
192.168.56.1 - - [23/Dec/2014:18:07:57 +0600] "GET /webservice/escenic/lock/article/14 HTTP/1.1" 200 1083
127.0.0.1 - - [23/Dec/2014:18:07:58 +0600] "GET /indexer-webservice/index/before/-98?count=100 HTTP/1.1" 204 -
127.0.0.1 - - [23/Dec/2014:18:07:58 +0600] "GET /indexer-webservice/index/after/133?count=100 HTTP/1.1" 204 -
192.168.56.1 - - [23/Dec/2014:18:07:59 +0600] "GET /webservice/escenic/section/1 HTTP/1.1" 304 -
192.168.56.1 - - [23/Dec/2014:18:07:59 +0600] "OPTIONS /webservice/content/com.escenic.index-page/1 HTTP/1.1" 200 -
192.168.56.1 - - [23/Dec/2014:18:07:59 +0600] "GET /webservice/escenic/content/14 HTTP/1.1" 304 -
192.168.56.1 - - [23/Dec/2014:18:07:59 +0600] "GET /webservice/escenic/changelog/inbox/2/after/133?count=10 HTTP/1.1" 200 440
192.168.56.1 - - [23/Dec/2014:18:07:59 +0600] "GET /webservice/escenic/changelog/inbox/2/before/14?count=10 HTTP/1.1" 200 442
192.168.56.1 - - [23/Dec/2014:18:07:59 +0600] "GET /webservice/escenic/lock/article/14 HTTP/1.1" 200 1083
192.168.56.1 - - [23/Dec/2014:18:08:00 +0600] "HEAD /webservice/escenic/content/14 HTTP/1.1" 200 -
192.168.56.1 - - [23/Dec/2014:18:08:00 +0600] "GET /webservice/publication/demo/usage/article/14 HTTP/1.1" 200 124
192.168.56.1 - - [23/Dec/2014:18:08:01 +0600] "GET /webservice/escenic/lock/article/14 HTTP/1.1" 200 1083
192.168.56.1 - - [23/Dec/2014:18:08:03 +0600] "GET /webservice/escenic/lock/article/14 HTTP/1.1" 200 1083
127.0.0.1 - - [23/Dec/2014:18:08:03 +0600] "GET /indexer-webservice/index/after/133?count=100 HTTP/1.1" 204 -
192.168.56.1 - - [23/Dec/2014:18:08:05 +0600] "GET /webservice/escenic/section/1 HTTP/1.1" 304 -
192.168.56.1 - - [23/Dec/2014:18:08:05 +0600] "OPTIONS /webservice/content/com.escenic.index-page/1 HTTP/1.1" 200 -
192.168.56.1 - - [23/Dec/2014:18:08:05 +0600] "GET /webservice/escenic/content/14 HTTP/1.1" 304 -
192.168.56.1 - - [23/Dec/2014:18:08:05 +0600] "GET /webservice/escenic/changelog/inbox/2/after/133?count=10 HTTP/1.1" 200 440
192.168.56.1 - - [23/Dec/2014:18:08:05 +0600] "GET /webservice/escenic/changelog/inbox/2/before/14?count=10 HTTP/1.1" 200 442
192.168.56.1 - - [23/Dec/2014:18:08:05 +0600] "GET /webservice/escenic/lock/article/14 HTTP/1.1" 200 1083
192.168.56.1 - - [23/Dec/2014:18:08:07 +0600] "GET /webservice/escenic/lock/article/14 HTTP/1.1" 200 1083
127.0.0.1 - - [23/Dec/2014:18:08:08 +0600] "GET /indexer-webservice/index/after/133?count=100 HTTP/1.1" 204 -
192.168.56.1 - - [23/Dec/2014:18:08:09 +0600] "GET /webservice/escenic/lock/article/14 HTTP/1.1" 200 1083
192.168.56.1 - - [23/Dec/2014:18:08:11 +0600] "GET /webservice/escenic/section/1 HTTP/1.1" 304 -
192.168.56.1 - - [23/Dec/2014:18:08:11 +0600] "OPTIONS /webservice/content/com.escenic.index-page/1 HTTP/1.1" 200 -
192.168.56.1 - - [23/Dec/2014:18:08:11 +0600] "GET /webservice/escenic/content/14 HTTP/1.1" 304 -
192.168.56.1 - - [23/Dec/2014:18:08:11 +0600] "GET /webservice/escenic/changelog/inbox/2/after/133?count=10 HTTP/1.1" 200 440
192.168.56.1 - - [23/Dec/2014:18:08:11 +0600] "HEAD /webservice/escenic/content/14 HTTP/1.1" 200 -
192.168.56.1 - - [23/Dec/2014:18:08:11 +0600] "GET /webservice/escenic/changelog/inbox/2/before/14?count=10 HTTP/1.1" 200 442
192.168.56.1 - - [23/Dec/2014:18:08:11 +0600] "GET /webservice/publication/demo/usage/article/14 HTTP/1.1" 200 124
192.168.56.1 - - [23/Dec/2014:18:08:11 +0600] "GET /webservice/escenic/lock/article/14 HTTP/1.1" 200 1083
192.168.56.1 - - [23/Dec/2014:18:08:13 +0600] "GET /webservice/escenic/lock/article/14 HTTP/1.1" 200 1083
127.0.0.1 - - [23/Dec/2014:18:08:13 +0600] "GET /indexer-webservice/index/after/133?count=100 HTTP/1.1" 204 -
192.168.56.1 - - [23/Dec/2014:18:08:15 +0600] "GET /webservice/escenic/lock/article/14 HTTP/1.1" 200 1083
192.168.56.1 - - [23/Dec/2014:18:08:17 +0600] "GET /webservice/escenic/section/1 HTTP/1.1" 304 -
192.168.56.1 - - [23/Dec/2014:18:08:17 +0600] "OPTIONS /webservice/content/com.escenic.index-page/1 HTTP/1.1" 200 -
192.168.56.1 - - [23/Dec/2014:18:08:17 +0600] "GET /webservice/escenic/content/14 HTTP/1.1" 304 -
192.168.56.1 - - [23/Dec/2014:18:08:17 +0600] "GET /webservice/escenic/changelog/inbox/2/after/133?count=10 HTTP/1.1" 200 440
192.168.56.1 - - [23/Dec/2014:18:08:17 +0600] "GET /webservice/escenic/changelog/inbox/2/before/14?count=10 HTTP/1.1" 200 442
192.168.56.1 - - [23/Dec/2014:18:08:17 +0600] "GET /webservice/escenic/lock/article/14 HTTP/1.1" 200 1083
127.0.0.1 - - [23/Dec/2014:18:08:18 +0600] "GET /indexer-webservice/index/after/133?count=100 HTTP/1.1" 204 -
192.168.56.1 - - [23/Dec/2014:18:08:19 +0600] "GET /webservice/escenic/lock/article/14 HTTP/1.1" 200 1083
192.168.56.1 - - [23/Dec/2014:18:08:21 +0600] "GET /webservice/escenic/lock/article/14 HTTP/1.1" 200 1083
192.168.56.1 - - [23/Dec/2014:18:08:21 +0600] "HEAD /webservice/escenic/content/14 HTTP/1.1" 200 -
192.168.56.1 - - [23/Dec/2014:18:08:22 +0600] "GET /webservice/publication/demo/usage/article/14 HTTP/1.1" 200 124
192.168.56.1 - - [23/Dec/2014:18:08:22 +0600] "GET /webservice/escenic/section/1 HTTP/1.1" 304 -
192.168.56.1 - - [23/Dec/2014:18:08:22 +0600] "OPTIONS /webservice/content/com.escenic.index-page/1 HTTP/1.1" 200 -
192.168.56.1 - - [23/Dec/2014:18:08:23 +0600] "GET /webservice/escenic/content/14 HTTP/1.1" 304 -
192.168.56.1 - - [23/Dec/2014:18:08:22 +0600] "GET /webservice/escenic/changelog/inbox/2/after/133?count=10 HTTP/1.1" 200 440
192.168.56.1 - - [23/Dec/2014:18:08:22 +0600] "GET /webservice/escenic/changelog/inbox/2/before/14?count=10 HTTP/1.1" 200 442
192.168.56.1 - - [23/Dec/2014:18:08:23 +0600] "GET /webservice/escenic/lock/article/14 HTTP/1.1" 200 1083
127.0.0.1 - - [23/Dec/2014:18:08:23 +0600] "GET /indexer-webservice/index/after/133?count=100 HTTP/1.1" 204 -
192.168.56.1 - - [23/Dec/2014:18:08:25 +0600] "GET /webservice/escenic/lock/article/14 HTTP/1.1" 200 1083
192.168.56.1 - - [23/Dec/2014:18:08:27 +0600] "GET /webservice/escenic/lock/article/14 HTTP/1.1" 200 1083
127.0.0.1 - - [23/Dec/2014:18:08:28 +0600] "GET /indexer-webservice/index/after/133?count=100 HTTP/1.1" 204 -
192.168.56.1 - - [23/Dec/2014:18:08:29 +0600] "GET /webservice/escenic/section/1 HTTP/1.1" 304 -
192.168.56.1 - - [23/Dec/2014:18:08:29 +0600] "OPTIONS /webservice/content/com.escenic.index-page/1 HTTP/1.1" 200 -
192.168.56.1 - - [23/Dec/2014:18:08:29 +0600] "GET /webservice/escenic/content/14 HTTP/1.1" 304 -
192.168.56.1 - - [23/Dec/2014:18:08:29 +0600] "GET /webservice/escenic/changelog/inbox/2/after/133?count=10 HTTP/1.1" 200 440
192.168.56.1 - - [23/Dec/2014:18:08:29 +0600] "GET /webservice/escenic/changelog/inbox/2/before/14?count=10 HTTP/1.1" 200 442
192.168.56.1 - - [23/Dec/2014:18:08:29 +0600] "GET /webservice/escenic/lock/article/14 HTTP/1.1" 200 1083
192.168.56.1 - - [23/Dec/2014:18:08:31 +0600] "GET /webservice/escenic/lock/article/14 HTTP/1.1" 200 1083
192.168.56.1 - - [23/Dec/2014:18:08:33 +0600] "HEAD /webservice/escenic/content/14 HTTP/1.1" 200 -
192.168.56.1 - - [23/Dec/2014:18:08:33 +0600] "GET /webservice/escenic/lock/article/14 HTTP/1.1" 200 1083
192.168.56.1 - - [23/Dec/2014:18:08:33 +0600] "GET /webservice/publication/demo/usage/article/14 HTTP/1.1" 200 124
127.0.0.1 - - [23/Dec/2014:18:08:33 +0600] "GET /indexer-webservice/index/after/133?count=100 HTTP/1.1" 204 -
192.168.56.1 - - [23/Dec/2014:18:08:35 +0600] "GET /webservice/escenic/section/1 HTTP/1.1" 304 -
192.168.56.1 - - [23/Dec/2014:18:08:35 +0600] "OPTIONS /webservice/content/com.escenic.index-page/1 HTTP/1.1" 200 -
192.168.56.1 - - [23/Dec/2014:18:08:35 +0600] "GET /webservice/escenic/content/14 HTTP/1.1" 304 -
192.168.56.1 - - [23/Dec/2014:18:08:35 +0600] "GET /webservice/escenic/changelog/inbox/2/after/133?count=10 HTTP/1.1" 200 440
192.168.56.1 - - [23/Dec/2014:18:08:35 +0600] "GET /webservice/escenic/changelog/inbox/2/before/14?count=10 HTTP/1.1" 200 442
192.168.56.1 - - [23/Dec/2014:18:08:35 +0600] "GET /webservice/escenic/lock/article/14 HTTP/1.1" 200 1083
192.168.56.1 - - [23/Dec/2014:18:08:37 +0600] "GET /webservice/escenic/lock/article/14 HTTP/1.1" 200 1083
127.0.0.1 - - [23/Dec/2014:18:08:38 +0600] "GET /indexer-webservice/index/after/133?count=100 HTTP/1.1" 204 -
192.168.56.1 - - [23/Dec/2014:18:08:39 +0600] "GET /webservice/escenic/lock/article/14 HTTP/1.1" 200 1083
192.168.56.1 - - [23/Dec/2014:18:08:41 +0600] "GET /webservice/escenic/section/1 HTTP/1.1" 304 -
192.168.56.1 - - [23/Dec/2014:18:08:41 +0600] "OPTIONS /webservice/content/com.escenic.index-page/1 HTTP/1.1" 200 -
192.168.56.1 - - [23/Dec/2014:18:08:41 +0600] "GET /webservice/escenic/content/14 HTTP/1.1" 304 -
192.168.56.1 - - [23/Dec/2014:18:08:41 +0600] "GET /webservice/escenic/changelog/inbox/2/after/133?count=10 HTTP/1.1" 200 440
192.168.56.1 - - [23/Dec/2014:18:08:41 +0600] "GET /webservice/escenic/changelog/inbox/2/before/14?count=10 HTTP/1.1" 200 442
192.168.56.1 - - [23/Dec/2014:18:08:41 +0600] "GET /webservice/escenic/lock/article/14 HTTP/1.1" 200 1083
192.168.56.1 - - [23/Dec/2014:18:08:43 +0600] "GET /webservice/escenic/lock/article/14 HTTP/1.1" 200 1083
127.0.0.1 - - [23/Dec/2014:18:08:43 +0600] "GET /indexer-webservice/index/after/133?count=100 HTTP/1.1" 204 -
192.168.56.1 - - [23/Dec/2014:18:08:43 +0600] "HEAD /webservice/escenic/content/14 HTTP/1.1" 200 -
192.168.56.1 - - [23/Dec/2014:18:08:44 +0600] "GET /webservice/publication/demo/usage/article/14 HTTP/1.1" 200 124
192.168.56.1 - - [23/Dec/2014:18:08:44 +0600] "GET /webservice/escenic/lock/article/14 HTTP/1.1" 200 1083
192.168.56.1 - - [23/Dec/2014:18:08:47 +0600] "GET /webservice/escenic/section/1 HTTP/1.1" 304 -
192.168.56.1 - - [23/Dec/2014:18:08:47 +0600] "OPTIONS /webservice/content/com.escenic.index-page/1 HTTP/1.1" 200 -
192.168.56.1 - - [23/Dec/2014:18:08:47 +0600] "GET /webservice/escenic/content/14 HTTP/1.1" 304 -
192.168.56.1 - - [23/Dec/2014:18:08:47 +0600] "GET /webservice/escenic/changelog/inbox/2/after/133?count=10 HTTP/1.1" 200 440
192.168.56.1 - - [23/Dec/2014:18:08:47 +0600] "GET /webservice/escenic/changelog/inbox/2/before/14?count=10 HTTP/1.1" 200 442
192.168.56.1 - - [23/Dec/2014:18:08:47 +0600] "GET /webservice/escenic/lock/article/14 HTTP/1.1" 200 1083
127.0.0.1 - - [23/Dec/2014:18:08:48 +0600] "GET /indexer-webservice/index/after/133?count=100 HTTP/1.1" 204 -
192.168.56.1 - - [23/Dec/2014:18:08:49 +0600] "GET /webservice/escenic/lock/article/14 HTTP/1.1" 200 1083
192.168.56.1 - - [23/Dec/2014:18:08:51 +0600] "GET /webservice/escenic/lock/article/14 HTTP/1.1" 200 1083
192.168.56.1 - - [23/Dec/2014:18:08:53 +0600] "GET /webservice/escenic/section/1 HTTP/1.1" 304 -
192.168.56.1 - - [23/Dec/2014:18:08:53 +0600] "OPTIONS /webservice/content/com.escenic.index-page/1 HTTP/1.1" 200 -
192.168.56.1 - - [23/Dec/2014:18:08:53 +0600] "GET /webservice/escenic/content/14 HTTP/1.1" 304 -
192.168.56.1 - - [23/Dec/2014:18:08:53 +0600] "GET /webservice/escenic/changelog/inbox/2/after/133?count=10 HTTP/1.1" 200 440
192.168.56.1 - - [23/Dec/2014:18:08:53 +0600] "GET /webservice/escenic/changelog/inbox/2/before/14?count=10 HTTP/1.1" 200 442
192.168.56.1 - - [23/Dec/2014:18:08:53 +0600] "GET /webservice/escenic/lock/article/14 HTTP/1.1" 200 1083
127.0.0.1 - - [23/Dec/2014:18:08:53 +0600] "GET /indexer-webservice/index/after/133?count=100 HTTP/1.1" 204 -
192.168.56.1 - - [23/Dec/2014:18:08:55 +0600] "HEAD /webservice/escenic/content/14 HTTP/1.1" 200 -
192.168.56.1 - - [23/Dec/2014:18:08:55 +0600] "GET /webservice/escenic/lock/article/14 HTTP/1.1" 200 1083
192.168.56.1 - - [23/Dec/2014:18:08:55 +0600] "GET /webservice/publication/demo/usage/article/14 HTTP/1.1" 200 124
192.168.56.1 - - [23/Dec/2014:18:08:57 +0600] "GET /webservice/escenic/lock/article/14 HTTP/1.1" 200 1083
127.0.0.1 - - [23/Dec/2014:18:08:58 +0600] "GET /indexer-webservice/index/before/-98?count=100 HTTP/1.1" 204 -
127.0.0.1 - - [23/Dec/2014:18:08:58 +0600] "GET /indexer-webservice/index/after/133?count=100 HTTP/1.1" 204 -
192.168.56.1 - - [23/Dec/2014:18:08:59 +0600] "GET /webservice/escenic/section/1 HTTP/1.1" 304 -
192.168.56.1 - - [23/Dec/2014:18:08:59 +0600] "GET /webservice/escenic/content/14 HTTP/1.1" 304 -
192.168.56.1 - - [23/Dec/2014:18:08:59 +0600] "GET /webservice/escenic/changelog/inbox/2/after/133?count=10 HTTP/1.1" 200 440
192.168.56.1 - - [23/Dec/2014:18:08:59 +0600] "GET /webservice/escenic/changelog/inbox/2/before/14?count=10 HTTP/1.1" 200 442
192.168.56.1 - - [23/Dec/2014:18:08:59 +0600] "OPTIONS /webservice/content/com.escenic.index-page/1 HTTP/1.1" 200 -
192.168.56.1 - - [23/Dec/2014:18:08:59 +0600] "GET /webservice/escenic/lock/article/14 HTTP/1.1" 200 1083
192.168.56.1 - - [23/Dec/2014:18:09:01 +0600] "GET /webservice/escenic/lock/article/14 HTTP/1.1" 200 1083
192.168.56.1 - - [23/Dec/2014:18:09:03 +0600] "GET /webservice/escenic/lock/article/14 HTTP/1.1" 200 1083
127.0.0.1 - - [23/Dec/2014:18:09:03 +0600] "GET /indexer-webservice/index/after/133?count=100 HTTP/1.1" 204 -
192.168.56.1 - - [23/Dec/2014:18:09:05 +0600] "GET /webservice/escenic/section/1 HTTP/1.1" 304 -
192.168.56.1 - - [23/Dec/2014:18:09:05 +0600] "OPTIONS /webservice/content/com.escenic.index-page/1 HTTP/1.1" 200 -
192.168.56.1 - - [23/Dec/2014:18:09:05 +0600] "GET /webservice/escenic/content/14 HTTP/1.1" 304 -
192.168.56.1 - - [23/Dec/2014:18:09:05 +0600] "GET /webservice/escenic/changelog/inbox/2/after/133?count=10 HTTP/1.1" 200 440
192.168.56.1 - - [23/Dec/2014:18:09:05 +0600] "GET /webservice/escenic/changelog/inbox/2/before/14?count=10 HTTP/1.1" 200 442
192.168.56.1 - - [23/Dec/2014:18:09:05 +0600] "GET /webservice/escenic/lock/article/14 HTTP/1.1" 200 1083
192.168.56.1 - - [23/Dec/2014:18:09:06 +0600] "HEAD /webservice/escenic/content/14 HTTP/1.1" 200 -
192.168.56.1 - - [23/Dec/2014:18:09:06 +0600] "GET /webservice/publication/demo/usage/article/14 HTTP/1.1" 200 124
192.168.56.1 - - [23/Dec/2014:18:09:06 +0600] "GET /webservice/escenic/lock/article/14 HTTP/1.1" 200 1083
127.0.0.1 - - [23/Dec/2014:18:09:08 +0600] "GET /indexer-webservice/index/after/133?count=100 HTTP/1.1" 204 -
192.168.56.1 - - [23/Dec/2014:18:09:09 +0600] "GET /webservice/escenic/lock/article/14 HTTP/1.1" 200 1083
192.168.56.1 - - [23/Dec/2014:18:09:11 +0600] "GET /webservice/escenic/section/1 HTTP/1.1" 304 -
192.168.56.1 - - [23/Dec/2014:18:09:11 +0600] "OPTIONS /webservice/content/com.escenic.index-page/1 HTTP/1.1" 200 -
192.168.56.1 - - [23/Dec/2014:18:09:11 +0600] "GET /webservice/escenic/content/14 HTTP/1.1" 304 -
192.168.56.1 - - [23/Dec/2014:18:09:11 +0600] "GET /webservice/escenic/changelog/inbox/2/after/133?count=10 HTTP/1.1" 200 440
192.168.56.1 - - [23/Dec/2014:18:09:11 +0600] "GET /webservice/escenic/changelog/inbox/2/before/14?count=10 HTTP/1.1" 200 442
192.168.56.1 - - [23/Dec/2014:18:09:11 +0600] "GET /webservice/escenic/lock/article/14 HTTP/1.1" 200 1083
192.168.56.1 - - [23/Dec/2014:18:09:13 +0600] "GET /webservice/escenic/lock/article/14 HTTP/1.1" 200 1083
127.0.0.1 - - [23/Dec/2014:18:09:13 +0600] "GET /indexer-webservice/index/after/133?count=100 HTTP/1.1" 204 -
192.168.56.1 - - [23/Dec/2014:18:09:15 +0600] "GET /webservice/escenic/lock/article/14 HTTP/1.1" 200 1083
192.168.56.1 - - [23/Dec/2014:18:09:17 +0600] "GET /webservice/escenic/section/1 HTTP/1.1" 304 -
192.168.56.1 - - [23/Dec/2014:18:09:17 +0600] "OPTIONS /webservice/content/com.escenic.index-page/1 HTTP/1.1" 200 -
192.168.56.1 - - [23/Dec/2014:18:09:17 +0600] "GET /webservice/escenic/content/14 HTTP/1.1" 304 -
192.168.56.1 - - [23/Dec/2014:18:09:17 +0600] "GET /webservice/escenic/changelog/inbox/2/after/133?count=10 HTTP/1.1" 200 440
192.168.56.1 - - [23/Dec/2014:18:09:17 +0600] "HEAD /webservice/escenic/content/14 HTTP/1.1" 200 -
192.168.56.1 - - [23/Dec/2014:18:09:17 +0600] "GET /webservice/escenic/changelog/inbox/2/before/14?count=10 HTTP/1.1" 200 442
192.168.56.1 - - [23/Dec/2014:18:09:17 +0600] "GET /webservice/publication/demo/usage/article/14 HTTP/1.1" 200 124
192.168.56.1 - - [23/Dec/2014:18:09:17 +0600] "GET /webservice/escenic/lock/article/14 HTTP/1.1" 200 1083
127.0.0.1 - - [23/Dec/2014:18:09:18 +0600] "GET /indexer-webservice/index/after/133?count=100 HTTP/1.1" 204 -
192.168.56.1 - - [23/Dec/2014:18:09:19 +0600] "GET /webservice/escenic/lock/article/14 HTTP/1.1" 200 1083
192.168.56.1 - - [23/Dec/2014:18:09:21 +0600] "GET /webservice/escenic/lock/article/14 HTTP/1.1" 200 1083
192.168.56.1 - - [23/Dec/2014:18:09:23 +0600] "GET /webservice/escenic/section/1 HTTP/1.1" 304 -
192.168.56.1 - - [23/Dec/2014:18:09:23 +0600] "OPTIONS /webservice/content/com.escenic.index-page/1 HTTP/1.1" 200 -
192.168.56.1 - - [23/Dec/2014:18:09:23 +0600] "GET /webservice/escenic/content/14 HTTP/1.1" 304 -
192.168.56.1 - - [23/Dec/2014:18:09:23 +0600] "GET /webservice/escenic/changelog/inbox/2/after/133?count=10 HTTP/1.1" 200 440
192.168.56.1 - - [23/Dec/2014:18:09:23 +0600] "GET /webservice/escenic/changelog/inbox/2/before/14?count=10 HTTP/1.1" 200 442
192.168.56.1 - - [23/Dec/2014:18:09:23 +0600] "GET /webservice/escenic/lock/article/14 HTTP/1.1" 200 1083
127.0.0.1 - - [23/Dec/2014:18:09:23 +0600] "GET /indexer-webservice/index/after/133?count=100 HTTP/1.1" 204 -
192.168.56.1 - - [23/Dec/2014:18:09:25 +0600] "GET /webservice/escenic/lock/article/14 HTTP/1.1" 200 1083
192.168.56.1 - - [23/Dec/2014:18:09:27 +0600] "GET /webservice/escenic/lock/article/14 HTTP/1.1" 200 1083
192.168.56.1 - - [23/Dec/2014:18:09:27 +0600] "HEAD /webservice/escenic/content/14 HTTP/1.1" 200 -
192.168.56.1 - - [23/Dec/2014:18:09:27 +0600] "GET /webservice/publication/demo/usage/article/14 HTTP/1.1" 200 124
127.0.0.1 - - [23/Dec/2014:18:09:28 +0600] "GET /indexer-webservice/index/after/133?count=100 HTTP/1.1" 204 -
192.168.56.1 - - [23/Dec/2014:18:09:29 +0600] "GET /webservice/escenic/section/1 HTTP/1.1" 304 -
192.168.56.1 - - [23/Dec/2014:18:09:29 +0600] "OPTIONS /webservice/content/com.escenic.index-page/1 HTTP/1.1" 200 -
192.168.56.1 - - [23/Dec/2014:18:09:29 +0600] "GET /webservice/escenic/content/14 HTTP/1.1" 304 -
192.168.56.1 - - [23/Dec/2014:18:09:29 +0600] "GET /webservice/escenic/changelog/inbox/2/after/133?count=10 HTTP/1.1" 200 440
192.168.56.1 - - [23/Dec/2014:18:09:29 +0600] "GET /webservice/escenic/changelog/inbox/2/before/14?count=10 HTTP/1.1" 200 442
192.168.56.1 - - [23/Dec/2014:18:09:29 +0600] "GET /webservice/escenic/lock/article/14 HTTP/1.1" 200 1083
192.168.56.1 - - [23/Dec/2014:18:09:31 +0600] "GET /webservice/escenic/lock/article/14 HTTP/1.1" 200 1083
192.168.56.1 - - [23/Dec/2014:18:09:33 +0600] "GET /webservice/escenic/lock/article/14 HTTP/1.1" 200 1083
127.0.0.1 - - [23/Dec/2014:18:09:33 +0600] "GET /indexer-webservice/index/after/133?count=100 HTTP/1.1" 204 -
192.168.56.1 - - [23/Dec/2014:18:09:35 +0600] "GET /webservice/escenic/section/1 HTTP/1.1" 304 -
192.168.56.1 - - [23/Dec/2014:18:09:35 +0600] "OPTIONS /webservice/content/com.escenic.index-page/1 HTTP/1.1" 200 -
192.168.56.1 - - [23/Dec/2014:18:09:35 +0600] "GET /webservice/escenic/content/14 HTTP/1.1" 304 -
192.168.56.1 - - [23/Dec/2014:18:09:35 +0600] "GET /webservice/escenic/changelog/inbox/2/after/133?count=10 HTTP/1.1" 200 440
192.168.56.1 - - [23/Dec/2014:18:09:35 +0600] "GET /webservice/escenic/changelog/inbox/2/before/14?count=10 HTTP/1.1" 200 442
192.168.56.1 - - [23/Dec/2014:18:09:35 +0600] "GET /webservice/escenic/lock/article/14 HTTP/1.1" 200 1083
192.168.56.1 - - [23/Dec/2014:18:09:37 +0600] "GET /webservice/escenic/lock/article/14 HTTP/1.1" 200 1083
127.0.0.1 - - [23/Dec/2014:18:09:38 +0600] "GET /indexer-webservice/index/after/133?count=100 HTTP/1.1" 204 -
192.168.56.1 - - [23/Dec/2014:18:09:39 +0600] "HEAD /webservice/escenic/content/14 HTTP/1.1" 200 -
192.168.56.1 - - [23/Dec/2014:18:09:39 +0600] "GET /webservice/escenic/lock/article/14 HTTP/1.1" 200 1083
192.168.56.1 - - [23/Dec/2014:18:09:39 +0600] "GET /webservice/publication/demo/usage/article/14 HTTP/1.1" 200 124
192.168.56.1 - - [23/Dec/2014:18:09:41 +0600] "GET /webservice/escenic/section/1 HTTP/1.1" 304 -
192.168.56.1 - - [23/Dec/2014:18:09:41 +0600] "OPTIONS /webservice/content/com.escenic.index-page/1 HTTP/1.1" 200 -
192.168.56.1 - - [23/Dec/2014:18:09:41 +0600] "GET /webservice/escenic/content/14 HTTP/1.1" 304 -
192.168.56.1 - - [23/Dec/2014:18:09:41 +0600] "GET /webservice/escenic/changelog/inbox/2/after/133?count=10 HTTP/1.1" 200 440
192.168.56.1 - - [23/Dec/2014:18:09:41 +0600] "GET /webservice/escenic/changelog/inbox/2/before/14?count=10 HTTP/1.1" 200 442
192.168.56.1 - - [23/Dec/2014:18:09:41 +0600] "GET /webservice/escenic/lock/article/14 HTTP/1.1" 200 1083
192.168.56.1 - - [23/Dec/2014:18:09:43 +0600] "GET /webservice/escenic/lock/article/14 HTTP/1.1" 200 1083
127.0.0.1 - - [23/Dec/2014:18:09:43 +0600] "GET /indexer-webservice/index/after/133?count=100 HTTP/1.1" 204 -
192.168.56.1 - - [23/Dec/2014:18:09:45 +0600] "GET /webservice/escenic/lock/article/14 HTTP/1.1" 200 1083
192.168.56.1 - - [23/Dec/2014:18:09:47 +0600] "GET /webservice/escenic/section/1 HTTP/1.1" 304 -
192.168.56.1 - - [23/Dec/2014:18:09:47 +0600] "OPTIONS /webservice/content/com.escenic.index-page/1 HTTP/1.1" 200 -
192.168.56.1 - - [23/Dec/2014:18:09:47 +0600] "GET /webservice/escenic/content/14 HTTP/1.1" 304 -
192.168.56.1 - - [23/Dec/2014:18:09:47 +0600] "GET /webservice/escenic/changelog/inbox/2/after/133?count=10 HTTP/1.1" 200 440
192.168.56.1 - - [23/Dec/2014:18:09:47 +0600] "GET /webservice/escenic/changelog/inbox/2/before/14?count=10 HTTP/1.1" 200 442
192.168.56.1 - - [23/Dec/2014:18:09:47 +0600] "GET /webservice/escenic/lock/article/14 HTTP/1.1" 200 1083
127.0.0.1 - - [23/Dec/2014:18:09:49 +0600] "GET /indexer-webservice/index/after/133?count=100 HTTP/1.1" 204 -
192.168.56.1 - - [23/Dec/2014:18:09:49 +0600] "GET /webservice/escenic/lock/article/14 HTTP/1.1" 200 1083
192.168.56.1 - - [23/Dec/2014:18:09:49 +0600] "HEAD /webservice/escenic/content/14 HTTP/1.1" 200 -
192.168.56.1 - - [23/Dec/2014:18:09:50 +0600] "GET /webservice/publication/demo/usage/article/14 HTTP/1.1" 200 124
192.168.56.1 - - [23/Dec/2014:18:09:50 +0600] "GET /webservice/escenic/lock/article/14 HTTP/1.1" 200 1083
192.168.56.1 - - [23/Dec/2014:18:09:53 +0600] "GET /webservice/escenic/section/1 HTTP/1.1" 304 -
192.168.56.1 - - [23/Dec/2014:18:09:53 +0600] "OPTIONS /webservice/content/com.escenic.index-page/1 HTTP/1.1" 200 -
192.168.56.1 - - [23/Dec/2014:18:09:53 +0600] "GET /webservice/escenic/content/14 HTTP/1.1" 304 -
192.168.56.1 - - [23/Dec/2014:18:09:53 +0600] "GET /webservice/escenic/changelog/inbox/2/after/133?count=10 HTTP/1.1" 200 440
192.168.56.1 - - [23/Dec/2014:18:09:53 +0600] "GET /webservice/escenic/changelog/inbox/2/before/14?count=10 HTTP/1.1" 200 442
192.168.56.1 - - [23/Dec/2014:18:09:53 +0600] "GET /webservice/escenic/lock/article/14 HTTP/1.1" 200 1083
127.0.0.1 - - [23/Dec/2014:18:09:54 +0600] "GET /indexer-webservice/index/after/133?count=100 HTTP/1.1" 204 -
192.168.56.1 - - [23/Dec/2014:18:09:55 +0600] "GET /webservice/escenic/lock/article/14 HTTP/1.1" 200 1083
192.168.56.1 - - [23/Dec/2014:18:09:57 +0600] "GET /webservice/escenic/lock/article/14 HTTP/1.1" 200 1083
127.0.0.1 - - [23/Dec/2014:18:09:58 +0600] "GET /indexer-webservice/index/before/-98?count=100 HTTP/1.1" 204 -
127.0.0.1 - - [23/Dec/2014:18:09:58 +0600] "GET /indexer-webservice/index/after/133?count=100 HTTP/1.1" 204 -
192.168.56.1 - - [23/Dec/2014:18:09:59 +0600] "GET /webservice/escenic/section/1 HTTP/1.1" 304 -
192.168.56.1 - - [23/Dec/2014:18:09:59 +0600] "OPTIONS /webservice/content/com.escenic.index-page/1 HTTP/1.1" 200 -
192.168.56.1 - - [23/Dec/2014:18:09:59 +0600] "GET /webservice/escenic/content/14 HTTP/1.1" 304 -
192.168.56.1 - - [23/Dec/2014:18:09:59 +0600] "GET /webservice/escenic/changelog/inbox/2/after/133?count=10 HTTP/1.1" 200 440
192.168.56.1 - - [23/Dec/2014:18:09:59 +0600] "GET /webservice/escenic/changelog/inbox/2/before/14?count=10 HTTP/1.1" 200 442
192.168.56.1 - - [23/Dec/2014:18:09:59 +0600] "GET /webservice/escenic/lock/article/14 HTTP/1.1" 200 1083
192.168.56.1 - - [23/Dec/2014:18:10:01 +0600] "HEAD /webservice/escenic/content/14 HTTP/1.1" 200 -
192.168.56.1 - - [23/Dec/2014:18:10:01 +0600] "GET /webservice/escenic/lock/article/14 HTTP/1.1" 200 1083
192.168.56.1 - - [23/Dec/2014:18:10:01 +0600] "GET /webservice/publication/demo/usage/article/14 HTTP/1.1" 200 124
192.168.56.1 - - [23/Dec/2014:18:10:03 +0600] "GET /webservice/escenic/lock/article/14 HTTP/1.1" 200 1083
127.0.0.1 - - [23/Dec/2014:18:10:04 +0600] "GET /indexer-webservice/index/after/133?count=100 HTTP/1.1" 204 -
192.168.56.1 - - [23/Dec/2014:18:10:05 +0600] "GET /webservice/escenic/section/1 HTTP/1.1" 304 -
192.168.56.1 - - [23/Dec/2014:18:10:05 +0600] "OPTIONS /webservice/content/com.escenic.index-page/1 HTTP/1.1" 200 -
192.168.56.1 - - [23/Dec/2014:18:10:05 +0600] "GET /webservice/escenic/content/14 HTTP/1.1" 304 -
192.168.56.1 - - [23/Dec/2014:18:10:05 +0600] "GET /webservice/escenic/changelog/inbox/2/after/133?count=10 HTTP/1.1" 200 440
192.168.56.1 - - [23/Dec/2014:18:10:05 +0600] "GET /webservice/escenic/changelog/inbox/2/before/14?count=10 HTTP/1.1" 200 442
192.168.56.1 - - [23/Dec/2014:18:10:05 +0600] "GET /webservice/escenic/lock/article/14 HTTP/1.1" 200 1083
192.168.56.1 - - [23/Dec/2014:18:10:07 +0600] "GET /webservice/escenic/lock/article/14 HTTP/1.1" 200 1083
127.0.0.1 - - [23/Dec/2014:18:10:09 +0600] "GET /indexer-webservice/index/after/133?count=100 HTTP/1.1" 204 -
192.168.56.1 - - [23/Dec/2014:18:10:09 +0600] "GET /webservice/escenic/lock/article/14 HTTP/1.1" 200 1083
192.168.56.1 - - [23/Dec/2014:18:10:11 +0600] "GET /webservice/escenic/section/1 HTTP/1.1" 304 -
192.168.56.1 - - [23/Dec/2014:18:10:11 +0600] "OPTIONS /webservice/content/com.escenic.index-page/1 HTTP/1.1" 200 -
192.168.56.1 - - [23/Dec/2014:18:10:11 +0600] "GET /webservice/escenic/content/14 HTTP/1.1" 304 -
192.168.56.1 - - [23/Dec/2014:18:10:11 +0600] "GET /webservice/escenic/changelog/inbox/2/after/133?count=10 HTTP/1.1" 200 440
192.168.56.1 - - [23/Dec/2014:18:10:11 +0600] "GET /webservice/escenic/changelog/inbox/2/before/14?count=10 HTTP/1.1" 200 442
192.168.56.1 - - [23/Dec/2014:18:10:11 +0600] "GET /webservice/escenic/lock/article/14 HTTP/1.1" 200 1083
192.168.56.1 - - [23/Dec/2014:18:10:12 +0600] "HEAD /webservice/escenic/content/14 HTTP/1.1" 200 -
192.168.56.1 - - [23/Dec/2014:18:10:12 +0600] "GET /webservice/publication/demo/usage/article/14 HTTP/1.1" 200 124
192.168.56.1 - - [23/Dec/2014:18:10:12 +0600] "GET /webservice/escenic/lock/article/14 HTTP/1.1" 200 1083
127.0.0.1 - - [23/Dec/2014:18:10:14 +0600] "GET /indexer-webservice/index/after/133?count=100 HTTP/1.1" 204 -
192.168.56.1 - - [23/Dec/2014:18:10:15 +0600] "GET /webservice/escenic/lock/article/14 HTTP/1.1" 200 1083
192.168.56.1 - - [23/Dec/2014:18:10:17 +0600] "GET /webservice/escenic/section/1 HTTP/1.1" 304 -
192.168.56.1 - - [23/Dec/2014:18:10:17 +0600] "OPTIONS /webservice/content/com.escenic.index-page/1 HTTP/1.1" 200 -
192.168.56.1 - - [23/Dec/2014:18:10:17 +0600] "GET /webservice/escenic/content/14 HTTP/1.1" 304 -
192.168.56.1 - - [23/Dec/2014:18:10:17 +0600] "GET /webservice/escenic/changelog/inbox/2/after/133?count=10 HTTP/1.1" 200 440
192.168.56.1 - - [23/Dec/2014:18:10:17 +0600] "GET /webservice/escenic/changelog/inbox/2/before/14?count=10 HTTP/1.1" 200 442
192.168.56.1 - - [23/Dec/2014:18:10:17 +0600] "GET /webservice/escenic/lock/article/14 HTTP/1.1" 200 1083
127.0.0.1 - - [23/Dec/2014:18:10:19 +0600] "GET /indexer-webservice/index/after/133?count=100 HTTP/1.1" 204 -
192.168.56.1 - - [23/Dec/2014:18:10:19 +0600] "GET /webservice/escenic/lock/article/14 HTTP/1.1" 200 1083
192.168.56.1 - - [23/Dec/2014:18:10:21 +0600] "GET /webservice/escenic/lock/article/14 HTTP/1.1" 200 1083
192.168.56.1 - - [23/Dec/2014:18:10:23 +0600] "GET /webservice/escenic/section/1 HTTP/1.1" 304 -
192.168.56.1 - - [23/Dec/2014:18:10:23 +0600] "OPTIONS /webservice/content/com.escenic.index-page/1 HTTP/1.1" 200 -
192.168.56.1 - - [23/Dec/2014:18:10:23 +0600] "GET /webservice/escenic/content/14 HTTP/1.1" 304 -
192.168.56.1 - - [23/Dec/2014:18:10:23 +0600] "GET /webservice/escenic/changelog/inbox/2/after/133?count=10 HTTP/1.1" 200 440
192.168.56.1 - - [23/Dec/2014:18:10:23 +0600] "HEAD /webservice/escenic/content/14 HTTP/1.1" 200 -
192.168.56.1 - - [23/Dec/2014:18:10:23 +0600] "GET /webservice/escenic/changelog/inbox/2/before/14?count=10 HTTP/1.1" 200 442
192.168.56.1 - - [23/Dec/2014:18:10:23 +0600] "GET /webservice/publication/demo/usage/article/14 HTTP/1.1" 200 124
192.168.56.1 - - [23/Dec/2014:18:10:23 +0600] "GET /webservice/escenic/lock/article/14 HTTP/1.1" 200 1083
127.0.0.1 - - [23/Dec/2014:18:10:24 +0600] "GET /indexer-webservice/index/after/133?count=100 HTTP/1.1" 204 -
192.168.56.1 - - [23/Dec/2014:18:10:25 +0600] "GET /webservice/escenic/lock/article/14 HTTP/1.1" 200 1083
192.168.56.1 - - [23/Dec/2014:18:10:27 +0600] "GET /webservice/escenic/lock/article/14 HTTP/1.1" 200 1083
127.0.0.1 - - [23/Dec/2014:18:10:29 +0600] "GET /indexer-webservice/index/after/133?count=100 HTTP/1.1" 204 -
192.168.56.1 - - [23/Dec/2014:18:10:29 +0600] "GET /webservice/escenic/section/1 HTTP/1.1" 304 -
192.168.56.1 - - [23/Dec/2014:18:10:29 +0600] "OPTIONS /webservice/content/com.escenic.index-page/1 HTTP/1.1" 200 -
192.168.56.1 - - [23/Dec/2014:18:10:29 +0600] "GET /webservice/escenic/content/14 HTTP/1.1" 304 -
192.168.56.1 - - [23/Dec/2014:18:10:29 +0600] "GET /webservice/escenic/changelog/inbox/2/after/133?count=10 HTTP/1.1" 200 440
192.168.56.1 - - [23/Dec/2014:18:10:29 +0600] "GET /webservice/escenic/changelog/inbox/2/before/14?count=10 HTTP/1.1" 200 442
192.168.56.1 - - [23/Dec/2014:18:10:29 +0600] "GET /webservice/escenic/lock/article/14 HTTP/1.1" 200 1083
192.168.56.1 - - [23/Dec/2014:18:10:31 +0600] "GET /webservice/escenic/lock/article/14 HTTP/1.1" 200 1083
192.168.56.1 - - [23/Dec/2014:18:10:33 +0600] "GET /webservice/escenic/lock/article/14 HTTP/1.1" 200 1083
127.0.0.1 - - [23/Dec/2014:18:10:34 +0600] "GET /indexer-webservice/index/after/133?count=100 HTTP/1.1" 204 -
192.168.56.1 - - [23/Dec/2014:18:10:33 +0600] "HEAD /webservice/escenic/content/14 HTTP/1.1" 200 -
192.168.56.1 - - [23/Dec/2014:18:10:33 +0600] "GET /webservice/publication/demo/usage/article/14 HTTP/1.1" 200 124
192.168.56.1 - - [23/Dec/2014:18:10:35 +0600] "GET /webservice/escenic/section/1 HTTP/1.1" 304 -
192.168.56.1 - - [23/Dec/2014:18:10:35 +0600] "OPTIONS /webservice/content/com.escenic.index-page/1 HTTP/1.1" 200 -
192.168.56.1 - - [23/Dec/2014:18:10:35 +0600] "GET /webservice/escenic/content/14 HTTP/1.1" 304 -
192.168.56.1 - - [23/Dec/2014:18:10:35 +0600] "GET /webservice/escenic/changelog/inbox/2/after/133?count=10 HTTP/1.1" 200 440
192.168.56.1 - - [23/Dec/2014:18:10:35 +0600] "GET /webservice/escenic/changelog/inbox/2/before/14?count=10 HTTP/1.1" 200 442
192.168.56.1 - - [23/Dec/2014:18:10:35 +0600] "GET /webservice/escenic/lock/article/14 HTTP/1.1" 200 1083
192.168.56.1 - - [23/Dec/2014:18:10:37 +0600] "GET /webservice/escenic/lock/article/14 HTTP/1.1" 200 1083
127.0.0.1 - - [23/Dec/2014:18:10:39 +0600] "GET /indexer-webservice/index/after/133?count=100 HTTP/1.1" 204 -
192.168.56.1 - - [23/Dec/2014:18:10:39 +0600] "GET /webservice/escenic/lock/article/14 HTTP/1.1" 200 1083
192.168.56.1 - - [23/Dec/2014:18:10:41 +0600] "GET /webservice/escenic/section/1 HTTP/1.1" 304 -
192.168.56.1 - - [23/Dec/2014:18:10:41 +0600] "OPTIONS /webservice/content/com.escenic.index-page/1 HTTP/1.1" 200 -
192.168.56.1 - - [23/Dec/2014:18:10:41 +0600] "GET /webservice/escenic/content/14 HTTP/1.1" 304 -
192.168.56.1 - - [23/Dec/2014:18:10:41 +0600] "GET /webservice/escenic/changelog/inbox/2/after/133?count=10 HTTP/1.1" 200 440
192.168.56.1 - - [23/Dec/2014:18:10:41 +0600] "GET /webservice/escenic/changelog/inbox/2/before/14?count=10 HTTP/1.1" 200 442
192.168.56.1 - - [23/Dec/2014:18:10:41 +0600] "GET /webservice/escenic/lock/article/14 HTTP/1.1" 200 1083
192.168.56.1 - - [23/Dec/2014:18:10:43 +0600] "GET /webservice/escenic/lock/article/14 HTTP/1.1" 200 1083
127.0.0.1 - - [23/Dec/2014:18:10:44 +0600] "GET /indexer-webservice/index/after/133?count=100 HTTP/1.1" 204 -
192.168.56.1 - - [23/Dec/2014:18:10:45 +0600] "HEAD /webservice/escenic/content/14 HTTP/1.1" 200 -
192.168.56.1 - - [23/Dec/2014:18:10:45 +0600] "GET /webservice/escenic/lock/article/14 HTTP/1.1" 200 1083
192.168.56.1 - - [23/Dec/2014:18:10:45 +0600] "GET /webservice/publication/demo/usage/article/14 HTTP/1.1" 200 124
192.168.56.1 - - [23/Dec/2014:18:10:47 +0600] "GET /webservice/escenic/section/1 HTTP/1.1" 304 -
192.168.56.1 - - [23/Dec/2014:18:10:47 +0600] "OPTIONS /webservice/content/com.escenic.index-page/1 HTTP/1.1" 200 -
192.168.56.1 - - [23/Dec/2014:18:10:47 +0600] "GET /webservice/escenic/content/14 HTTP/1.1" 304 -
192.168.56.1 - - [23/Dec/2014:18:10:47 +0600] "GET /webservice/escenic/changelog/inbox/2/after/133?count=10 HTTP/1.1" 200 440
192.168.56.1 - - [23/Dec/2014:18:10:47 +0600] "GET /webservice/escenic/changelog/inbox/2/before/14?count=10 HTTP/1.1" 200 442
192.168.56.1 - - [23/Dec/2014:18:10:47 +0600] "GET /webservice/escenic/lock/article/14 HTTP/1.1" 200 1083
127.0.0.1 - - [23/Dec/2014:18:10:49 +0600] "GET /indexer-webservice/index/after/133?count=100 HTTP/1.1" 204 -
192.168.56.1 - - [23/Dec/2014:18:10:49 +0600] "GET /webservice/escenic/lock/article/14 HTTP/1.1" 200 1083
192.168.56.1 - - [23/Dec/2014:18:10:51 +0600] "GET /webservice/escenic/lock/article/14 HTTP/1.1" 200 1083
192.168.56.1 - - [23/Dec/2014:18:10:53 +0600] "GET /webservice/escenic/section/1 HTTP/1.1" 304 -
192.168.56.1 - - [23/Dec/2014:18:10:53 +0600] "OPTIONS /webservice/content/com.escenic.index-page/1 HTTP/1.1" 200 -
192.168.56.1 - - [23/Dec/2014:18:10:53 +0600] "GET /webservice/escenic/content/14 HTTP/1.1" 304 -
192.168.56.1 - - [23/Dec/2014:18:10:53 +0600] "GET /webservice/escenic/changelog/inbox/2/after/133?count=10 HTTP/1.1" 200 440
192.168.56.1 - - [23/Dec/2014:18:10:53 +0600] "GET /webservice/escenic/changelog/inbox/2/before/14?count=10 HTTP/1.1" 200 442
192.168.56.1 - - [23/Dec/2014:18:10:53 +0600] "GET /webservice/escenic/lock/article/14 HTTP/1.1" 200 1083
127.0.0.1 - - [23/Dec/2014:18:10:54 +0600] "GET /indexer-webservice/index/after/133?count=100 HTTP/1.1" 204 -
192.168.56.1 - - [23/Dec/2014:18:10:55 +0600] "GET /webservice/escenic/lock/article/14 HTTP/1.1" 200 1083
192.168.56.1 - - [23/Dec/2014:18:10:55 +0600] "HEAD /webservice/escenic/content/14 HTTP/1.1" 200 -
192.168.56.1 - - [23/Dec/2014:18:10:56 +0600] "GET /webservice/publication/demo/usage/article/14 HTTP/1.1" 200 124
192.168.56.1 - - [23/Dec/2014:18:10:56 +0600] "GET /webservice/escenic/lock/article/14 HTTP/1.1" 200 1083
127.0.0.1 - - [23/Dec/2014:18:10:58 +0600] "GET /indexer-webservice/index/before/-98?count=100 HTTP/1.1" 204 -
127.0.0.1 - - [23/Dec/2014:18:10:58 +0600] "GET /indexer-webservice/index/after/133?count=100 HTTP/1.1" 204 -
192.168.56.1 - - [23/Dec/2014:18:10:59 +0600] "GET /webservice/escenic/section/1 HTTP/1.1" 304 -
192.168.56.1 - - [23/Dec/2014:18:10:59 +0600] "OPTIONS /webservice/content/com.escenic.index-page/1 HTTP/1.1" 200 -
192.168.56.1 - - [23/Dec/2014:18:10:59 +0600] "GET /webservice/escenic/content/14 HTTP/1.1" 304 -
192.168.56.1 - - [23/Dec/2014:18:10:59 +0600] "GET /webservice/escenic/changelog/inbox/2/after/133?count=10 HTTP/1.1" 200 440
192.168.56.1 - - [23/Dec/2014:18:10:59 +0600] "GET /webservice/escenic/changelog/inbox/2/before/14?count=10 HTTP/1.1" 200 442
192.168.56.1 - - [23/Dec/2014:18:10:59 +0600] "GET /webservice/escenic/lock/article/14 HTTP/1.1" 200 1083
192.168.56.1 - - [23/Dec/2014:18:11:01 +0600] "GET /webservice/escenic/lock/article/14 HTTP/1.1" 200 1083
192.168.56.1 - - [23/Dec/2014:18:11:03 +0600] "GET /webservice/escenic/lock/article/14 HTTP/1.1" 200 1083
127.0.0.1 - - [23/Dec/2014:18:11:04 +0600] "GET /indexer-webservice/index/after/133?count=100 HTTP/1.1" 204 -
192.168.56.1 - - [23/Dec/2014:18:11:05 +0600] "GET /webservice/escenic/section/1 HTTP/1.1" 304 -
192.168.56.1 - - [23/Dec/2014:18:11:05 +0600] "OPTIONS /webservice/content/com.escenic.index-page/1 HTTP/1.1" 200 -
192.168.56.1 - - [23/Dec/2014:18:11:05 +0600] "GET /webservice/escenic/content/14 HTTP/1.1" 304 -
192.168.56.1 - - [23/Dec/2014:18:11:05 +0600] "GET /webservice/escenic/changelog/inbox/2/after/133?count=10 HTTP/1.1" 200 440
192.168.56.1 - - [23/Dec/2014:18:11:05 +0600] "GET /webservice/escenic/changelog/inbox/2/before/14?count=10 HTTP/1.1" 200 442
192.168.56.1 - - [23/Dec/2014:18:11:05 +0600] "GET /webservice/escenic/lock/article/14 HTTP/1.1" 200 1083
192.168.56.1 - - [23/Dec/2014:18:11:07 +0600] "HEAD /webservice/escenic/content/14 HTTP/1.1" 200 -
192.168.56.1 - - [23/Dec/2014:18:11:07 +0600] "GET /webservice/escenic/lock/article/14 HTTP/1.1" 200 1083
192.168.56.1 - - [23/Dec/2014:18:11:07 +0600] "GET /webservice/publication/demo/usage/article/14 HTTP/1.1" 200 124
127.0.0.1 - - [23/Dec/2014:18:11:09 +0600] "GET /indexer-webservice/index/after/133?count=100 HTTP/1.1" 204 -
192.168.56.1 - - [23/Dec/2014:18:11:09 +0600] "GET /webservice/escenic/lock/article/14 HTTP/1.1" 200 1083
192.168.56.1 - - [23/Dec/2014:18:11:11 +0600] "GET /webservice/escenic/section/1 HTTP/1.1" 304 -
192.168.56.1 - - [23/Dec/2014:18:11:11 +0600] "OPTIONS /webservice/content/com.escenic.index-page/1 HTTP/1.1" 200 -
192.168.56.1 - - [23/Dec/2014:18:11:11 +0600] "GET /webservice/escenic/content/14 HTTP/1.1" 304 -
192.168.56.1 - - [23/Dec/2014:18:11:11 +0600] "GET /webservice/escenic/changelog/inbox/2/after/133?count=10 HTTP/1.1" 200 440
192.168.56.1 - - [23/Dec/2014:18:11:11 +0600] "GET /webservice/escenic/changelog/inbox/2/before/14?count=10 HTTP/1.1" 200 442
192.168.56.1 - - [23/Dec/2014:18:11:11 +0600] "GET /webservice/escenic/lock/article/14 HTTP/1.1" 200 1083
192.168.56.1 - - [23/Dec/2014:18:11:13 +0600] "GET /webservice/escenic/lock/article/14 HTTP/1.1" 200 1083
127.0.0.1 - - [23/Dec/2014:18:11:14 +0600] "GET /indexer-webservice/index/after/133?count=100 HTTP/1.1" 204 -
192.168.56.1 - p [23/Dec/2014:18:11:15 +0600] "GET /escenic-admin/images/basic.css HTTP/1.1" 304 -
192.168.56.1 - p [23/Dec/2014:18:11:15 +0600] "GET /escenic-admin/images/nothing.gif HTTP/1.1" 304 -
192.168.56.1 - p [23/Dec/2014:18:11:15 +0600] "GET /escenic-admin/browser/Global/com/escenic/webstart/StudioConfig HTTP/1.1" 200 28820
192.168.56.1 - - [23/Dec/2014:18:11:15 +0600] "GET /webservice/escenic/lock/article/14 HTTP/1.1" 200 1083
192.168.56.1 - p [23/Dec/2014:18:11:15 +0600] "GET /escenic-admin/images/file.gif HTTP/1.1" 304 -
192.168.56.1 - - [23/Dec/2014:18:11:17 +0600] "GET /webservice/escenic/section/1 HTTP/1.1" 304 -
192.168.56.1 - - [23/Dec/2014:18:11:17 +0600] "OPTIONS /webservice/content/com.escenic.index-page/1 HTTP/1.1" 200 -
192.168.56.1 - - [23/Dec/2014:18:11:17 +0600] "GET /webservice/escenic/content/14 HTTP/1.1" 304 -
192.168.56.1 - - [23/Dec/2014:18:11:17 +0600] "GET /webservice/escenic/changelog/inbox/2/after/133?count=10 HTTP/1.1" 200 440
192.168.56.1 - - [23/Dec/2014:18:11:17 +0600] "GET /webservice/escenic/changelog/inbox/2/before/14?count=10 HTTP/1.1" 200 442
192.168.56.1 - - [23/Dec/2014:18:11:17 +0600] "GET /webservice/escenic/lock/article/14 HTTP/1.1" 200 1083
192.168.56.1 - - [23/Dec/2014:18:11:18 +0600] "HEAD /webservice/escenic/content/14 HTTP/1.1" 200 -
192.168.56.1 - - [23/Dec/2014:18:11:18 +0600] "GET /webservice/publication/demo/usage/article/14 HTTP/1.1" 200 124
127.0.0.1 - - [23/Dec/2014:18:11:19 +0600] "GET /indexer-webservice/index/after/133?count=100 HTTP/1.1" 204 -
192.168.56.1 - - [23/Dec/2014:18:11:19 +0600] "GET /webservice/escenic/lock/article/14 HTTP/1.1" 200 1083
192.168.56.1 - - [23/Dec/2014:18:11:21 +0600] "GET /webservice/escenic/lock/article/14 HTTP/1.1" 200 1083
192.168.56.1 - - [23/Dec/2014:18:11:23 +0600] "GET /webservice/escenic/section/1 HTTP/1.1" 304 -
192.168.56.1 - - [23/Dec/2014:18:11:23 +0600] "OPTIONS /webservice/content/com.escenic.index-page/1 HTTP/1.1" 200 -
192.168.56.1 - - [23/Dec/2014:18:11:23 +0600] "GET /webservice/escenic/content/14 HTTP/1.1" 304 -
192.168.56.1 - - [23/Dec/2014:18:11:23 +0600] "GET /webservice/escenic/changelog/inbox/2/after/133?count=10 HTTP/1.1" 200 440
192.168.56.1 - - [23/Dec/2014:18:11:23 +0600] "GET /webservice/escenic/changelog/inbox/2/before/14?count=10 HTTP/1.1" 200 442
192.168.56.1 - - [23/Dec/2014:18:11:23 +0600] "GET /webservice/escenic/lock/article/14 HTTP/1.1" 200 1083
127.0.0.1 - - [23/Dec/2014:18:11:24 +0600] "GET /indexer-webservice/index/after/133?count=100 HTTP/1.1" 204 -
192.168.56.1 - - [23/Dec/2014:18:11:25 +0600] "GET /webservice/escenic/lock/article/14 HTTP/1.1" 200 1083
192.168.56.1 - - [23/Dec/2014:18:11:27 +0600] "GET /webservice/escenic/lock/article/14 HTTP/1.1" 200 1083
192.168.56.1 - - [23/Dec/2014:18:11:27 +0600] "DELETE /webservice/escenic/lock/article/14/private/8n HTTP/1.1" 204 -
127.0.0.1 - - [23/Dec/2014:18:11:29 +0600] "GET /indexer-webservice/index/after/133?count=100 HTTP/1.1" 204 -
127.0.0.1 - - [23/Dec/2014:18:11:34 +0600] "GET /indexer-webservice/index/after/133?count=100 HTTP/1.1" 204 -
192.168.56.1 - - [23/Dec/2014:18:11:34 +0600] "GET /studio HTTP/1.1" 302 -
192.168.56.1 - - [23/Dec/2014:18:11:34 +0600] "GET /studio/ HTTP/1.1" 200 4173
192.168.56.1 - - [23/Dec/2014:18:11:35 +0600] "GET /studio/Studio.jnlp?user.country=&user.language=&com.escenic.sso.enabled=false&com.escenic.sso.provider=Google HTTP/1.1" 200 8844
127.0.0.1 - - [23/Dec/2014:18:11:39 +0600] "GET /indexer-webservice/index/after/133?count=100 HTTP/1.1" 204 -
192.168.56.1 - - [23/Dec/2014:18:11:43 +0600] "GET /studio/Studio.jnlp?user.country=&user.language=&com.escenic.sso.enabled=false&com.escenic.sso.provider=Google HTTP/1.1" 200 8844
192.168.56.1 - - [23/Dec/2014:18:11:43 +0600] "GET /studio/Studio.jnlp?user.country=&user.language=&com.escenic.sso.enabled=false&com.escenic.sso.provider=Google HTTP/1.1" 200 8844
192.168.56.1 - - [23/Dec/2014:18:11:43 +0600] "GET /studio/plugin/geocode.jnlp HTTP/1.1" 200 1064
192.168.56.1 - - [23/Dec/2014:18:11:43 +0600] "GET /studio/plugin/geocode.jnlp HTTP/1.1" 200 1064
192.168.56.1 - - [23/Dec/2014:18:11:43 +0600] "GET /studio/images/splash_screen.png HTTP/1.1" 304 -
192.168.56.1 - - [23/Dec/2014:18:11:43 +0600] "GET /studio/studio/studio-webstart-bootstrap-5.7.31.160659.jar.pack.gz HTTP/1.1" 404 1081
192.168.56.1 - - [23/Dec/2014:18:11:43 +0600] "GET /studio/studio/studio-webstart-bootstrap-5.7.31.160659.jar HTTP/1.1" 304 -
192.168.56.1 - - [23/Dec/2014:18:11:43 +0600] "GET /studio/studio/lib/abdera-core-1.1.2.jar.pack.gz HTTP/1.1" 304 -
192.168.56.1 - - [23/Dec/2014:18:11:43 +0600] "GET /studio/studio/lib/abdera-i18n-1.1.2.jar.pack.gz HTTP/1.1" 304 -
192.168.56.1 - - [23/Dec/2014:18:11:43 +0600] "GET /studio/studio/lib/abdera-parser-1.1.2.jar.pack.gz HTTP/1.1" 304 -
192.168.56.1 - - [23/Dec/2014:18:11:43 +0600] "GET /studio/studio/lib/activation-1.1.jar.pack.gz HTTP/1.1" 304 -
192.168.56.1 - - [23/Dec/2014:18:11:43 +0600] "GET /studio/studio/lib/asm-3.1.jar.pack.gz HTTP/1.1" 304 -
192.168.56.1 - - [23/Dec/2014:18:11:43 +0600] "GET /studio/studio/lib/aspectjrt-1.6.11.jar.pack.gz HTTP/1.1" 304 -
192.168.56.1 - - [23/Dec/2014:18:11:43 +0600] "GET /studio/studio/lib/apache-mime4j-core-0.7.2.jar.pack.gz HTTP/1.1" 304 -
192.168.56.1 - - [23/Dec/2014:18:11:43 +0600] "GET /studio/studio/lib/axiom-impl-1.2.10.jar.pack.gz HTTP/1.1" 304 -
192.168.56.1 - - [23/Dec/2014:18:11:43 +0600] "GET /studio/studio/lib/apache-mime4j-dom-0.7.2.jar.pack.gz HTTP/1.1" 304 -
192.168.56.1 - - [23/Dec/2014:18:11:43 +0600] "GET /studio/studio/lib/backport-util-concurrent-3.1.jar.pack.gz HTTP/1.1" 304 -
192.168.56.1 - - [23/Dec/2014:18:11:43 +0600] "GET /studio/studio/lib/axiom-api-1.2.10.jar.pack.gz HTTP/1.1" 304 -
192.168.56.1 - - [23/Dec/2014:18:11:43 +0600] "GET /studio/studio/lib/bcmail-jdk15-1.45.jar.pack.gz HTTP/1.1" 304 -
192.168.56.1 - - [23/Dec/2014:18:11:43 +0600] "GET /studio/studio/lib/boilerpipe-1.1.0.jar.pack.gz HTTP/1.1" 304 -
192.168.56.1 - - [23/Dec/2014:18:11:43 +0600] "GET /studio/studio/lib/canvas-element-1.4.5063.jar.pack.gz HTTP/1.1" 304 -
192.168.56.1 - - [23/Dec/2014:18:11:43 +0600] "GET /studio/studio/lib/bsaf-1.9.jar.pack.gz HTTP/1.1" 304 -
192.168.56.1 - - [23/Dec/2014:18:11:43 +0600] "GET /studio/studio/lib/client-core-1.7.31.160659.jar.pack.gz HTTP/1.1" 304 -
192.168.56.1 - - [23/Dec/2014:18:11:43 +0600] "GET /studio/studio/lib/client-api-1.7.31.160659.jar.pack.gz HTTP/1.1" 304 -
192.168.56.1 - - [23/Dec/2014:18:11:43 +0600] "GET /studio/studio/lib/cglib-nodep-2.2.jar.pack.gz HTTP/1.1" 304 -
192.168.56.1 - - [23/Dec/2014:18:11:43 +0600] "GET /studio/studio/lib/common-io-3.0-ece-4.jar.pack.gz HTTP/1.1" 304 -
192.168.56.1 - - [23/Dec/2014:18:11:43 +0600] "GET /studio/studio/lib/common-lang-3.0-ece-4.jar.pack.gz HTTP/1.1" 304 -
192.168.56.1 - - [23/Dec/2014:18:11:43 +0600] "GET /studio/studio/lib/common-nursery-1.9.31.160659.jar.pack.gz HTTP/1.1" 304 -
192.168.56.1 - - [23/Dec/2014:18:11:43 +0600] "GET /studio/studio/lib/common-vdf-1.9.31.160659.jar.pack.gz HTTP/1.1" 304 -
127.0.0.1 - - [23/Dec/2014:18:11:44 +0600] "GET /indexer-webservice/index/after/133?count=100 HTTP/1.1" 204 -
