192.168.56.1 - - [23/Dec/2014:18:15:55 +0600] "GET /webservice/escenic/changelog/inbox/2/before/14?count=10 HTTP/1.1" 200 442
192.168.56.1 - - [23/Dec/2014:18:15:57 +0600] "GET /webservice/escenic/section/1 HTTP/1.1" 304 -
192.168.56.1 - - [23/Dec/2014:18:15:57 +0600] "OPTIONS /webservice/content/com.escenic.index-page/1 HTTP/1.1" 200 -
127.0.0.1 - - [23/Dec/2014:18:15:58 +0600] "GET /indexer-webservice/index/before/-98?count=100 HTTP/1.1" 204 -
127.0.0.1 - - [23/Dec/2014:18:15:59 +0600] "GET /indexer-webservice/index/after/135?count=100 HTTP/1.1" 204 -
192.168.56.1 - - [23/Dec/2014:18:16:01 +0600] "GET /webservice/escenic/changelog/inbox/2/after/135?count=10 HTTP/1.1" 200 440
192.168.56.1 - - [23/Dec/2014:18:16:01 +0600] "GET /webservice/escenic/changelog/inbox/2/before/14?count=10 HTTP/1.1" 200 442
192.168.56.1 - - [23/Dec/2014:18:16:03 +0600] "GET /webservice/escenic/section/1 HTTP/1.1" 304 -
192.168.56.1 - - [23/Dec/2014:18:16:03 +0600] "OPTIONS /webservice/content/com.escenic.index-page/1 HTTP/1.1" 200 -
127.0.0.1 - - [23/Dec/2014:18:16:04 +0600] "GET /indexer-webservice/index/after/135?count=100 HTTP/1.1" 204 -
192.168.56.1 - - [23/Dec/2014:18:16:07 +0600] "GET /webservice/escenic/changelog/inbox/2/after/135?count=10 HTTP/1.1" 200 440
192.168.56.1 - - [23/Dec/2014:18:16:07 +0600] "GET /webservice/escenic/changelog/inbox/2/before/14?count=10 HTTP/1.1" 200 442
127.0.0.1 - - [23/Dec/2014:18:16:09 +0600] "GET /indexer-webservice/index/after/135?count=100 HTTP/1.1" 204 -
192.168.56.1 - - [23/Dec/2014:18:16:09 +0600] "GET /webservice/escenic/section/1 HTTP/1.1" 304 -
192.168.56.1 - - [23/Dec/2014:18:16:09 +0600] "OPTIONS /webservice/content/com.escenic.index-page/1 HTTP/1.1" 200 -
192.168.56.1 - - [23/Dec/2014:18:16:13 +0600] "GET /webservice/escenic/changelog/inbox/2/after/135?count=10 HTTP/1.1" 200 440
192.168.56.1 - - [23/Dec/2014:18:16:13 +0600] "GET /webservice/escenic/changelog/inbox/2/before/14?count=10 HTTP/1.1" 200 442
127.0.0.1 - - [23/Dec/2014:18:16:14 +0600] "GET /indexer-webservice/index/after/135?count=100 HTTP/1.1" 204 -
192.168.56.1 - - [23/Dec/2014:18:16:15 +0600] "GET /webservice/escenic/section/1 HTTP/1.1" 304 -
192.168.56.1 - - [23/Dec/2014:18:16:15 +0600] "OPTIONS /webservice/content/com.escenic.index-page/1 HTTP/1.1" 200 -
127.0.0.1 - - [23/Dec/2014:18:16:19 +0600] "GET /indexer-webservice/index/after/135?count=100 HTTP/1.1" 204 -
192.168.56.1 - - [23/Dec/2014:18:16:19 +0600] "GET /webservice/escenic/changelog/inbox/2/after/135?count=10 HTTP/1.1" 200 440
192.168.56.1 - - [23/Dec/2014:18:16:19 +0600] "GET /webservice/escenic/changelog/inbox/2/before/14?count=10 HTTP/1.1" 200 442
192.168.56.1 - - [23/Dec/2014:18:16:21 +0600] "GET /webservice/escenic/section/1 HTTP/1.1" 304 -
192.168.56.1 - - [23/Dec/2014:18:16:21 +0600] "OPTIONS /webservice/content/com.escenic.index-page/1 HTTP/1.1" 200 -
127.0.0.1 - - [23/Dec/2014:18:16:24 +0600] "GET /indexer-webservice/index/after/135?count=100 HTTP/1.1" 204 -
192.168.56.1 - - [23/Dec/2014:18:16:25 +0600] "GET /webservice/escenic/changelog/inbox/2/after/135?count=10 HTTP/1.1" 200 440
192.168.56.1 - - [23/Dec/2014:18:16:25 +0600] "GET /webservice/escenic/changelog/inbox/2/before/14?count=10 HTTP/1.1" 200 442
192.168.56.1 - - [23/Dec/2014:18:16:27 +0600] "GET /webservice/escenic/section/1 HTTP/1.1" 304 -
192.168.56.1 - - [23/Dec/2014:18:16:27 +0600] "OPTIONS /webservice/content/com.escenic.index-page/1 HTTP/1.1" 200 -
127.0.0.1 - - [23/Dec/2014:18:16:29 +0600] "GET /indexer-webservice/index/after/135?count=100 HTTP/1.1" 204 -
192.168.56.1 - - [23/Dec/2014:18:16:31 +0600] "GET /webservice/escenic/changelog/inbox/2/after/135?count=10 HTTP/1.1" 200 440
192.168.56.1 - - [23/Dec/2014:18:16:31 +0600] "GET /webservice/escenic/changelog/inbox/2/before/14?count=10 HTTP/1.1" 200 442
192.168.56.1 - - [23/Dec/2014:18:16:33 +0600] "GET /webservice/escenic/section/1 HTTP/1.1" 304 -
192.168.56.1 - - [23/Dec/2014:18:16:33 +0600] "OPTIONS /webservice/content/com.escenic.index-page/1 HTTP/1.1" 200 -
127.0.0.1 - - [23/Dec/2014:18:16:34 +0600] "GET /indexer-webservice/index/after/135?count=100 HTTP/1.1" 204 -
192.168.56.1 - - [23/Dec/2014:18:16:37 +0600] "GET /webservice/escenic/changelog/inbox/2/after/135?count=10 HTTP/1.1" 200 440
192.168.56.1 - - [23/Dec/2014:18:16:37 +0600] "GET /webservice/escenic/changelog/inbox/2/before/14?count=10 HTTP/1.1" 200 442
127.0.0.1 - - [23/Dec/2014:18:16:39 +0600] "GET /indexer-webservice/index/after/135?count=100 HTTP/1.1" 204 -
192.168.56.1 - - [23/Dec/2014:18:16:39 +0600] "GET /webservice/escenic/section/1 HTTP/1.1" 304 -
192.168.56.1 - - [23/Dec/2014:18:16:39 +0600] "OPTIONS /webservice/content/com.escenic.index-page/1 HTTP/1.1" 200 -
192.168.56.1 - - [23/Dec/2014:18:16:43 +0600] "GET /webservice/escenic/changelog/inbox/2/after/135?count=10 HTTP/1.1" 200 440
192.168.56.1 - - [23/Dec/2014:18:16:43 +0600] "GET /webservice/escenic/changelog/inbox/2/before/14?count=10 HTTP/1.1" 200 442
127.0.0.1 - - [23/Dec/2014:18:16:44 +0600] "GET /indexer-webservice/index/after/135?count=100 HTTP/1.1" 204 -
192.168.56.1 - - [23/Dec/2014:18:16:45 +0600] "GET /webservice/escenic/section/1 HTTP/1.1" 304 -
192.168.56.1 - - [23/Dec/2014:18:16:45 +0600] "OPTIONS /webservice/content/com.escenic.index-page/1 HTTP/1.1" 200 -
127.0.0.1 - - [23/Dec/2014:18:16:49 +0600] "GET /indexer-webservice/index/after/135?count=100 HTTP/1.1" 204 -
192.168.56.1 - - [23/Dec/2014:18:16:49 +0600] "GET /webservice/escenic/changelog/inbox/2/after/135?count=10 HTTP/1.1" 200 440
192.168.56.1 - - [23/Dec/2014:18:16:49 +0600] "GET /webservice/escenic/changelog/inbox/2/before/14?count=10 HTTP/1.1" 200 442
192.168.56.1 - - [23/Dec/2014:18:16:51 +0600] "GET /webservice/escenic/section/1 HTTP/1.1" 304 -
192.168.56.1 - - [23/Dec/2014:18:16:51 +0600] "OPTIONS /webservice/content/com.escenic.index-page/1 HTTP/1.1" 200 -
127.0.0.1 - - [23/Dec/2014:18:16:54 +0600] "GET /indexer-webservice/index/after/135?count=100 HTTP/1.1" 204 -
192.168.56.1 - - [23/Dec/2014:18:16:55 +0600] "GET /webservice/escenic/changelog/inbox/2/after/135?count=10 HTTP/1.1" 200 440
192.168.56.1 - - [23/Dec/2014:18:16:55 +0600] "GET /webservice/escenic/changelog/inbox/2/before/14?count=10 HTTP/1.1" 200 442
192.168.56.1 - - [23/Dec/2014:18:16:57 +0600] "GET /webservice/escenic/section/1 HTTP/1.1" 304 -
192.168.56.1 - - [23/Dec/2014:18:16:57 +0600] "OPTIONS /webservice/content/com.escenic.index-page/1 HTTP/1.1" 200 -
127.0.0.1 - - [23/Dec/2014:18:16:58 +0600] "GET /indexer-webservice/index/before/-98?count=100 HTTP/1.1" 204 -
127.0.0.1 - - [23/Dec/2014:18:16:59 +0600] "GET /indexer-webservice/index/after/135?count=100 HTTP/1.1" 204 -
192.168.56.1 - - [23/Dec/2014:18:17:01 +0600] "GET /webservice/escenic/changelog/inbox/2/after/135?count=10 HTTP/1.1" 200 440
192.168.56.1 - - [23/Dec/2014:18:17:01 +0600] "GET /webservice/escenic/changelog/inbox/2/before/14?count=10 HTTP/1.1" 200 442
192.168.56.1 - - [23/Dec/2014:18:17:03 +0600] "GET /webservice/escenic/section/1 HTTP/1.1" 304 -
192.168.56.1 - - [23/Dec/2014:18:17:03 +0600] "OPTIONS /webservice/content/com.escenic.index-page/1 HTTP/1.1" 200 -
127.0.0.1 - - [23/Dec/2014:18:17:04 +0600] "GET /indexer-webservice/index/after/135?count=100 HTTP/1.1" 204 -
192.168.56.1 - - [23/Dec/2014:18:17:07 +0600] "GET /webservice/escenic/changelog/inbox/2/after/135?count=10 HTTP/1.1" 200 440
192.168.56.1 - - [23/Dec/2014:18:17:07 +0600] "GET /webservice/escenic/changelog/inbox/2/before/14?count=10 HTTP/1.1" 200 442
192.168.56.1 - - [23/Dec/2014:18:17:09 +0600] "GET /webservice/escenic/section/1 HTTP/1.1" 304 -
127.0.0.1 - - [23/Dec/2014:18:17:09 +0600] "GET /indexer-webservice/index/after/135?count=100 HTTP/1.1" 204 -
192.168.56.1 - - [23/Dec/2014:18:17:09 +0600] "OPTIONS /webservice/content/com.escenic.index-page/1 HTTP/1.1" 200 -
192.168.56.1 - - [23/Dec/2014:18:17:09 +0600] "POST /webservice/escenic/section/2/content-items HTTP/1.1" 201 -
192.168.56.1 - - [23/Dec/2014:18:17:10 +0600] "GET /webservice/escenic/content/15 HTTP/1.1" 200 4034
192.168.56.1 - - [23/Dec/2014:18:17:09 +0600] "GET /webservice/escenic/publication/demo/ HTTP/1.1" 304 -
192.168.56.1 - - [23/Dec/2014:18:17:10 +0600] "GET /webservice/escenic/section/2 HTTP/1.1" 304 -
192.168.56.1 - - [23/Dec/2014:18:17:10 +0600] "GET /webservice/escenic/section/1 HTTP/1.1" 304 -
192.168.56.1 - - [23/Dec/2014:18:17:10 +0600] "GET /webservice/content/com.escenic.inbox/2 HTTP/1.1" 304 -
192.168.56.1 - - [23/Dec/2014:18:17:09 +0600] "HEAD /webservice/escenic/content/15 HTTP/1.1" 200 -
192.168.56.1 - - [23/Dec/2014:18:17:09 +0600] "GET /webservice/escenic/content/15 HTTP/1.1" 200 4034
192.168.56.1 - - [23/Dec/2014:18:17:10 +0600] "GET /webservice/escenic/section/2 HTTP/1.1" 304 -
192.168.56.1 - - [23/Dec/2014:18:17:10 +0600] "GET /webservice/escenic/section/1 HTTP/1.1" 304 -
192.168.56.1 - - [23/Dec/2014:18:17:10 +0600] "GET /webservice-extensions/core/article-history?language=en&locale=en_US&url=http://kibria-vm:8080/webservice/escenic/content/15/log/ HTTP/1.1" 302 -
192.168.56.1 - - [23/Dec/2014:18:17:10 +0600] "GET /webservice-extensions/core/article-history/?language=en&locale=en_US&url=http://kibria-vm:8080/webservice/escenic/content/15/log/ HTTP/1.1" 200 547
192.168.56.1 - - [23/Dec/2014:18:17:10 +0600] "GET /webservice-extensions/core/article-history/bundle/ArticleHistory.properties?_=1419315431421 HTTP/1.1" 200 325
192.168.56.1 - - [23/Dec/2014:18:17:09 +0600] "POST /webservice/escenic/list-pool/2 HTTP/1.1" 201 349
192.168.56.1 - - [23/Dec/2014:18:17:10 +0600] "GET /webservice-extensions/core/article-history/bundle/ArticleHistory_en.properties?_=1419315431431 HTTP/1.1" 404 87
192.168.56.1 - - [23/Dec/2014:18:17:10 +0600] "GET /webservice/escenic/content/15/log/?count=10 HTTP/1.1" 200 1283
192.168.56.1 - - [23/Dec/2014:18:17:11 +0600] "HEAD /webservice/escenic/content/15 HTTP/1.1" 200 -
192.168.56.1 - - [23/Dec/2014:18:17:11 +0600] "GET /webservice/escenic/lock/article/15 HTTP/1.1" 200 325
192.168.56.1 - - [23/Dec/2014:18:17:11 +0600] "GET /webservice/publication/demo/usage/article/15 HTTP/1.1" 200 124
192.168.56.1 - - [23/Dec/2014:18:17:11 +0600] "PUT /webservice/publication/demo/roaming-profile/com.escenic.studio.core.clipboard.ClipboardUI HTTP/1.1" 200 -
192.168.56.1 - - [23/Dec/2014:18:17:13 +0600] "GET /webservice/escenic/content/14 HTTP/1.1" 304 -
192.168.56.1 - - [23/Dec/2014:18:17:13 +0600] "GET /webservice/escenic/lock/article/14 HTTP/1.1" 200 325
192.168.56.1 - - [23/Dec/2014:18:17:13 +0600] "GET /webservice/escenic/changelog/inbox/2/after/135?count=10 HTTP/1.1" 200 5495
192.168.56.1 - - [23/Dec/2014:18:17:13 +0600] "GET /webservice/escenic/changelog/inbox/2/after/137?count=10 HTTP/1.1" 200 440
192.168.56.1 - - [23/Dec/2014:18:17:13 +0600] "GET /webservice/escenic/changelog/inbox/2/before/14?count=10 HTTP/1.1" 200 442
127.0.0.1 - - [23/Dec/2014:18:17:14 +0600] "GET /indexer-webservice/index/after/135?count=100 HTTP/1.1" 200 1433
127.0.0.1 - - [23/Dec/2014:18:17:14 +0600] "GET /indexer-webservice/index/after/136?count=100 HTTP/1.1" 204 -
127.0.0.1 - - [23/Dec/2014:18:17:14 +0600] "POST /solr/update/ HTTP/1.1" 200 148
192.168.56.1 - - [23/Dec/2014:18:17:15 +0600] "GET /webservice/escenic/section/1 HTTP/1.1" 304 -
192.168.56.1 - - [23/Dec/2014:18:17:15 +0600] "OPTIONS /webservice/content/com.escenic.index-page/1 HTTP/1.1" 200 -
192.168.56.1 - - [23/Dec/2014:18:17:15 +0600] "GET /webservice/escenic/lock/article/14 HTTP/1.1" 200 325
192.168.56.1 - - [23/Dec/2014:18:17:17 +0600] "GET /webservice/escenic/lock/article/15 HTTP/1.1" 200 325
192.168.56.1 - - [23/Dec/2014:18:17:19 +0600] "GET /webservice/escenic/content/15 HTTP/1.1" 304 -
192.168.56.1 - - [23/Dec/2014:18:17:19 +0600] "GET /webservice/escenic/changelog/inbox/2/after/137?count=10 HTTP/1.1" 200 440
192.168.56.1 - - [23/Dec/2014:18:17:19 +0600] "GET /webservice/escenic/changelog/inbox/2/before/14?count=10 HTTP/1.1" 200 442
192.168.56.1 - - [23/Dec/2014:18:17:19 +0600] "GET /webservice/escenic/lock/article/15 HTTP/1.1" 200 325
127.0.0.1 - - [23/Dec/2014:18:17:19 +0600] "GET /indexer-webservice/index/after/136?count=100 HTTP/1.1" 204 -
192.168.56.1 - - [23/Dec/2014:18:17:21 +0600] "GET /webservice/escenic/section/1 HTTP/1.1" 304 -
192.168.56.1 - - [23/Dec/2014:18:17:21 +0600] "OPTIONS /webservice/content/com.escenic.index-page/1 HTTP/1.1" 200 -
192.168.56.1 - - [23/Dec/2014:18:17:21 +0600] "GET /webservice/escenic/lock/article/15 HTTP/1.1" 200 325
192.168.56.1 - - [23/Dec/2014:18:17:21 +0600] "HEAD /webservice/escenic/content/15 HTTP/1.1" 200 -
192.168.56.1 - - [23/Dec/2014:18:17:22 +0600] "GET /webservice/publication/demo/usage/article/15 HTTP/1.1" 200 124
192.168.56.1 - - [23/Dec/2014:18:17:22 +0600] "GET /webservice/escenic/lock/article/15 HTTP/1.1" 200 325
127.0.0.1 - - [23/Dec/2014:18:17:24 +0600] "GET /indexer-webservice/index/after/136?count=100 HTTP/1.1" 204 -
192.168.56.1 - - [23/Dec/2014:18:17:25 +0600] "GET /webservice/escenic/content/15 HTTP/1.1" 304 -
192.168.56.1 - - [23/Dec/2014:18:17:25 +0600] "GET /webservice/escenic/changelog/inbox/2/after/137?count=10 HTTP/1.1" 200 440
192.168.56.1 - - [23/Dec/2014:18:17:25 +0600] "GET /webservice/escenic/changelog/inbox/2/before/14?count=10 HTTP/1.1" 200 442
192.168.56.1 - - [23/Dec/2014:18:17:25 +0600] "GET /webservice/escenic/lock/article/15 HTTP/1.1" 200 325
192.168.56.1 - - [23/Dec/2014:18:17:27 +0600] "GET /webservice/escenic/section/1 HTTP/1.1" 304 -
192.168.56.1 - - [23/Dec/2014:18:17:27 +0600] "OPTIONS /webservice/content/com.escenic.index-page/1 HTTP/1.1" 200 -
192.168.56.1 - - [23/Dec/2014:18:17:27 +0600] "GET /webservice/escenic/lock/article/15 HTTP/1.1" 200 325
192.168.56.1 - - [23/Dec/2014:18:17:29 +0600] "GET /webservice/escenic/lock/article/15 HTTP/1.1" 200 325
127.0.0.1 - - [23/Dec/2014:18:17:29 +0600] "GET /indexer-webservice/index/after/136?count=100 HTTP/1.1" 204 -
192.168.56.1 - - [23/Dec/2014:18:17:31 +0600] "GET /webservice/escenic/content/15 HTTP/1.1" 304 -
192.168.56.1 - - [23/Dec/2014:18:17:31 +0600] "GET /webservice/escenic/changelog/inbox/2/after/137?count=10 HTTP/1.1" 200 440
192.168.56.1 - - [23/Dec/2014:18:17:31 +0600] "GET /webservice/escenic/changelog/inbox/2/before/14?count=10 HTTP/1.1" 200 442
192.168.56.1 - - [23/Dec/2014:18:17:31 +0600] "GET /webservice/escenic/lock/article/15 HTTP/1.1" 200 325
192.168.56.1 - - [23/Dec/2014:18:17:33 +0600] "GET /webservice/escenic/section/1 HTTP/1.1" 304 -
192.168.56.1 - - [23/Dec/2014:18:17:33 +0600] "OPTIONS /webservice/content/com.escenic.index-page/1 HTTP/1.1" 200 -
192.168.56.1 - - [23/Dec/2014:18:17:33 +0600] "HEAD /webservice/escenic/content/15 HTTP/1.1" 200 -
192.168.56.1 - - [23/Dec/2014:18:17:33 +0600] "GET /webservice/escenic/lock/article/15 HTTP/1.1" 200 325
192.168.56.1 - - [23/Dec/2014:18:17:33 +0600] "GET /webservice/publication/demo/usage/article/15 HTTP/1.1" 200 124
127.0.0.1 - - [23/Dec/2014:18:17:34 +0600] "GET /indexer-webservice/index/after/136?count=100 HTTP/1.1" 204 -
192.168.56.1 - - [23/Dec/2014:18:17:35 +0600] "GET /webservice/escenic/lock/article/15 HTTP/1.1" 200 325
192.168.56.1 - - [23/Dec/2014:18:17:37 +0600] "GET /webservice/escenic/content/15 HTTP/1.1" 304 -
192.168.56.1 - - [23/Dec/2014:18:17:37 +0600] "GET /webservice/escenic/changelog/inbox/2/after/137?count=10 HTTP/1.1" 200 440
192.168.56.1 - - [23/Dec/2014:18:17:37 +0600] "GET /webservice/escenic/changelog/inbox/2/before/14?count=10 HTTP/1.1" 200 442
192.168.56.1 - - [23/Dec/2014:18:17:37 +0600] "GET /webservice/escenic/lock/article/15 HTTP/1.1" 200 325
192.168.56.1 - - [23/Dec/2014:18:17:39 +0600] "GET /webservice/escenic/section/1 HTTP/1.1" 304 -
192.168.56.1 - - [23/Dec/2014:18:17:39 +0600] "OPTIONS /webservice/content/com.escenic.index-page/1 HTTP/1.1" 200 -
192.168.56.1 - - [23/Dec/2014:18:17:39 +0600] "GET /webservice/escenic/lock/article/15 HTTP/1.1" 200 325
127.0.0.1 - - [23/Dec/2014:18:17:39 +0600] "GET /indexer-webservice/index/after/136?count=100 HTTP/1.1" 204 -
192.168.56.1 - - [23/Dec/2014:18:17:41 +0600] "GET /webservice/escenic/lock/article/15 HTTP/1.1" 200 325
192.168.56.1 - - [23/Dec/2014:18:17:43 +0600] "GET /webservice/escenic/content/15 HTTP/1.1" 304 -
192.168.56.1 - - [23/Dec/2014:18:17:43 +0600] "GET /webservice/escenic/changelog/inbox/2/after/137?count=10 HTTP/1.1" 200 440
192.168.56.1 - - [23/Dec/2014:18:17:43 +0600] "GET /webservice/escenic/changelog/inbox/2/before/14?count=10 HTTP/1.1" 200 442
192.168.56.1 - - [23/Dec/2014:18:17:43 +0600] "GET /webservice/escenic/lock/article/15 HTTP/1.1" 200 325
192.168.56.1 - - [23/Dec/2014:18:17:43 +0600] "HEAD /webservice/escenic/content/15 HTTP/1.1" 200 -
192.168.56.1 - - [23/Dec/2014:18:17:44 +0600] "GET /webservice/publication/demo/usage/article/15 HTTP/1.1" 200 124
127.0.0.1 - - [23/Dec/2014:18:17:44 +0600] "GET /indexer-webservice/index/after/136?count=100 HTTP/1.1" 204 -
192.168.56.1 - - [23/Dec/2014:18:17:44 +0600] "GET /webservice/escenic/section/1 HTTP/1.1" 304 -
192.168.56.1 - - [23/Dec/2014:18:17:44 +0600] "OPTIONS /webservice/content/com.escenic.index-page/1 HTTP/1.1" 200 -
192.168.56.1 - - [23/Dec/2014:18:17:45 +0600] "GET /webservice/escenic/lock/article/15 HTTP/1.1" 200 325
192.168.56.1 - - [23/Dec/2014:18:17:47 +0600] "GET /webservice/escenic/lock/article/15 HTTP/1.1" 200 325
192.168.56.1 - - [23/Dec/2014:18:17:49 +0600] "GET /webservice/escenic/content/15 HTTP/1.1" 304 -
192.168.56.1 - - [23/Dec/2014:18:17:49 +0600] "GET /webservice/escenic/changelog/inbox/2/after/137?count=10 HTTP/1.1" 200 440
192.168.56.1 - - [23/Dec/2014:18:17:49 +0600] "GET /webservice/escenic/changelog/inbox/2/before/14?count=10 HTTP/1.1" 200 442
192.168.56.1 - - [23/Dec/2014:18:17:49 +0600] "GET /webservice/escenic/lock/article/15 HTTP/1.1" 200 325
127.0.0.1 - - [23/Dec/2014:18:17:49 +0600] "GET /indexer-webservice/index/after/136?count=100 HTTP/1.1" 204 -
192.168.56.1 - - [23/Dec/2014:18:17:51 +0600] "GET /webservice/escenic/section/1 HTTP/1.1" 304 -
192.168.56.1 - - [23/Dec/2014:18:17:51 +0600] "OPTIONS /webservice/content/com.escenic.index-page/1 HTTP/1.1" 200 -
192.168.56.1 - - [23/Dec/2014:18:17:51 +0600] "GET /webservice/escenic/lock/article/15 HTTP/1.1" 200 325
192.168.56.1 - - [23/Dec/2014:18:17:53 +0600] "GET /webservice/escenic/lock/article/15 HTTP/1.1" 200 325
127.0.0.1 - - [23/Dec/2014:18:17:55 +0600] "GET /indexer-webservice/index/after/136?count=100 HTTP/1.1" 204 -
192.168.56.1 - - [23/Dec/2014:18:17:55 +0600] "GET /webservice/escenic/content/15 HTTP/1.1" 304 -
192.168.56.1 - - [23/Dec/2014:18:17:55 +0600] "GET /webservice/escenic/changelog/inbox/2/after/137?count=10 HTTP/1.1" 200 440
192.168.56.1 - - [23/Dec/2014:18:17:55 +0600] "HEAD /webservice/escenic/content/15 HTTP/1.1" 200 -
192.168.56.1 - - [23/Dec/2014:18:17:55 +0600] "GET /webservice/escenic/changelog/inbox/2/before/14?count=10 HTTP/1.1" 200 442
192.168.56.1 - - [23/Dec/2014:18:17:55 +0600] "GET /webservice/publication/demo/usage/article/15 HTTP/1.1" 200 124
192.168.56.1 - - [23/Dec/2014:18:17:55 +0600] "GET /webservice/escenic/lock/article/15 HTTP/1.1" 200 325
192.168.56.1 - - [23/Dec/2014:18:17:57 +0600] "GET /webservice/escenic/section/1 HTTP/1.1" 304 -
192.168.56.1 - - [23/Dec/2014:18:17:57 +0600] "OPTIONS /webservice/content/com.escenic.index-page/1 HTTP/1.1" 200 -
192.168.56.1 - - [23/Dec/2014:18:17:57 +0600] "GET /webservice/escenic/lock/article/15 HTTP/1.1" 200 325
127.0.0.1 - - [23/Dec/2014:18:17:58 +0600] "GET /indexer-webservice/index/before/-98?count=100 HTTP/1.1" 204 -
192.168.56.1 - - [23/Dec/2014:18:17:59 +0600] "GET /webservice/escenic/lock/article/15 HTTP/1.1" 200 325
127.0.0.1 - - [23/Dec/2014:18:18:00 +0600] "GET /indexer-webservice/index/after/136?count=100 HTTP/1.1" 204 -
192.168.56.1 - - [23/Dec/2014:18:18:01 +0600] "GET /webservice/escenic/content/15 HTTP/1.1" 304 -
192.168.56.1 - - [23/Dec/2014:18:18:01 +0600] "GET /webservice/escenic/changelog/inbox/2/after/137?count=10 HTTP/1.1" 200 440
192.168.56.1 - - [23/Dec/2014:18:18:01 +0600] "GET /webservice/escenic/changelog/inbox/2/before/14?count=10 HTTP/1.1" 200 442
192.168.56.1 - - [23/Dec/2014:18:18:01 +0600] "GET /webservice/escenic/lock/article/15 HTTP/1.1" 200 325
192.168.56.1 - - [23/Dec/2014:18:18:03 +0600] "GET /webservice/escenic/section/1 HTTP/1.1" 304 -
192.168.56.1 - - [23/Dec/2014:18:18:03 +0600] "OPTIONS /webservice/content/com.escenic.index-page/1 HTTP/1.1" 200 -
192.168.56.1 - - [23/Dec/2014:18:18:03 +0600] "GET /webservice/escenic/lock/article/15 HTTP/1.1" 200 325
127.0.0.1 - - [23/Dec/2014:18:18:05 +0600] "GET /indexer-webservice/index/after/136?count=100 HTTP/1.1" 204 -
192.168.56.1 - - [23/Dec/2014:18:18:05 +0600] "GET /webservice/escenic/lock/article/15 HTTP/1.1" 200 325
192.168.56.1 - - [23/Dec/2014:18:18:05 +0600] "HEAD /webservice/escenic/content/15 HTTP/1.1" 200 -
192.168.56.1 - - [23/Dec/2014:18:18:06 +0600] "GET /webservice/publication/demo/usage/article/15 HTTP/1.1" 200 124
192.168.56.1 - - [23/Dec/2014:18:18:07 +0600] "GET /webservice/escenic/content/15 HTTP/1.1" 304 -
192.168.56.1 - - [23/Dec/2014:18:18:06 +0600] "GET /webservice/escenic/changelog/inbox/2/after/137?count=10 HTTP/1.1" 200 440
192.168.56.1 - - [23/Dec/2014:18:18:06 +0600] "GET /webservice/escenic/changelog/inbox/2/before/14?count=10 HTTP/1.1" 200 442
192.168.56.1 - - [23/Dec/2014:18:18:07 +0600] "GET /webservice/escenic/lock/article/15 HTTP/1.1" 200 325
192.168.56.1 - - [23/Dec/2014:18:18:09 +0600] "GET /webservice/escenic/section/1 HTTP/1.1" 304 -
192.168.56.1 - - [23/Dec/2014:18:18:09 +0600] "OPTIONS /webservice/content/com.escenic.index-page/1 HTTP/1.1" 200 -
192.168.56.1 - - [23/Dec/2014:18:18:09 +0600] "GET /webservice/escenic/lock/article/15 HTTP/1.1" 200 325
127.0.0.1 - - [23/Dec/2014:18:18:10 +0600] "GET /indexer-webservice/index/after/136?count=100 HTTP/1.1" 204 -
192.168.56.1 - - [23/Dec/2014:18:18:11 +0600] "GET /webservice/escenic/lock/article/15 HTTP/1.1" 200 325
192.168.56.1 - - [23/Dec/2014:18:18:13 +0600] "GET /webservice/escenic/content/15 HTTP/1.1" 304 -
192.168.56.1 - - [23/Dec/2014:18:18:13 +0600] "GET /webservice/escenic/changelog/inbox/2/after/137?count=10 HTTP/1.1" 200 440
192.168.56.1 - - [23/Dec/2014:18:18:13 +0600] "GET /webservice/escenic/changelog/inbox/2/before/14?count=10 HTTP/1.1" 200 442
192.168.56.1 - - [23/Dec/2014:18:18:13 +0600] "GET /webservice/escenic/lock/article/15 HTTP/1.1" 200 325
127.0.0.1 - - [23/Dec/2014:18:18:15 +0600] "GET /indexer-webservice/index/after/136?count=100 HTTP/1.1" 204 -
192.168.56.1 - - [23/Dec/2014:18:18:15 +0600] "GET /webservice/escenic/section/1 HTTP/1.1" 304 -
192.168.56.1 - - [23/Dec/2014:18:18:15 +0600] "OPTIONS /webservice/content/com.escenic.index-page/1 HTTP/1.1" 200 -
192.168.56.1 - - [23/Dec/2014:18:18:15 +0600] "GET /webservice/escenic/lock/article/15 HTTP/1.1" 200 325
192.168.56.1 - - [23/Dec/2014:18:18:17 +0600] "HEAD /webservice/escenic/content/15 HTTP/1.1" 200 -
192.168.56.1 - - [23/Dec/2014:18:18:17 +0600] "GET /webservice/escenic/lock/article/15 HTTP/1.1" 200 325
192.168.56.1 - - [23/Dec/2014:18:18:17 +0600] "GET /webservice/publication/demo/usage/article/15 HTTP/1.1" 200 124
192.168.56.1 - - [23/Dec/2014:18:18:19 +0600] "GET /webservice/escenic/content/15 HTTP/1.1" 304 -
192.168.56.1 - - [23/Dec/2014:18:18:19 +0600] "GET /webservice/escenic/changelog/inbox/2/after/137?count=10 HTTP/1.1" 200 440
192.168.56.1 - - [23/Dec/2014:18:18:19 +0600] "GET /webservice/escenic/changelog/inbox/2/before/14?count=10 HTTP/1.1" 200 442
192.168.56.1 - - [23/Dec/2014:18:18:19 +0600] "GET /webservice/escenic/lock/article/15 HTTP/1.1" 200 325
127.0.0.1 - - [23/Dec/2014:18:18:20 +0600] "GET /indexer-webservice/index/after/136?count=100 HTTP/1.1" 204 -
192.168.56.1 - - [23/Dec/2014:18:18:21 +0600] "GET /webservice/escenic/section/1 HTTP/1.1" 304 -
192.168.56.1 - - [23/Dec/2014:18:18:21 +0600] "OPTIONS /webservice/content/com.escenic.index-page/1 HTTP/1.1" 200 -
192.168.56.1 - - [23/Dec/2014:18:18:21 +0600] "GET /webservice/escenic/lock/article/15 HTTP/1.1" 200 325
192.168.56.1 - - [23/Dec/2014:18:18:23 +0600] "GET /webservice/escenic/lock/article/15 HTTP/1.1" 200 325
127.0.0.1 - - [23/Dec/2014:18:18:25 +0600] "GET /indexer-webservice/index/after/136?count=100 HTTP/1.1" 204 -
192.168.56.1 - - [23/Dec/2014:18:18:25 +0600] "GET /webservice/escenic/content/15 HTTP/1.1" 304 -
192.168.56.1 - - [23/Dec/2014:18:18:25 +0600] "GET /webservice/escenic/changelog/inbox/2/after/137?count=10 HTTP/1.1" 200 440
192.168.56.1 - - [23/Dec/2014:18:18:25 +0600] "GET /webservice/escenic/changelog/inbox/2/before/14?count=10 HTTP/1.1" 200 442
192.168.56.1 - - [23/Dec/2014:18:18:25 +0600] "GET /webservice/escenic/lock/article/15 HTTP/1.1" 200 325
192.168.56.1 - - [23/Dec/2014:18:18:27 +0600] "GET /webservice/escenic/section/1 HTTP/1.1" 304 -
192.168.56.1 - - [23/Dec/2014:18:18:27 +0600] "OPTIONS /webservice/content/com.escenic.index-page/1 HTTP/1.1" 200 -
192.168.56.1 - - [23/Dec/2014:18:18:27 +0600] "GET /webservice/escenic/lock/article/15 HTTP/1.1" 200 325
192.168.56.1 - - [23/Dec/2014:18:18:27 +0600] "HEAD /webservice/escenic/content/15 HTTP/1.1" 200 -
192.168.56.1 - - [23/Dec/2014:18:18:28 +0600] "GET /webservice/publication/demo/usage/article/15 HTTP/1.1" 200 124
192.168.56.1 - - [23/Dec/2014:18:18:28 +0600] "GET /webservice/escenic/lock/article/15 HTTP/1.1" 200 325
127.0.0.1 - - [23/Dec/2014:18:18:30 +0600] "GET /indexer-webservice/index/after/136?count=100 HTTP/1.1" 204 -
192.168.56.1 - - [23/Dec/2014:18:18:31 +0600] "GET /webservice/escenic/content/15 HTTP/1.1" 304 -
192.168.56.1 - - [23/Dec/2014:18:18:31 +0600] "GET /webservice/escenic/changelog/inbox/2/after/137?count=10 HTTP/1.1" 200 440
192.168.56.1 - - [23/Dec/2014:18:18:31 +0600] "GET /webservice/escenic/changelog/inbox/2/before/14?count=10 HTTP/1.1" 200 442
192.168.56.1 - - [23/Dec/2014:18:18:31 +0600] "GET /webservice/escenic/lock/article/15 HTTP/1.1" 200 325
192.168.56.1 - - [23/Dec/2014:18:18:33 +0600] "GET /webservice/escenic/section/1 HTTP/1.1" 304 -
192.168.56.1 - - [23/Dec/2014:18:18:33 +0600] "OPTIONS /webservice/content/com.escenic.index-page/1 HTTP/1.1" 200 -
192.168.56.1 - - [23/Dec/2014:18:18:33 +0600] "GET /webservice/escenic/lock/article/15 HTTP/1.1" 200 325
127.0.0.1 - - [23/Dec/2014:18:18:35 +0600] "GET /indexer-webservice/index/after/136?count=100 HTTP/1.1" 204 -
192.168.56.1 - - [23/Dec/2014:18:18:35 +0600] "GET /webservice/escenic/lock/article/15 HTTP/1.1" 200 325
192.168.56.1 - - [23/Dec/2014:18:18:37 +0600] "GET /webservice/escenic/content/15 HTTP/1.1" 304 -
192.168.56.1 - - [23/Dec/2014:18:18:37 +0600] "GET /webservice/escenic/changelog/inbox/2/after/137?count=10 HTTP/1.1" 200 440
192.168.56.1 - - [23/Dec/2014:18:18:37 +0600] "GET /webservice/escenic/changelog/inbox/2/before/14?count=10 HTTP/1.1" 200 442
192.168.56.1 - - [23/Dec/2014:18:18:37 +0600] "GET /webservice/escenic/lock/article/15 HTTP/1.1" 200 325
192.168.56.1 - - [23/Dec/2014:18:18:39 +0600] "GET /webservice/escenic/section/1 HTTP/1.1" 304 -
192.168.56.1 - - [23/Dec/2014:18:18:39 +0600] "HEAD /webservice/escenic/content/15 HTTP/1.1" 200 -
192.168.56.1 - - [23/Dec/2014:18:18:39 +0600] "OPTIONS /webservice/content/com.escenic.index-page/1 HTTP/1.1" 200 -
192.168.56.1 - - [23/Dec/2014:18:18:39 +0600] "GET /webservice/escenic/lock/article/15 HTTP/1.1" 200 325
192.168.56.1 - - [23/Dec/2014:18:18:39 +0600] "GET /webservice/publication/demo/usage/article/15 HTTP/1.1" 200 124
127.0.0.1 - - [23/Dec/2014:18:18:40 +0600] "GET /indexer-webservice/index/after/136?count=100 HTTP/1.1" 204 -
192.168.56.1 - - [23/Dec/2014:18:18:41 +0600] "GET /webservice/escenic/lock/article/15 HTTP/1.1" 200 325
192.168.56.1 - - [23/Dec/2014:18:18:43 +0600] "GET /webservice/escenic/content/15 HTTP/1.1" 304 -
192.168.56.1 - - [23/Dec/2014:18:18:43 +0600] "GET /webservice/escenic/changelog/inbox/2/after/137?count=10 HTTP/1.1" 200 440
192.168.56.1 - - [23/Dec/2014:18:18:43 +0600] "GET /webservice/escenic/changelog/inbox/2/before/14?count=10 HTTP/1.1" 200 442
192.168.56.1 - - [23/Dec/2014:18:18:43 +0600] "GET /webservice/escenic/lock/article/15 HTTP/1.1" 200 325
127.0.0.1 - - [23/Dec/2014:18:18:45 +0600] "GET /indexer-webservice/index/after/136?count=100 HTTP/1.1" 204 -
192.168.56.1 - - [23/Dec/2014:18:18:45 +0600] "GET /webservice/escenic/section/1 HTTP/1.1" 304 -
192.168.56.1 - - [23/Dec/2014:18:18:45 +0600] "OPTIONS /webservice/content/com.escenic.index-page/1 HTTP/1.1" 200 -
192.168.56.1 - - [23/Dec/2014:18:18:45 +0600] "GET /webservice/escenic/lock/article/15 HTTP/1.1" 200 325
192.168.56.1 - - [23/Dec/2014:18:18:47 +0600] "GET /webservice/escenic/lock/article/15 HTTP/1.1" 200 325
192.168.56.1 - - [23/Dec/2014:18:18:49 +0600] "GET /webservice/escenic/content/15 HTTP/1.1" 304 -
192.168.56.1 - - [23/Dec/2014:18:18:49 +0600] "GET /webservice/escenic/changelog/inbox/2/after/137?count=10 HTTP/1.1" 200 440
192.168.56.1 - - [23/Dec/2014:18:18:49 +0600] "GET /webservice/escenic/changelog/inbox/2/before/14?count=10 HTTP/1.1" 200 442
192.168.56.1 - - [23/Dec/2014:18:18:49 +0600] "GET /webservice/escenic/lock/article/15 HTTP/1.1" 200 325
127.0.0.1 - - [23/Dec/2014:18:18:50 +0600] "GET /indexer-webservice/index/after/136?count=100 HTTP/1.1" 204 -
192.168.56.1 - - [23/Dec/2014:18:18:49 +0600] "HEAD /webservice/escenic/content/15 HTTP/1.1" 200 -
192.168.56.1 - - [23/Dec/2014:18:18:50 +0600] "GET /webservice/publication/demo/usage/article/15 HTTP/1.1" 200 124
192.168.56.1 - - [23/Dec/2014:18:18:50 +0600] "GET /webservice/escenic/section/1 HTTP/1.1" 304 -
192.168.56.1 - - [23/Dec/2014:18:18:50 +0600] "OPTIONS /webservice/content/com.escenic.index-page/1 HTTP/1.1" 200 -
192.168.56.1 - - [23/Dec/2014:18:18:51 +0600] "GET /webservice/escenic/lock/article/15 HTTP/1.1" 200 325
192.168.56.1 - - [23/Dec/2014:18:18:53 +0600] "GET /webservice/escenic/lock/article/15 HTTP/1.1" 200 325
127.0.0.1 - - [23/Dec/2014:18:18:55 +0600] "GET /indexer-webservice/index/after/136?count=100 HTTP/1.1" 204 -
192.168.56.1 - - [23/Dec/2014:18:18:55 +0600] "GET /webservice/escenic/content/15 HTTP/1.1" 304 -
192.168.56.1 - - [23/Dec/2014:18:18:55 +0600] "GET /webservice/escenic/changelog/inbox/2/after/137?count=10 HTTP/1.1" 200 440
192.168.56.1 - - [23/Dec/2014:18:18:55 +0600] "GET /webservice/escenic/changelog/inbox/2/before/14?count=10 HTTP/1.1" 200 442
192.168.56.1 - - [23/Dec/2014:18:18:55 +0600] "GET /webservice/escenic/lock/article/15 HTTP/1.1" 200 325
192.168.56.1 - - [23/Dec/2014:18:18:57 +0600] "GET /webservice/escenic/section/1 HTTP/1.1" 304 -
192.168.56.1 - - [23/Dec/2014:18:18:57 +0600] "OPTIONS /webservice/content/com.escenic.index-page/1 HTTP/1.1" 200 -
192.168.56.1 - - [23/Dec/2014:18:18:57 +0600] "GET /webservice/escenic/lock/article/15 HTTP/1.1" 200 325
127.0.0.1 - - [23/Dec/2014:18:18:58 +0600] "GET /indexer-webservice/index/before/-98?count=100 HTTP/1.1" 204 -
192.168.56.1 - - [23/Dec/2014:18:18:59 +0600] "GET /webservice/escenic/lock/article/15 HTTP/1.1" 200 325
127.0.0.1 - - [23/Dec/2014:18:19:00 +0600] "GET /indexer-webservice/index/after/136?count=100 HTTP/1.1" 204 -
192.168.56.1 - - [23/Dec/2014:18:19:01 +0600] "GET /webservice/escenic/content/15 HTTP/1.1" 304 -
192.168.56.1 - - [23/Dec/2014:18:19:01 +0600] "GET /webservice/escenic/changelog/inbox/2/after/137?count=10 HTTP/1.1" 200 440
192.168.56.1 - - [23/Dec/2014:18:19:01 +0600] "HEAD /webservice/escenic/content/15 HTTP/1.1" 200 -
192.168.56.1 - - [23/Dec/2014:18:19:01 +0600] "GET /webservice/escenic/changelog/inbox/2/before/14?count=10 HTTP/1.1" 200 442
192.168.56.1 - - [23/Dec/2014:18:19:01 +0600] "GET /webservice/publication/demo/usage/article/15 HTTP/1.1" 200 124
192.168.56.1 - - [23/Dec/2014:18:19:01 +0600] "GET /webservice/escenic/lock/article/15 HTTP/1.1" 200 325
192.168.56.1 - - [23/Dec/2014:18:19:03 +0600] "GET /webservice/escenic/section/1 HTTP/1.1" 304 -
192.168.56.1 - - [23/Dec/2014:18:19:03 +0600] "OPTIONS /webservice/content/com.escenic.index-page/1 HTTP/1.1" 200 -
192.168.56.1 - - [23/Dec/2014:18:19:03 +0600] "GET /webservice/escenic/lock/article/15 HTTP/1.1" 200 325
127.0.0.1 - - [23/Dec/2014:18:19:05 +0600] "GET /indexer-webservice/index/after/136?count=100 HTTP/1.1" 204 -
192.168.56.1 - - [23/Dec/2014:18:19:05 +0600] "GET /webservice/escenic/lock/article/15 HTTP/1.1" 200 325
192.168.56.1 - - [23/Dec/2014:18:19:07 +0600] "GET /webservice/escenic/content/15 HTTP/1.1" 304 -
192.168.56.1 - - [23/Dec/2014:18:19:07 +0600] "GET /webservice/escenic/changelog/inbox/2/after/137?count=10 HTTP/1.1" 200 440
192.168.56.1 - - [23/Dec/2014:18:19:07 +0600] "GET /webservice/escenic/changelog/inbox/2/before/14?count=10 HTTP/1.1" 200 442
192.168.56.1 - - [23/Dec/2014:18:19:07 +0600] "GET /webservice/escenic/lock/article/15 HTTP/1.1" 200 325
192.168.56.1 - - [23/Dec/2014:18:19:09 +0600] "GET /webservice/escenic/section/1 HTTP/1.1" 304 -
192.168.56.1 - - [23/Dec/2014:18:19:09 +0600] "OPTIONS /webservice/content/com.escenic.index-page/1 HTTP/1.1" 200 -
192.168.56.1 - - [23/Dec/2014:18:19:09 +0600] "GET /webservice/escenic/lock/article/15 HTTP/1.1" 200 325
127.0.0.1 - - [23/Dec/2014:18:19:10 +0600] "GET /indexer-webservice/index/after/136?count=100 HTTP/1.1" 204 -
192.168.56.1 - - [23/Dec/2014:18:19:11 +0600] "GET /webservice/escenic/lock/article/15 HTTP/1.1" 200 325
192.168.56.1 - - [23/Dec/2014:18:19:12 +0600] "HEAD /webservice/escenic/content/15 HTTP/1.1" 200 -
192.168.56.1 - - [23/Dec/2014:18:19:12 +0600] "GET /webservice/publication/demo/usage/article/15 HTTP/1.1" 200 124
192.168.56.1 - - [23/Dec/2014:18:19:13 +0600] "GET /webservice/escenic/content/15 HTTP/1.1" 304 -
192.168.56.1 - - [23/Dec/2014:18:19:12 +0600] "GET /webservice/escenic/changelog/inbox/2/after/137?count=10 HTTP/1.1" 200 440
192.168.56.1 - - [23/Dec/2014:18:19:13 +0600] "GET /webservice/escenic/changelog/inbox/2/before/14?count=10 HTTP/1.1" 200 442
192.168.56.1 - - [23/Dec/2014:18:19:13 +0600] "GET /webservice/escenic/lock/article/15 HTTP/1.1" 200 325
127.0.0.1 - - [23/Dec/2014:18:19:15 +0600] "GET /indexer-webservice/index/after/136?count=100 HTTP/1.1" 204 -
192.168.56.1 - - [23/Dec/2014:18:19:15 +0600] "GET /webservice/escenic/section/1 HTTP/1.1" 304 -
192.168.56.1 - - [23/Dec/2014:18:19:15 +0600] "GET /webservice/escenic/lock/article/15 HTTP/1.1" 200 325
192.168.56.1 - - [23/Dec/2014:18:19:15 +0600] "OPTIONS /webservice/content/com.escenic.index-page/1 HTTP/1.1" 200 -
192.168.56.1 - - [23/Dec/2014:18:19:17 +0600] "GET /webservice/escenic/lock/article/15 HTTP/1.1" 200 325
192.168.56.1 - - [23/Dec/2014:18:19:19 +0600] "GET /webservice/escenic/changelog/inbox/2/after/137?count=10 HTTP/1.1" 200 440
192.168.56.1 - - [23/Dec/2014:18:19:19 +0600] "GET /webservice/escenic/changelog/inbox/2/before/14?count=10 HTTP/1.1" 200 442
127.0.0.1 - - [23/Dec/2014:18:19:20 +0600] "GET /indexer-webservice/index/after/136?count=100 HTTP/1.1" 204 -
192.168.56.1 - - [23/Dec/2014:18:19:19 +0600] "GET /webservice/escenic/content/15 HTTP/1.1" 304 -
192.168.56.1 - - [23/Dec/2014:18:19:19 +0600] "GET /webservice/escenic/lock/article/15 HTTP/1.1" 200 325
192.168.56.1 - - [23/Dec/2014:18:19:21 +0600] "GET /webservice/escenic/lock/article/15 HTTP/1.1" 200 325
192.168.56.1 - - [23/Dec/2014:18:19:21 +0600] "GET /webservice/escenic/section/1 HTTP/1.1" 304 -
192.168.56.1 - - [23/Dec/2014:18:19:21 +0600] "OPTIONS /webservice/content/com.escenic.index-page/1 HTTP/1.1" 200 -
192.168.56.1 - - [23/Dec/2014:18:19:23 +0600] "HEAD /webservice/escenic/content/15 HTTP/1.1" 200 -
192.168.56.1 - - [23/Dec/2014:18:19:23 +0600] "GET /webservice/escenic/lock/article/15 HTTP/1.1" 200 325
192.168.56.1 - - [23/Dec/2014:18:19:23 +0600] "GET /webservice/publication/demo/usage/article/15 HTTP/1.1" 200 124
127.0.0.1 - - [23/Dec/2014:18:19:25 +0600] "GET /indexer-webservice/index/after/136?count=100 HTTP/1.1" 204 -
192.168.56.1 - - [23/Dec/2014:18:19:25 +0600] "GET /webservice/escenic/changelog/inbox/2/after/137?count=10 HTTP/1.1" 200 440
192.168.56.1 - - [23/Dec/2014:18:19:25 +0600] "GET /webservice/escenic/changelog/inbox/2/before/14?count=10 HTTP/1.1" 200 442
192.168.56.1 - - [23/Dec/2014:18:19:25 +0600] "GET /webservice/escenic/content/15 HTTP/1.1" 304 -
192.168.56.1 - - [23/Dec/2014:18:19:26 +0600] "GET /webservice/escenic/lock/article/15 HTTP/1.1" 200 325
192.168.56.1 - - [23/Dec/2014:18:19:27 +0600] "GET /webservice/escenic/lock/article/15 HTTP/1.1" 200 325
192.168.56.1 - - [23/Dec/2014:18:19:27 +0600] "GET /webservice/escenic/section/1 HTTP/1.1" 304 -
192.168.56.1 - - [23/Dec/2014:18:19:27 +0600] "OPTIONS /webservice/content/com.escenic.index-page/1 HTTP/1.1" 200 -
192.168.56.1 - - [23/Dec/2014:18:19:29 +0600] "GET /webservice/escenic/lock/article/15 HTTP/1.1" 200 325
127.0.0.1 - - [23/Dec/2014:18:19:30 +0600] "GET /indexer-webservice/index/after/136?count=100 HTTP/1.1" 204 -
192.168.56.1 - - [23/Dec/2014:18:19:31 +0600] "GET /webservice/escenic/changelog/inbox/2/after/137?count=10 HTTP/1.1" 200 440
192.168.56.1 - - [23/Dec/2014:18:19:31 +0600] "GET /webservice/escenic/changelog/inbox/2/before/14?count=10 HTTP/1.1" 200 442
192.168.56.1 - - [23/Dec/2014:18:19:32 +0600] "GET /webservice/escenic/content/15 HTTP/1.1" 304 -
192.168.56.1 - - [23/Dec/2014:18:19:32 +0600] "GET /webservice/escenic/lock/article/15 HTTP/1.1" 200 325
192.168.56.1 - - [23/Dec/2014:18:19:33 +0600] "GET /webservice/escenic/lock/article/15 HTTP/1.1" 200 325
192.168.56.1 - - [23/Dec/2014:18:19:33 +0600] "GET /webservice/escenic/section/1 HTTP/1.1" 304 -
192.168.56.1 - - [23/Dec/2014:18:19:33 +0600] "OPTIONS /webservice/content/com.escenic.index-page/1 HTTP/1.1" 200 -
192.168.56.1 - - [23/Dec/2014:18:19:33 +0600] "HEAD /webservice/escenic/content/15 HTTP/1.1" 200 -
192.168.56.1 - - [23/Dec/2014:18:19:34 +0600] "GET /webservice/publication/demo/usage/article/15 HTTP/1.1" 200 124
127.0.0.1 - - [23/Dec/2014:18:19:35 +0600] "GET /indexer-webservice/index/after/136?count=100 HTTP/1.1" 204 -
192.168.56.1 - - [23/Dec/2014:18:19:34 +0600] "GET /webservice/escenic/lock/article/15 HTTP/1.1" 200 325
192.168.56.1 - - [23/Dec/2014:18:19:37 +0600] "GET /webservice/escenic/changelog/inbox/2/after/137?count=10 HTTP/1.1" 200 440
192.168.56.1 - - [23/Dec/2014:18:19:38 +0600] "GET /webservice/escenic/content/15 HTTP/1.1" 304 -
192.168.56.1 - - [23/Dec/2014:18:19:37 +0600] "GET /webservice/escenic/changelog/inbox/2/before/14?count=10 HTTP/1.1" 200 442
192.168.56.1 - - [23/Dec/2014:18:19:38 +0600] "GET /webservice/escenic/lock/article/15 HTTP/1.1" 200 325
192.168.56.1 - - [23/Dec/2014:18:19:39 +0600] "GET /webservice/escenic/lock/article/15 HTTP/1.1" 200 325
192.168.56.1 - - [23/Dec/2014:18:19:39 +0600] "GET /webservice/escenic/section/1 HTTP/1.1" 304 -
127.0.0.1 - - [23/Dec/2014:18:19:40 +0600] "GET /indexer-webservice/index/after/136?count=100 HTTP/1.1" 204 -
192.168.56.1 - - [23/Dec/2014:18:19:39 +0600] "OPTIONS /webservice/content/com.escenic.index-page/1 HTTP/1.1" 200 -
192.168.56.1 - - [23/Dec/2014:18:19:41 +0600] "GET /webservice/escenic/lock/article/15 HTTP/1.1" 200 325
192.168.56.1 - - [23/Dec/2014:18:19:43 +0600] "GET /webservice/escenic/changelog/inbox/2/after/137?count=10 HTTP/1.1" 200 440
192.168.56.1 - - [23/Dec/2014:18:19:43 +0600] "GET /webservice/escenic/changelog/inbox/2/before/14?count=10 HTTP/1.1" 200 442
192.168.56.1 - - [23/Dec/2014:18:19:43 +0600] "GET /webservice/escenic/content/15 HTTP/1.1" 304 -
192.168.56.1 - - [23/Dec/2014:18:19:43 +0600] "GET /webservice/escenic/lock/article/15 HTTP/1.1" 200 325
127.0.0.1 - - [23/Dec/2014:18:19:45 +0600] "GET /indexer-webservice/index/after/136?count=100 HTTP/1.1" 204 -
192.168.56.1 - - [23/Dec/2014:18:19:45 +0600] "HEAD /webservice/escenic/content/15 HTTP/1.1" 200 -
192.168.56.1 - - [23/Dec/2014:18:19:45 +0600] "GET /webservice/escenic/lock/article/15 HTTP/1.1" 200 325
192.168.56.1 - - [23/Dec/2014:18:19:45 +0600] "GET /webservice/publication/demo/usage/article/15 HTTP/1.1" 200 124
192.168.56.1 - - [23/Dec/2014:18:19:45 +0600] "GET /webservice/escenic/section/1 HTTP/1.1" 304 -
192.168.56.1 - - [23/Dec/2014:18:19:47 +0600] "OPTIONS /webservice/content/com.escenic.index-page/1 HTTP/1.1" 200 -
192.168.56.1 - - [23/Dec/2014:18:19:47 +0600] "GET /webservice/escenic/lock/article/15 HTTP/1.1" 200 325
192.168.56.1 - - [23/Dec/2014:18:19:49 +0600] "GET /webservice/escenic/changelog/inbox/2/after/137?count=10 HTTP/1.1" 200 440
192.168.56.1 - - [23/Dec/2014:18:19:49 +0600] "GET /webservice/escenic/changelog/inbox/2/before/14?count=10 HTTP/1.1" 200 442
192.168.56.1 - - [23/Dec/2014:18:19:49 +0600] "GET /webservice/escenic/content/15 HTTP/1.1" 304 -
127.0.0.1 - - [23/Dec/2014:18:19:50 +0600] "GET /indexer-webservice/index/after/136?count=100 HTTP/1.1" 204 -
192.168.56.1 - - [23/Dec/2014:18:19:49 +0600] "GET /webservice/escenic/lock/article/15 HTTP/1.1" 200 325
192.168.56.1 - - [23/Dec/2014:18:19:51 +0600] "GET /webservice/escenic/lock/article/15 HTTP/1.1" 200 325
192.168.56.1 - - [23/Dec/2014:18:19:53 +0600] "GET /webservice/escenic/section/1 HTTP/1.1" 304 -
192.168.56.1 - - [23/Dec/2014:18:19:53 +0600] "OPTIONS /webservice/content/com.escenic.index-page/1 HTTP/1.1" 200 -
192.168.56.1 - - [23/Dec/2014:18:19:53 +0600] "GET /webservice/escenic/lock/article/15 HTTP/1.1" 200 325
127.0.0.1 - - [23/Dec/2014:18:19:55 +0600] "GET /indexer-webservice/index/after/136?count=100 HTTP/1.1" 204 -
192.168.56.1 - - [23/Dec/2014:18:19:55 +0600] "GET /webservice/escenic/changelog/inbox/2/after/137?count=10 HTTP/1.1" 200 440
192.168.56.1 - - [23/Dec/2014:18:19:55 +0600] "GET /webservice/escenic/changelog/inbox/2/before/14?count=10 HTTP/1.1" 200 442
192.168.56.1 - - [23/Dec/2014:18:19:55 +0600] "GET /webservice/escenic/content/15 HTTP/1.1" 304 -
192.168.56.1 - - [23/Dec/2014:18:19:55 +0600] "GET /webservice/escenic/lock/article/15 HTTP/1.1" 200 325
192.168.56.1 - - [23/Dec/2014:18:19:55 +0600] "HEAD /webservice/escenic/content/15 HTTP/1.1" 200 -
192.168.56.1 - - [23/Dec/2014:18:19:56 +0600] "GET /webservice/publication/demo/usage/article/15 HTTP/1.1" 200 124
192.168.56.1 - - [23/Dec/2014:18:19:56 +0600] "GET /webservice/escenic/lock/article/15 HTTP/1.1" 200 325
127.0.0.1 - - [23/Dec/2014:18:19:58 +0600] "GET /indexer-webservice/index/before/-98?count=100 HTTP/1.1" 204 -
192.168.56.1 - - [23/Dec/2014:18:19:58 +0600] "GET /webservice/escenic/section/1 HTTP/1.1" 304 -
192.168.56.1 - - [23/Dec/2014:18:19:58 +0600] "OPTIONS /webservice/content/com.escenic.index-page/1 HTTP/1.1" 200 -
192.168.56.1 - - [23/Dec/2014:18:19:58 +0600] "GET /webservice/escenic/lock/article/15 HTTP/1.1" 200 325
127.0.0.1 - - [23/Dec/2014:18:20:00 +0600] "GET /indexer-webservice/index/after/136?count=100 HTTP/1.1" 204 -
192.168.56.1 - - [23/Dec/2014:18:20:01 +0600] "GET /webservice/escenic/changelog/inbox/2/after/137?count=10 HTTP/1.1" 200 440
192.168.56.1 - - [23/Dec/2014:18:20:01 +0600] "GET /webservice/escenic/changelog/inbox/2/before/14?count=10 HTTP/1.1" 200 442
192.168.56.1 - - [23/Dec/2014:18:20:01 +0600] "GET /webservice/escenic/content/15 HTTP/1.1" 304 -
192.168.56.1 - - [23/Dec/2014:18:20:01 +0600] "GET /webservice/escenic/lock/article/15 HTTP/1.1" 200 325
192.168.56.1 - - [23/Dec/2014:18:20:03 +0600] "GET /webservice/escenic/lock/article/15 HTTP/1.1" 200 325
192.168.56.1 - - [23/Dec/2014:18:20:05 +0600] "GET /webservice/escenic/section/1 HTTP/1.1" 304 -
127.0.0.1 - - [23/Dec/2014:18:20:05 +0600] "GET /indexer-webservice/index/after/136?count=100 HTTP/1.1" 204 -
192.168.56.1 - - [23/Dec/2014:18:20:05 +0600] "OPTIONS /webservice/content/com.escenic.index-page/1 HTTP/1.1" 200 -
192.168.56.1 - - [23/Dec/2014:18:20:05 +0600] "GET /webservice/escenic/lock/article/15 HTTP/1.1" 200 325
192.168.56.1 - - [23/Dec/2014:18:20:07 +0600] "GET /webservice/escenic/changelog/inbox/2/after/137?count=10 HTTP/1.1" 200 440
192.168.56.1 - - [23/Dec/2014:18:20:07 +0600] "GET /webservice/escenic/changelog/inbox/2/before/14?count=10 HTTP/1.1" 200 442
192.168.56.1 - - [23/Dec/2014:18:20:07 +0600] "GET /webservice/escenic/content/15 HTTP/1.1" 304 -
192.168.56.1 - - [23/Dec/2014:18:20:07 +0600] "HEAD /webservice/escenic/content/15 HTTP/1.1" 200 -
192.168.56.1 - - [23/Dec/2014:18:20:07 +0600] "GET /webservice/publication/demo/usage/article/15 HTTP/1.1" 200 124
192.168.56.1 - - [23/Dec/2014:18:20:08 +0600] "GET /webservice/escenic/lock/article/15 HTTP/1.1" 200 325
192.168.56.1 - - [23/Dec/2014:18:20:09 +0600] "GET /webservice/escenic/lock/article/15 HTTP/1.1" 200 325
127.0.0.1 - - [23/Dec/2014:18:20:10 +0600] "GET /indexer-webservice/index/after/136?count=100 HTTP/1.1" 204 -
192.168.56.1 - - [23/Dec/2014:18:20:10 +0600] "GET /webservice/escenic/section/1 HTTP/1.1" 304 -
192.168.56.1 - - [23/Dec/2014:18:20:10 +0600] "OPTIONS /webservice/content/com.escenic.index-page/1 HTTP/1.1" 200 -
192.168.56.1 - - [23/Dec/2014:18:20:10 +0600] "GET /webservice/escenic/lock/article/15 HTTP/1.1" 200 325
192.168.56.1 - - [23/Dec/2014:18:20:13 +0600] "GET /webservice/escenic/changelog/inbox/2/after/137?count=10 HTTP/1.1" 200 440
192.168.56.1 - - [23/Dec/2014:18:20:14 +0600] "GET /webservice/escenic/content/15 HTTP/1.1" 304 -
192.168.56.1 - - [23/Dec/2014:18:20:13 +0600] "GET /webservice/escenic/changelog/inbox/2/before/14?count=10 HTTP/1.1" 200 442
192.168.56.1 - - [23/Dec/2014:18:20:14 +0600] "GET /webservice/escenic/lock/article/15 HTTP/1.1" 200 325
127.0.0.1 - - [23/Dec/2014:18:20:15 +0600] "GET /indexer-webservice/index/after/136?count=100 HTTP/1.1" 204 -
192.168.56.1 - - [23/Dec/2014:18:20:15 +0600] "GET /webservice/escenic/lock/article/15 HTTP/1.1" 200 325
192.168.56.1 - - [23/Dec/2014:18:20:17 +0600] "GET /webservice/escenic/section/1 HTTP/1.1" 304 -
192.168.56.1 - - [23/Dec/2014:18:20:17 +0600] "GET /webservice/escenic/lock/article/15 HTTP/1.1" 200 325
192.168.56.1 - - [23/Dec/2014:18:20:18 +0600] "HEAD /webservice/escenic/content/15 HTTP/1.1" 200 -
192.168.56.1 - - [23/Dec/2014:18:20:18 +0600] "GET /webservice/publication/demo/usage/article/15 HTTP/1.1" 200 124
192.168.56.1 - - [23/Dec/2014:18:20:18 +0600] "OPTIONS /webservice/content/com.escenic.index-page/1 HTTP/1.1" 200 -
192.168.56.1 - - [23/Dec/2014:18:20:19 +0600] "GET /webservice/escenic/changelog/inbox/2/after/137?count=10 HTTP/1.1" 200 440
192.168.56.1 - - [23/Dec/2014:18:20:19 +0600] "GET /webservice/escenic/content/15 HTTP/1.1" 304 -
192.168.56.1 - - [23/Dec/2014:18:20:19 +0600] "GET /webservice/escenic/changelog/inbox/2/before/14?count=10 HTTP/1.1" 200 442
192.168.56.1 - - [23/Dec/2014:18:20:19 +0600] "GET /webservice/escenic/lock/article/15 HTTP/1.1" 200 325
127.0.0.1 - - [23/Dec/2014:18:20:20 +0600] "GET /indexer-webservice/index/after/136?count=100 HTTP/1.1" 204 -
192.168.56.1 - - [23/Dec/2014:18:20:21 +0600] "GET /webservice/escenic/lock/article/15 HTTP/1.1" 200 325
192.168.56.1 - - [23/Dec/2014:18:20:23 +0600] "GET /webservice/escenic/lock/article/15 HTTP/1.1" 200 325
192.168.56.1 - - [23/Dec/2014:18:20:25 +0600] "GET /webservice/escenic/section/1 HTTP/1.1" 304 -
127.0.0.1 - - [23/Dec/2014:18:20:25 +0600] "GET /indexer-webservice/index/after/136?count=100 HTTP/1.1" 204 -
192.168.56.1 - - [23/Dec/2014:18:20:25 +0600] "OPTIONS /webservice/content/com.escenic.index-page/1 HTTP/1.1" 200 -
192.168.56.1 - - [23/Dec/2014:18:20:25 +0600] "GET /webservice/escenic/changelog/inbox/2/after/137?count=10 HTTP/1.1" 200 440
192.168.56.1 - - [23/Dec/2014:18:20:25 +0600] "GET /webservice/escenic/changelog/inbox/2/before/14?count=10 HTTP/1.1" 200 442
192.168.56.1 - - [23/Dec/2014:18:20:26 +0600] "GET /webservice/escenic/content/15 HTTP/1.1" 304 -
192.168.56.1 - - [23/Dec/2014:18:20:26 +0600] "GET /webservice/escenic/lock/article/15 HTTP/1.1" 200 325
192.168.56.1 - - [23/Dec/2014:18:20:27 +0600] "GET /webservice/escenic/lock/article/15 HTTP/1.1" 200 325
192.168.56.1 - - [23/Dec/2014:18:20:29 +0600] "HEAD /webservice/escenic/content/15 HTTP/1.1" 200 -
192.168.56.1 - - [23/Dec/2014:18:20:29 +0600] "GET /webservice/escenic/lock/article/15 HTTP/1.1" 200 325
192.168.56.1 - - [23/Dec/2014:18:20:29 +0600] "GET /webservice/publication/demo/usage/article/15 HTTP/1.1" 200 124
127.0.0.1 - - [23/Dec/2014:18:20:30 +0600] "GET /indexer-webservice/index/after/136?count=100 HTTP/1.1" 204 -
192.168.56.1 - - [23/Dec/2014:18:20:29 +0600] "GET /webservice/escenic/section/1 HTTP/1.1" 304 -
192.168.56.1 - - [23/Dec/2014:18:20:29 +0600] "OPTIONS /webservice/content/com.escenic.index-page/1 HTTP/1.1" 200 -
192.168.56.1 - - [23/Dec/2014:18:20:31 +0600] "GET /webservice/escenic/content/15 HTTP/1.1" 304 -
192.168.56.1 - - [23/Dec/2014:18:20:31 +0600] "GET /webservice/escenic/changelog/inbox/2/after/137?count=10 HTTP/1.1" 200 440
192.168.56.1 - - [23/Dec/2014:18:20:31 +0600] "GET /webservice/escenic/changelog/inbox/2/before/14?count=10 HTTP/1.1" 200 442
192.168.56.1 - - [23/Dec/2014:18:20:31 +0600] "GET /webservice/escenic/lock/article/15 HTTP/1.1" 200 325
192.168.56.1 - - [23/Dec/2014:18:20:33 +0600] "GET /webservice/escenic/lock/article/15 HTTP/1.1" 200 325
127.0.0.1 - - [23/Dec/2014:18:20:35 +0600] "GET /indexer-webservice/index/after/136?count=100 HTTP/1.1" 204 -
192.168.56.1 - - [23/Dec/2014:18:20:35 +0600] "GET /webservice/escenic/lock/article/15 HTTP/1.1" 200 325
192.168.56.1 - - [23/Dec/2014:18:20:36 +0600] "GET /webservice/escenic/section/1 HTTP/1.1" 304 -
192.168.56.1 - - [23/Dec/2014:18:20:36 +0600] "OPTIONS /webservice/content/com.escenic.index-page/1 HTTP/1.1" 200 -
192.168.56.1 - - [23/Dec/2014:18:20:36 +0600] "GET /webservice/escenic/changelog/inbox/2/after/137?count=10 HTTP/1.1" 200 440
192.168.56.1 - - [23/Dec/2014:18:20:37 +0600] "GET /webservice/escenic/changelog/inbox/2/before/14?count=10 HTTP/1.1" 200 442
192.168.56.1 - - [23/Dec/2014:18:20:37 +0600] "GET /webservice/escenic/content/15 HTTP/1.1" 304 -
192.168.56.1 - - [23/Dec/2014:18:20:37 +0600] "GET /webservice/escenic/lock/article/15 HTTP/1.1" 200 325
192.168.56.1 - - [23/Dec/2014:18:20:39 +0600] "GET /webservice/escenic/lock/article/15 HTTP/1.1" 200 325
127.0.0.1 - - [23/Dec/2014:18:20:40 +0600] "GET /indexer-webservice/index/after/136?count=100 HTTP/1.1" 204 -
192.168.56.1 - - [23/Dec/2014:18:20:39 +0600] "HEAD /webservice/escenic/content/15 HTTP/1.1" 200 -
192.168.56.1 - - [23/Dec/2014:18:20:39 +0600] "GET /webservice/publication/demo/usage/article/15 HTTP/1.1" 200 124
