192.168.56.1 - - [23/Dec/2014:17:41:15 +0600] "GET /studio/ HTTP/1.1" 200 4173
192.168.56.1 - - [23/Dec/2014:17:41:25 +0600] "GET /studio/Studio.jnlp?user.country=&user.language=&com.escenic.sso.enabled=false&com.escenic.sso.provider=Google HTTP/1.1" 200 8843
192.168.56.1 - - [23/Dec/2014:17:41:30 +0600] "GET /studio/Studio.jnlp?user.country=&user.language=&com.escenic.sso.enabled=false&com.escenic.sso.provider=Google HTTP/1.1" 200 8843
192.168.56.1 - - [23/Dec/2014:17:41:30 +0600] "GET /studio/Studio.jnlp?user.country=&user.language=&com.escenic.sso.enabled=false&com.escenic.sso.provider=Google HTTP/1.1" 200 8843
192.168.56.1 - - [23/Dec/2014:17:41:30 +0600] "GET /studio/plugin/geocode.jnlp HTTP/1.1" 200 1064
192.168.56.1 - - [23/Dec/2014:17:41:30 +0600] "GET /studio/plugin/geocode.jnlp HTTP/1.1" 200 1064
192.168.56.1 - - [23/Dec/2014:17:41:30 +0600] "GET /studio/images/splash_screen.png HTTP/1.1" 304 -
192.168.56.1 - - [23/Dec/2014:17:41:30 +0600] "GET /studio/studio/studio-webstart-bootstrap-5.7.31.160659.jar.pack.gz HTTP/1.1" 404 1081
192.168.56.1 - - [23/Dec/2014:17:41:31 +0600] "GET /studio/studio/studio-webstart-bootstrap-5.7.31.160659.jar HTTP/1.1" 304 -
192.168.56.1 - - [23/Dec/2014:17:41:31 +0600] "GET /studio/studio/lib/abdera-parser-1.1.2.jar.pack.gz HTTP/1.1" 304 -
192.168.56.1 - - [23/Dec/2014:17:41:31 +0600] "GET /studio/studio/lib/abdera-core-1.1.2.jar.pack.gz HTTP/1.1" 304 -
192.168.56.1 - - [23/Dec/2014:17:41:31 +0600] "GET /studio/studio/lib/activation-1.1.jar.pack.gz HTTP/1.1" 304 -
192.168.56.1 - - [23/Dec/2014:17:41:31 +0600] "GET /studio/studio/lib/abdera-i18n-1.1.2.jar.pack.gz HTTP/1.1" 304 -
192.168.56.1 - - [23/Dec/2014:17:41:31 +0600] "GET /studio/studio/lib/asm-3.1.jar.pack.gz HTTP/1.1" 304 -
192.168.56.1 - - [23/Dec/2014:17:41:31 +0600] "GET /studio/studio/lib/apache-mime4j-core-0.7.2.jar.pack.gz HTTP/1.1" 304 -
192.168.56.1 - - [23/Dec/2014:17:41:31 +0600] "GET /studio/studio/lib/aspectjrt-1.6.11.jar.pack.gz HTTP/1.1" 304 -
192.168.56.1 - - [23/Dec/2014:17:41:31 +0600] "GET /studio/studio/lib/axiom-impl-1.2.10.jar.pack.gz HTTP/1.1" 304 -
192.168.56.1 - - [23/Dec/2014:17:41:31 +0600] "GET /studio/studio/lib/apache-mime4j-dom-0.7.2.jar.pack.gz HTTP/1.1" 304 -
192.168.56.1 - - [23/Dec/2014:17:41:31 +0600] "GET /studio/studio/lib/bcmail-jdk15-1.45.jar.pack.gz HTTP/1.1" 304 -
192.168.56.1 - - [23/Dec/2014:17:41:31 +0600] "GET /studio/studio/lib/axiom-api-1.2.10.jar.pack.gz HTTP/1.1" 304 -
192.168.56.1 - - [23/Dec/2014:17:41:31 +0600] "GET /studio/studio/lib/bsaf-1.9.jar.pack.gz HTTP/1.1" 304 -
192.168.56.1 - - [23/Dec/2014:17:41:31 +0600] "GET /studio/studio/lib/backport-util-concurrent-3.1.jar.pack.gz HTTP/1.1" 304 -
192.168.56.1 - - [23/Dec/2014:17:41:31 +0600] "GET /studio/studio/lib/canvas-element-1.4.5063.jar.pack.gz HTTP/1.1" 304 -
192.168.56.1 - - [23/Dec/2014:17:41:31 +0600] "GET /studio/studio/lib/client-api-1.7.31.160659.jar.pack.gz HTTP/1.1" 304 -
192.168.56.1 - - [23/Dec/2014:17:41:31 +0600] "GET /studio/studio/lib/boilerpipe-1.1.0.jar.pack.gz HTTP/1.1" 304 -
192.168.56.1 - - [23/Dec/2014:17:41:31 +0600] "GET /studio/studio/lib/common-image-3.0-ece-4.jar.pack.gz HTTP/1.1" 304 -
192.168.56.1 - - [23/Dec/2014:17:41:31 +0600] "GET /studio/studio/lib/common-io-3.0-ece-4.jar.pack.gz HTTP/1.1" 304 -
192.168.56.1 - - [23/Dec/2014:17:41:31 +0600] "GET /studio/studio/lib/common-lang-3.0-ece-4.jar.pack.gz HTTP/1.1" 304 -
192.168.56.1 - - [23/Dec/2014:17:41:31 +0600] "GET /studio/studio/lib/client-core-1.7.31.160659.jar.pack.gz HTTP/1.1" 304 -
192.168.56.1 - - [23/Dec/2014:17:41:31 +0600] "GET /studio/studio/lib/common-nursery-1.9.31.160659.jar.pack.gz HTTP/1.1" 304 -
192.168.56.1 - - [23/Dec/2014:17:41:31 +0600] "GET /studio/studio/lib/common-vdf-1.9.31.160659.jar.pack.gz HTTP/1.1" 304 -
192.168.56.1 - - [23/Dec/2014:17:41:31 +0600] "GET /studio/studio/lib/cglib-nodep-2.2.jar.pack.gz HTTP/1.1" 304 -
192.168.56.1 - - [23/Dec/2014:17:41:31 +0600] "GET /studio/studio/lib/commons-codec-1.5.jar.pack.gz HTTP/1.1" 304 -
192.168.56.1 - - [23/Dec/2014:17:41:31 +0600] "GET /studio/studio/lib/commons-beanutils-1.8.3.jar.pack.gz HTTP/1.1" 304 -
192.168.56.1 - - [23/Dec/2014:17:41:31 +0600] "GET /studio/studio/lib/commons-compress-1.4.1.jar.pack.gz HTTP/1.1" 304 -
192.168.56.1 - - [23/Dec/2014:17:41:31 +0600] "GET /studio/studio/lib/commons-collections-3.2.1.jar.pack.gz HTTP/1.1" 304 -
192.168.56.1 - - [23/Dec/2014:17:41:31 +0600] "GET /studio/studio/lib/commons-httpclient-3.1.jar.pack.gz HTTP/1.1" 304 -
192.168.56.1 - - [23/Dec/2014:17:41:32 +0600] "GET /studio/studio/lib/commons-io-2.1.jar.pack.gz HTTP/1.1" 304 -
192.168.56.1 - - [23/Dec/2014:17:41:32 +0600] "GET /studio/studio/lib/commons-logging-1.1.1.jar.pack.gz HTTP/1.1" 304 -
192.168.56.1 - - [23/Dec/2014:17:41:32 +0600] "GET /studio/studio/lib/commons-lang-2.6.jar.pack.gz HTTP/1.1" 304 -
192.168.56.1 - - [23/Dec/2014:17:41:32 +0600] "GET /studio/studio/lib/commons-pool-1.5.6.jar.pack.gz HTTP/1.1" 304 -
192.168.56.1 - - [23/Dec/2014:17:41:32 +0600] "GET /studio/studio/lib/common-util-1.9.31.160659.jar.pack.gz HTTP/1.1" 304 -
192.168.56.1 - - [23/Dec/2014:17:41:32 +0600] "GET /studio/studio/lib/ehcache-1.5.0.jar.pack.gz HTTP/1.1" 304 -
192.168.56.1 - - [23/Dec/2014:17:41:32 +0600] "GET /studio/studio/lib/dom4j-1.6.1.jar.pack.gz HTTP/1.1" 304 -
192.168.56.1 - - [23/Dec/2014:17:41:32 +0600] "GET /studio/studio/lib/forms-1.2.1.jar.pack.gz HTTP/1.1" 304 -
127.0.0.1 - - [23/Dec/2014:17:41:33 +0600] "GET /indexer-webservice/index/after/127?count=100 HTTP/1.1" 204 -
127.0.0.1 - - [23/Dec/2014:17:41:33 +0600] "GET /indexer-webservice/index/before/-98?count=100 HTTP/1.1" 204 -
192.168.56.1 - - [23/Dec/2014:17:41:32 +0600] "GET /studio/studio/lib/geronimo-stax-api_1.0_spec-1.0.1.jar.pack.gz HTTP/1.1" 304 -
192.168.56.1 - - [23/Dec/2014:17:41:32 +0600] "GET /studio/studio/lib/fontbox-1.7.0.jar.pack.gz HTTP/1.1" 304 -
192.168.56.1 - - [23/Dec/2014:17:41:32 +0600] "GET /studio/studio/lib/google-api-client-1.17.0-rc.jar.pack.gz HTTP/1.1" 304 -
192.168.56.1 - - [23/Dec/2014:17:41:32 +0600] "GET /studio/studio/lib/google-api-services-plus-v1-rev95-1.17.0-rc.jar.pack.gz HTTP/1.1" 304 -
192.168.56.1 - - [23/Dec/2014:17:41:32 +0600] "GET /studio/studio/lib/filters-2.0.235.jar.pack.gz HTTP/1.1" 304 -
192.168.56.1 - - [23/Dec/2014:17:41:32 +0600] "GET /studio/studio/lib/google-http-client-jackson2-1.17.0-rc.jar.pack.gz HTTP/1.1" 304 -
192.168.56.1 - - [23/Dec/2014:17:41:32 +0600] "GET /studio/studio/lib/google-oauth-client-java6-1.17.0-rc.jar.pack.gz HTTP/1.1" 304 -
192.168.56.1 - - [23/Dec/2014:17:41:32 +0600] "GET /studio/studio/lib/google-oauth-client-jetty-1.17.0-rc.jar.pack.gz HTTP/1.1" 304 -
192.168.56.1 - - [23/Dec/2014:17:41:32 +0600] "GET /studio/studio/lib/google-oauth-client-1.17.0-rc.jar.pack.gz HTTP/1.1" 304 -
192.168.56.1 - - [23/Dec/2014:17:41:32 +0600] "GET /studio/studio/lib/google-http-client-1.17.0-rc.jar.pack.gz HTTP/1.1" 304 -
192.168.56.1 - - [23/Dec/2014:17:41:33 +0600] "GET /studio/studio/lib/httpcache4j-api-3.4-escenic-5.jar.pack.gz HTTP/1.1" 304 -
192.168.56.1 - - [23/Dec/2014:17:41:33 +0600] "GET /studio/studio/lib/httpcache4j-core-3.4-escenic-5.jar.pack.gz HTTP/1.1" 304 -
192.168.56.1 - - [23/Dec/2014:17:41:33 +0600] "GET /studio/studio/lib/httpcache4j-storage-api-3.4-escenic-5.jar.pack.gz HTTP/1.1" 304 -
192.168.56.1 - - [23/Dec/2014:17:41:33 +0600] "GET /studio/studio/lib/htmlparser-1.6.jar.pack.gz HTTP/1.1" 304 -
192.168.56.1 - - [23/Dec/2014:17:41:33 +0600] "GET /studio/studio/lib/bcprov-jdk15-1.45.jar.pack.gz HTTP/1.1" 304 -
192.168.56.1 - - [23/Dec/2014:17:41:33 +0600] "GET /studio/studio/lib/imageio-core-3.0-ece-4.jar.pack.gz HTTP/1.1" 304 -
192.168.56.1 - - [23/Dec/2014:17:41:33 +0600] "GET /studio/studio/lib/imageio-jpeg-3.0-ece-4.jar.pack.gz HTTP/1.1" 304 -
192.168.56.1 - - [23/Dec/2014:17:41:33 +0600] "GET /studio/studio/lib/imageio-metadata-3.0-ece-4.jar.pack.gz HTTP/1.1" 304 -
192.168.56.1 - - [23/Dec/2014:17:41:33 +0600] "GET /studio/studio/lib/httpclient-4.3.jar.pack.gz HTTP/1.1" 304 -
192.168.56.1 - - [23/Dec/2014:17:41:33 +0600] "GET /studio/studio/lib/isorelax-20041111.jar.pack.gz HTTP/1.1" 304 -
192.168.56.1 - - [23/Dec/2014:17:41:33 +0600] "GET /studio/studio/lib/httpcore-4.3.jar.pack.gz HTTP/1.1" 304 -
192.168.56.1 - - [23/Dec/2014:17:41:33 +0600] "GET /studio/studio/lib/jackson-core-2.4.2.jar.pack.gz HTTP/1.1" 304 -
192.168.56.1 - - [23/Dec/2014:17:41:33 +0600] "GET /studio/studio/lib/isoparser-1.0-RC-1.jar.pack.gz HTTP/1.1" 304 -
192.168.56.1 - - [23/Dec/2014:17:41:34 +0600] "GET /studio/studio/lib/jackson-core-asl-1.7.3.jar.pack.gz HTTP/1.1" 304 -
192.168.56.1 - - [23/Dec/2014:17:41:34 +0600] "GET /studio/studio/lib/jackson-mapper-asl-1.7.3.jar.pack.gz HTTP/1.1" 304 -
192.168.56.1 - - [23/Dec/2014:17:41:34 +0600] "GET /studio/studio/lib/jdom-1.0.jar.pack.gz HTTP/1.1" 304 -
192.168.56.1 - - [23/Dec/2014:17:41:34 +0600] "GET /studio/studio/lib/jempbox-1.7.0.jar.pack.gz HTTP/1.1" 304 -
192.168.56.1 - - [23/Dec/2014:17:41:34 +0600] "GET /studio/studio/lib/jaxen-1.1.1.jar.pack.gz HTTP/1.1" 304 -
192.168.56.1 - - [23/Dec/2014:17:41:36 +0600] "GET /studio/studio/lib/jetty-util-6.1.19.jar.pack.gz HTTP/1.1" 304 -
192.168.56.1 - - [23/Dec/2014:17:41:36 +0600] "GET /studio/studio/lib/jetty-6.1.19.jar.pack.gz HTTP/1.1" 304 -
192.168.56.1 - - [23/Dec/2014:17:41:36 +0600] "GET /studio/studio/lib/jmock-1.2.0.jar.pack.gz HTTP/1.1" 304 -
192.168.56.1 - - [23/Dec/2014:17:41:36 +0600] "GET /studio/studio/lib/jmock-cglib-1.1.0.jar.pack.gz HTTP/1.1" 304 -
192.168.56.1 - - [23/Dec/2014:17:41:36 +0600] "GET /studio/studio/lib/jing-20091111.jar.pack.gz HTTP/1.1" 304 -
192.168.56.1 - - [23/Dec/2014:17:41:36 +0600] "GET /studio/studio/lib/json-20080701.jar.pack.gz HTTP/1.1" 304 -
192.168.56.1 - - [23/Dec/2014:17:41:36 +0600] "GET /studio/studio/lib/jsr107cache-1.0.jar.pack.gz HTTP/1.1" 304 -
192.168.56.1 - - [23/Dec/2014:17:41:36 +0600] "GET /studio/studio/lib/jsr305-1.3.9.jar.pack.gz HTTP/1.1" 304 -
192.168.56.1 - - [23/Dec/2014:17:41:36 +0600] "GET /studio/studio/lib/joda-time-2.4.jar.pack.gz HTTP/1.1" 304 -
192.168.56.1 - - [23/Dec/2014:17:41:37 +0600] "GET /studio/studio/lib/jtidy-r918-dev.jar.pack.gz HTTP/1.1" 304 -
192.168.56.1 - - [23/Dec/2014:17:41:37 +0600] "GET /studio/studio/lib/juniversalchardet-1.0.3.jar.pack.gz HTTP/1.1" 304 -
192.168.56.1 - - [23/Dec/2014:17:41:37 +0600] "GET /studio/studio/lib/log4j-1.2.17.jar.pack.gz HTTP/1.1" 304 -
192.168.56.1 - - [23/Dec/2014:17:41:37 +0600] "GET /studio/studio/lib/jai_core-1.1.3.jar.pack.gz HTTP/1.1" 304 -
192.168.56.1 - - [23/Dec/2014:17:41:37 +0600] "GET /studio/studio/lib/mail-1.4.jar.pack.gz HTTP/1.1" 304 -
127.0.0.1 - - [23/Dec/2014:17:41:38 +0600] "GET /indexer-webservice/index/after/127?count=100 HTTP/1.1" 204 -
192.168.56.1 - - [23/Dec/2014:17:41:38 +0600] "GET /studio/studio/lib/martha-core-1.4.5063.jar.pack.gz HTTP/1.1" 304 -
192.168.56.1 - - [23/Dec/2014:17:41:38 +0600] "GET /studio/studio/lib/martha-core-lib-1.4.5063.jar.pack.gz HTTP/1.1" 304 -
192.168.56.1 - - [23/Dec/2014:17:41:38 +0600] "GET /studio/studio/lib/metadata-extractor-2.4.1-ece-2.jar.pack.gz HTTP/1.1" 304 -
192.168.56.1 - - [23/Dec/2014:17:41:38 +0600] "GET /studio/studio/lib/martha-edf-1.4.5063.jar.pack.gz HTTP/1.1" 304 -
192.168.56.1 - - [23/Dec/2014:17:41:38 +0600] "GET /studio/studio/lib/model-core-1.7.31.160659.jar.pack.gz HTTP/1.1" 304 -
192.168.56.1 - - [23/Dec/2014:17:41:38 +0600] "GET /studio/studio/lib/opensearch-0.1.jar.pack.gz HTTP/1.1" 304 -
192.168.56.1 - - [23/Dec/2014:17:41:40 +0600] "GET /studio/studio/lib/pdfbox-1.7.0.jar.pack.gz HTTP/1.1" 304 -
192.168.56.1 - - [23/Dec/2014:17:41:42 +0600] "GET /studio/studio/lib/poi-3.8.jar.pack.gz HTTP/1.1" 304 -
192.168.56.1 - - [23/Dec/2014:17:41:42 +0600] "GET /studio/studio/lib/poi-ooxml-3.8.jar.pack.gz HTTP/1.1" 304 -
192.168.56.1 - - [23/Dec/2014:17:41:42 +0600] "GET /studio/studio/lib/guava-14.0.jar.pack.gz HTTP/1.1" 304 -
192.168.56.1 - - [23/Dec/2014:17:41:43 +0600] "GET /studio/studio/lib/netcdf-4.2-min.jar.pack.gz HTTP/1.1" 304 -
192.168.56.1 - - [23/Dec/2014:17:41:43 +0600] "GET /studio/studio/lib/resolvers-httpcomponents-httpclient-3.4.jar.pack.gz HTTP/1.1" 304 -
127.0.0.1 - - [23/Dec/2014:17:41:43 +0600] "GET /indexer-webservice/index/after/127?count=100 HTTP/1.1" 204 -
192.168.56.1 - - [23/Dec/2014:17:41:43 +0600] "GET /studio/studio/lib/poi-scratchpad-3.8.jar.pack.gz HTTP/1.1" 304 -
192.168.56.1 - - [23/Dec/2014:17:41:43 +0600] "GET /studio/studio/lib/rome-1.0.jar.pack.gz HTTP/1.1" 304 -
192.168.56.1 - - [23/Dec/2014:17:41:43 +0600] "GET /studio/studio/lib/lucene-core-4.6.0.jar.pack.gz HTTP/1.1" 304 -
192.168.56.1 - - [23/Dec/2014:17:41:43 +0600] "GET /studio/studio/lib/servlet-api-2.5-20081211.jar.pack.gz HTTP/1.1" 304 -
192.168.56.1 - - [23/Dec/2014:17:41:43 +0600] "GET /studio/studio/lib/slf4j-api-1.7.2.jar.pack.gz HTTP/1.1" 304 -
192.168.56.1 - - [23/Dec/2014:17:41:43 +0600] "GET /studio/studio/lib/slf4j-jdk14-1.7.2.jar.pack.gz HTTP/1.1" 304 -
192.168.56.1 - - [23/Dec/2014:17:41:43 +0600] "GET /studio/studio/lib/silk-1.3.jar.pack.gz HTTP/1.1" 304 -
192.168.56.1 - - [23/Dec/2014:17:41:43 +0600] "GET /studio/studio/lib/storage-file-3.4-escenic-5.jar.pack.gz HTTP/1.1" 304 -
192.168.56.1 - - [23/Dec/2014:17:41:43 +0600] "GET /studio/studio/lib/spellchecker-1.3.jar.pack.gz HTTP/1.1" 304 -
192.168.56.1 - - [23/Dec/2014:17:41:44 +0600] "GET /studio/studio/lib/studio-api-5.7.31.160659.jar.pack.gz HTTP/1.1" 304 -
192.168.56.1 - - [23/Dec/2014:17:41:44 +0600] "GET /studio/studio/lib/studio-swing-5.7.31.160659.jar.pack.gz HTTP/1.1" 304 -
192.168.56.1 - - [23/Dec/2014:17:41:44 +0600] "GET /studio/studio/lib/swing-worker-1.1.jar.pack.gz HTTP/1.1" 304 -
192.168.56.1 - - [23/Dec/2014:17:41:45 +0600] "GET /studio/studio/lib/rhino-1.7R3.jar.pack.gz HTTP/1.1" 304 -
192.168.56.1 - - [23/Dec/2014:17:41:45 +0600] "GET /studio/studio/lib/tagsoup-1.2.1.jar.pack.gz HTTP/1.1" 304 -
192.168.56.1 - - [23/Dec/2014:17:41:45 +0600] "GET /studio/studio/lib/swingx-0.9.2.jar.pack.gz HTTP/1.1" 304 -
192.168.56.1 - - [23/Dec/2014:17:41:45 +0600] "GET /studio/studio/lib/tika-core-1.2.jar.pack.gz HTTP/1.1" 304 -
192.168.56.1 - - [23/Dec/2014:17:41:46 +0600] "GET /studio/studio/lib/tango-icon-theme-0.8.0.jar.pack.gz HTTP/1.1" 304 -
192.168.56.1 - - [23/Dec/2014:17:41:46 +0600] "GET /studio/studio/lib/studio-core-5.7.31.160659.jar.pack.gz HTTP/1.1" 304 -
192.168.56.1 - - [23/Dec/2014:17:41:46 +0600] "GET /studio/studio/lib/timingframework-1.0.jar.pack.gz HTTP/1.1" 304 -
192.168.56.1 - - [23/Dec/2014:17:41:46 +0600] "GET /studio/studio/lib/vorbis-java-core-0.1-tests.jar.pack.gz HTTP/1.1" 304 -
192.168.56.1 - - [23/Dec/2014:17:41:46 +0600] "GET /studio/studio/lib/vorbis-java-core-0.1.jar.pack.gz HTTP/1.1" 304 -
192.168.56.1 - - [23/Dec/2014:17:41:46 +0600] "GET /studio/studio/lib/vorbis-java-tika-0.1.jar.pack.gz HTTP/1.1" 304 -
192.168.56.1 - - [23/Dec/2014:17:41:46 +0600] "GET /studio/studio/lib/tika-parsers-1.2.jar.pack.gz HTTP/1.1" 304 -
192.168.56.1 - - [23/Dec/2014:17:41:46 +0600] "GET /studio/studio/lib/trove4j-2.1.0.jar.pack.gz HTTP/1.1" 304 -
192.168.56.1 - - [23/Dec/2014:17:41:46 +0600] "GET /studio/studio/lib/xercesImpl-2.9.1.jar.pack.gz HTTP/1.1" 304 -
192.168.56.1 - - [23/Dec/2014:17:41:46 +0600] "GET /studio/studio/lib/xml-resolver-1.2.jar.pack.gz HTTP/1.1" 304 -
192.168.56.1 - - [23/Dec/2014:17:41:46 +0600] "GET /studio/studio/lib/xmlParserAPIs-2.6.2.jar.pack.gz HTTP/1.1" 304 -
192.168.56.1 - - [23/Dec/2014:17:41:46 +0600] "GET /studio/studio/lib/poi-ooxml-schemas-3.8.jar.pack.gz HTTP/1.1" 304 -
192.168.56.1 - - [23/Dec/2014:17:41:46 +0600] "GET /studio/studio/lib/xmlpull-1.1.3.1.jar.pack.gz HTTP/1.1" 304 -
192.168.56.1 - - [23/Dec/2014:17:41:46 +0600] "GET /studio/studio/lib/xml-apis-1.3.04.jar.pack.gz HTTP/1.1" 304 -
192.168.56.1 - - [23/Dec/2014:17:41:46 +0600] "GET /studio/studio/lib/xpp3_min-1.1.4c.jar.pack.gz HTTP/1.1" 304 -
192.168.56.1 - - [23/Dec/2014:17:41:46 +0600] "GET /studio/studio/lib/xom-1.1.jar.pack.gz HTTP/1.1" 304 -
192.168.56.1 - - [23/Dec/2014:17:41:47 +0600] "GET /studio/studio/lib/xz-1.0.jar.pack.gz HTTP/1.1" 304 -
192.168.56.1 - - [23/Dec/2014:17:41:47 +0600] "GET /studio/studio/plugin/geocode/lib/geocode-api-2.8.0.148641.jar HTTP/1.1" 304 -
192.168.56.1 - - [23/Dec/2014:17:41:47 +0600] "GET /studio/studio/plugin/geocode/lib/geocode-studio-2.8.0.148641.jar HTTP/1.1" 304 -
192.168.56.1 - - [23/Dec/2014:17:41:47 +0600] "GET /studio/studio/lib/xstream-1.4.3.jar.pack.gz HTTP/1.1" 304 -
192.168.56.1 - - [23/Dec/2014:17:41:47 +0600] "GET /studio/studio/lib/xalan-2.7.0.jar.pack.gz HTTP/1.1" 404 1033
192.168.56.1 - - [23/Dec/2014:17:41:47 +0600] "GET /studio/studio/lib/xalan-2.7.0.jar HTTP/1.1" 304 -
192.168.56.1 - - [23/Dec/2014:17:41:47 +0600] "GET /studio/studio/native/Windows/jniwrap-3.8.4.25232.jar.pack.gz HTTP/1.1" 304 -
192.168.56.1 - - [23/Dec/2014:17:41:47 +0600] "GET /studio/studio/native/Windows/comfyj-2.10.25210.jar.pack.gz HTTP/1.1" 304 -
192.168.56.1 - - [23/Dec/2014:17:41:47 +0600] "GET /studio/studio/native/Windows/winpack-3.8.4.jar.pack.gz HTTP/1.1" 304 -
192.168.56.1 - - [23/Dec/2014:17:41:47 +0600] "GET /studio/studio/lib/xmlbeans-2.3.0.jar.pack.gz HTTP/1.1" 304 -
127.0.0.1 - - [23/Dec/2014:17:41:48 +0600] "GET /indexer-webservice/index/after/127?count=100 HTTP/1.1" 204 -
192.168.56.1 - - [23/Dec/2014:17:41:51 +0600] "GET /studio/studio/plugin/geocode/lib/lucene-core-4.6.0.jar HTTP/1.1" 304 -
192.168.56.1 - - [23/Dec/2014:17:41:51 +0600] "GET /studio/images/escenic-icon-256.ico HTTP/1.1" 304 -
127.0.0.1 - - [23/Dec/2014:17:41:53 +0600] "GET /indexer-webservice/index/after/127?count=100 HTTP/1.1" 204 -
192.168.56.1 - - [23/Dec/2014:17:41:53 +0600] "GET /studio//studio/config/config.jar HTTP/1.1" 200 166
127.0.0.1 - - [23/Dec/2014:17:41:58 +0600] "GET /indexer-webservice/index/after/127?count=100 HTTP/1.1" 204 -
127.0.0.1 - - [23/Dec/2014:17:42:03 +0600] "GET /indexer-webservice/index/after/127?count=100 HTTP/1.1" 204 -
127.0.0.1 - - [23/Dec/2014:17:42:08 +0600] "GET /indexer-webservice/index/after/127?count=100 HTTP/1.1" 204 -
127.0.0.1 - - [23/Dec/2014:17:42:13 +0600] "GET /indexer-webservice/index/after/127?count=100 HTTP/1.1" 204 -
127.0.0.1 - - [23/Dec/2014:17:42:18 +0600] "GET /indexer-webservice/index/after/127?count=100 HTTP/1.1" 204 -
127.0.0.1 - - [23/Dec/2014:17:42:23 +0600] "GET /indexer-webservice/index/after/127?count=100 HTTP/1.1" 204 -
127.0.0.1 - - [23/Dec/2014:17:42:28 +0600] "GET /indexer-webservice/index/after/127?count=100 HTTP/1.1" 204 -
127.0.0.1 - - [23/Dec/2014:17:42:33 +0600] "GET /indexer-webservice/index/before/-98?count=100 HTTP/1.1" 204 -
127.0.0.1 - - [23/Dec/2014:17:42:33 +0600] "GET /indexer-webservice/index/after/127?count=100 HTTP/1.1" 204 -
127.0.0.1 - - [23/Dec/2014:17:42:38 +0600] "GET /indexer-webservice/index/after/127?count=100 HTTP/1.1" 204 -
127.0.0.1 - - [23/Dec/2014:17:42:43 +0600] "GET /indexer-webservice/index/after/127?count=100 HTTP/1.1" 204 -
127.0.0.1 - - [23/Dec/2014:17:42:48 +0600] "GET /indexer-webservice/index/after/127?count=100 HTTP/1.1" 204 -
127.0.0.1 - - [23/Dec/2014:17:42:53 +0600] "GET /indexer-webservice/index/after/127?count=100 HTTP/1.1" 204 -
127.0.0.1 - - [23/Dec/2014:17:42:58 +0600] "GET /indexer-webservice/index/after/127?count=100 HTTP/1.1" 204 -
127.0.0.1 - - [23/Dec/2014:17:43:03 +0600] "GET /indexer-webservice/index/after/127?count=100 HTTP/1.1" 204 -
127.0.0.1 - - [23/Dec/2014:17:43:08 +0600] "GET /indexer-webservice/index/after/127?count=100 HTTP/1.1" 204 -
127.0.0.1 - - [23/Dec/2014:17:43:13 +0600] "GET /indexer-webservice/index/after/127?count=100 HTTP/1.1" 204 -
127.0.0.1 - - [23/Dec/2014:17:43:18 +0600] "GET /indexer-webservice/index/after/127?count=100 HTTP/1.1" 204 -
127.0.0.1 - - [23/Dec/2014:17:43:23 +0600] "GET /indexer-webservice/index/after/127?count=100 HTTP/1.1" 204 -
127.0.0.1 - - [23/Dec/2014:17:43:28 +0600] "GET /indexer-webservice/index/after/127?count=100 HTTP/1.1" 204 -
127.0.0.1 - - [23/Dec/2014:17:43:33 +0600] "GET /indexer-webservice/index/before/-98?count=100 HTTP/1.1" 204 -
127.0.0.1 - - [23/Dec/2014:17:43:33 +0600] "GET /indexer-webservice/index/after/127?count=100 HTTP/1.1" 204 -
127.0.0.1 - - [23/Dec/2014:17:43:38 +0600] "GET /indexer-webservice/index/after/127?count=100 HTTP/1.1" 204 -
127.0.0.1 - - [23/Dec/2014:17:43:43 +0600] "GET /indexer-webservice/index/after/127?count=100 HTTP/1.1" 204 -
192.168.56.1 - - [23/Dec/2014:17:43:43 +0600] "GET /webservice/index.xml HTTP/1.1" 304 -
192.168.56.1 - - [23/Dec/2014:17:43:43 +0600] "GET /webservice/publication/demo/escenic/person/1 HTTP/1.1" 304 -
192.168.56.1 - - [23/Dec/2014:17:43:45 +0600] "GET /webservice/publication/demo/content-descriptions/ HTTP/1.1" 304 -
192.168.56.1 - - [23/Dec/2014:17:43:45 +0600] "GET /webservice/publication/demo/escenic/model/news HTTP/1.1" 304 -
192.168.56.1 - - [23/Dec/2014:17:43:45 +0600] "GET /webservice/publication/demo/escenic/model/review HTTP/1.1" 304 -
192.168.56.1 - - [23/Dec/2014:17:43:45 +0600] "GET /webservice/publication/demo/escenic/model/image HTTP/1.1" 304 -
192.168.56.1 - - [23/Dec/2014:17:43:45 +0600] "GET /webservice/publication/demo/escenic/model/geoNews HTTP/1.1" 304 -
192.168.56.1 - - [23/Dec/2014:17:43:45 +0600] "GET /webservice/publication/demo/content-groups/ HTTP/1.1" 304 -
192.168.56.1 - - [23/Dec/2014:17:43:45 +0600] "GET /webservice/publication/demo/escenic/section/ROOT/subsections HTTP/1.1" 304 -
192.168.56.1 - - [23/Dec/2014:17:43:45 +0600] "GET /webservice/publication/demo/roaming-profile/com.escenic.studio.core.usage HTTP/1.1" 200 1886
192.168.56.1 - - [23/Dec/2014:17:43:46 +0600] "GET /webservice/publication/demo/roaming-profile/com.escenic.studio.core.usage HTTP/1.1" 304 -
192.168.56.1 - - [23/Dec/2014:17:43:46 +0600] "GET /webservice/publication/demo/escenic/person/1 HTTP/1.1" 304 -
192.168.56.1 - - [23/Dec/2014:17:43:46 +0600] "GET /webservice/publication/demo/roaming-profile/com.escenic.studio.core.usage HTTP/1.1" 304 -
192.168.56.1 - - [23/Dec/2014:17:43:46 +0600] "GET /webservice/publication/demo/roaming-profile/com.escenic.studio.core.usage HTTP/1.1" 304 -
192.168.56.1 - - [23/Dec/2014:17:43:46 +0600] "GET /webservice/publication/demo/roaming-profile/com.escenic.studio.core.box.BoxContainerConfiguration HTTP/1.1" 404 -
192.168.56.1 - - [23/Dec/2014:17:43:46 +0600] "GET /webservice/escenic/publication/demo/ HTTP/1.1" 304 -
192.168.56.1 - - [23/Dec/2014:17:43:46 +0600] "GET /webservice/publication/demo/roaming-profile/com.escenic.studio.core.clipboard.ClipboardUI HTTP/1.1" 200 1232
192.168.56.1 - - [23/Dec/2014:17:43:47 +0600] "GET /webservice/escenic/content/12 HTTP/1.1" 200 4085
192.168.56.1 - - [23/Dec/2014:17:43:47 +0600] "GET /webservice/escenic/content/10 HTTP/1.1" 304 -
192.168.56.1 - - [23/Dec/2014:17:43:47 +0600] "GET /webservice/escenic/content/9 HTTP/1.1" 304 -
192.168.56.1 - - [23/Dec/2014:17:43:47 +0600] "GET /webservice-extensions/core/home-tab/index.html HTTP/1.1" 200 3303
192.168.56.1 - - [23/Dec/2014:17:43:47 +0600] "GET /webservice-extensions/core/home-tab/index.html HTTP/1.1" 200 3303
192.168.56.1 - - [23/Dec/2014:17:43:47 +0600] "GET /webservice/publication/demo/escenic/classification HTTP/1.1" 304 -
192.168.56.1 - - [23/Dec/2014:17:43:47 +0600] "GET /webservice-extensions/core/home-tab/css/styles.css HTTP/1.1" 200 2200
192.168.56.1 - - [23/Dec/2014:17:43:48 +0600] "GET /webservice/publication/demo/escenic/person/1 HTTP/1.1" 304 -
192.168.56.1 - - [23/Dec/2014:17:43:47 +0600] "GET /webservice/publication/demo/roaming-profile/com.escenic.studio.userpreference HTTP/1.1" 404 -
127.0.0.1 - - [23/Dec/2014:17:43:48 +0600] "GET /indexer-webservice/index/after/127?count=100 HTTP/1.1" 204 -
192.168.56.1 - - [23/Dec/2014:17:43:47 +0600] "GET /webservice-extensions/core/home-tab/gfx/splash-fill.png HTTP/1.1" 200 253
192.168.56.1 - - [23/Dec/2014:17:43:48 +0600] "GET /webservice-extensions/core/home-tab/gfx/splash-text.png HTTP/1.1" 200 1628
192.168.56.1 - - [23/Dec/2014:17:43:48 +0600] "GET /webservice-extensions/core/home-tab/gfx/splash-start.png HTTP/1.1" 200 2565
192.168.56.1 - - [23/Dec/2014:17:43:47 +0600] "GET /webservice-extensions/core/home-tab/gfx/splash-end.png HTTP/1.1" 200 20355
192.168.56.1 - - [23/Dec/2014:17:43:48 +0600] "GET /webservice/publication/demo/roaming-profile/com.escenic.studio.core.tagging.RecentMoveDestinations HTTP/1.1" 404 -
192.168.56.1 - - [23/Dec/2014:17:43:48 +0600] "GET /webservice/escenic/classification HTTP/1.1" 304 -
192.168.56.1 - - [23/Dec/2014:17:43:49 +0600] "GET /studio/dictinary.txt HTTP/1.1" 404 991
192.168.56.1 - - [23/Dec/2014:17:43:48 +0600] "GET /webservice/escenic/content/12 HTTP/1.1" 304 -
192.168.56.1 - - [23/Dec/2014:17:43:48 +0600] "OPTIONS /webservice/escenic/content/12 HTTP/1.1" 200 -
127.0.0.1 - - [23/Dec/2014:17:43:49 +0600] "POST /solr//select HTTP/1.1" 200 7629
192.168.56.1 - - [23/Dec/2014:17:43:49 +0600] "GET /webservice/publication/demo/search/%28meta-contenttype%3Anews%29%28meta-publication%3Ademo%29+AND+meta-orderby%3A%22creationDate+descending%22/?pw=1&c=50&tag= HTTP/1.1" 200 7629
192.168.56.1 - - [23/Dec/2014:17:43:49 +0600] "GET /webservice/publication/demo/escenic/section HTTP/1.1" 200 505
192.168.56.1 - - [23/Dec/2014:17:43:49 +0600] "GET /webservice/escenic/section/2 HTTP/1.1" 304 -
192.168.56.1 - - [23/Dec/2014:17:43:49 +0600] "GET /webservice/escenic/section/1 HTTP/1.1" 304 -
192.168.56.1 - - [23/Dec/2014:17:43:51 +0600] "HEAD /webservice/escenic/content/12 HTTP/1.1" 200 -
192.168.56.1 - - [23/Dec/2014:17:43:51 +0600] "HEAD /webservice/escenic/content/12 HTTP/1.1" 200 -
192.168.56.1 - - [23/Dec/2014:17:43:51 +0600] "GET /webservice/escenic/lock/article/12 HTTP/1.1" 200 325
192.168.56.1 - - [23/Dec/2014:17:43:51 +0600] "GET /webservice/publication/demo/usage/article/12 HTTP/1.1" 200 124
192.168.56.1 - - [23/Dec/2014:17:43:51 +0600] "GET /webservice/escenic/section/1 HTTP/1.1" 304 -
192.168.56.1 - - [23/Dec/2014:17:43:51 +0600] "GET /webservice/escenic/section/2 HTTP/1.1" 304 -
192.168.56.1 - - [23/Dec/2014:17:43:51 +0600] "GET /webservice-extensions/core/article-history?language=en&locale=en_US&url=http://kibria-vm:8080/webservice/escenic/content/12/log/ HTTP/1.1" 302 -
192.168.56.1 - - [23/Dec/2014:17:43:51 +0600] "GET /webservice-extensions/core/article-history/?language=en&locale=en_US&url=http://kibria-vm:8080/webservice/escenic/content/12/log/ HTTP/1.1" 200 547
192.168.56.1 - - [23/Dec/2014:17:43:51 +0600] "GET /webservice-extensions/core/article-history/css/styles.css HTTP/1.1" 200 1941
192.168.56.1 - - [23/Dec/2014:17:43:51 +0600] "GET /webservice-extensions/core/article-history/js/jquery.i18n.properties-min-1.0.9.js HTTP/1.1" 200 4409
192.168.56.1 - - [23/Dec/2014:17:43:51 +0600] "GET /webservice-extensions/core/article-history/js/jquery-1.8.3.min.js HTTP/1.1" 200 93637
192.168.56.1 - - [23/Dec/2014:17:43:51 +0600] "GET /webservice-extensions/core/article-history/js/scripts.js HTTP/1.1" 200 4479
192.168.56.1 - - [23/Dec/2014:17:43:51 +0600] "GET /webservice/escenic/lock/article/12 HTTP/1.1" 200 325
192.168.56.1 - - [23/Dec/2014:17:43:51 +0600] "GET /webservice-extensions/core/article-history/bundle/ArticleHistory.properties?_=1419313432249 HTTP/1.1" 200 325
192.168.56.1 - - [23/Dec/2014:17:43:51 +0600] "GET /webservice-extensions/core/article-history/bundle/ArticleHistory_en.properties?_=1419313432255 HTTP/1.1" 404 87
192.168.56.1 - - [23/Dec/2014:17:43:51 +0600] "GET /webservice-extensions/core/article-history/gfx/down-inactive.png HTTP/1.1" 200 320
192.168.56.1 - - [23/Dec/2014:17:43:51 +0600] "GET /webservice-extensions/core/article-history/gfx/up-inactive.png HTTP/1.1" 200 315
192.168.56.1 - - [23/Dec/2014:17:43:51 +0600] "GET /webservice-extensions/core/article-history/gfx/spinner.gif HTTP/1.1" 200 3954
192.168.56.1 - - [23/Dec/2014:17:43:51 +0600] "GET /webservice/escenic/content/12/log/?count=10 HTTP/1.1" 200 1568
192.168.56.1 - - [23/Dec/2014:17:43:51 +0600] "GET /webservice-extensions/core/article-history/gfx/state-draft.png HTTP/1.1" 200 336
192.168.56.1 - - [23/Dec/2014:17:43:51 +0600] "GET /webservice-extensions/core/article-history/gfx/state-published.png HTTP/1.1" 200 497
192.168.56.1 - - [23/Dec/2014:17:43:53 +0600] "GET /webservice/escenic/lock/article/12 HTTP/1.1" 200 325
127.0.0.1 - - [23/Dec/2014:17:43:53 +0600] "GET /indexer-webservice/index/after/127?count=100 HTTP/1.1" 204 -
192.168.56.1 - - [23/Dec/2014:17:43:53 +0600] "GET /webservice/escenic/content/12 HTTP/1.1" 304 -
192.168.56.1 - - [23/Dec/2014:17:43:55 +0600] "GET /webservice/escenic/lock/article/12 HTTP/1.1" 200 325
192.168.56.1 - - [23/Dec/2014:17:43:57 +0600] "GET /webservice/escenic/lock/article/12 HTTP/1.1" 200 325
127.0.0.1 - - [23/Dec/2014:17:43:58 +0600] "GET /indexer-webservice/index/after/127?count=100 HTTP/1.1" 204 -
192.168.56.1 - - [23/Dec/2014:17:43:59 +0600] "HEAD /webservice/escenic/content/12 HTTP/1.1" 200 -
192.168.56.1 - - [23/Dec/2014:17:43:59 +0600] "GET /webservice/escenic/lock/article/12 HTTP/1.1" 200 325
192.168.56.1 - - [23/Dec/2014:17:43:59 +0600] "GET /webservice/publication/demo/usage/article/12 HTTP/1.1" 200 124
192.168.56.1 - - [23/Dec/2014:17:43:59 +0600] "GET /webservice/escenic/content/12 HTTP/1.1" 200 4085
192.168.56.1 - - [23/Dec/2014:17:43:59 +0600] "POST /webservice/escenic/lock/article/12 HTTP/1.1" 201 -
192.168.56.1 - - [23/Dec/2014:17:43:59 +0600] "GET /webservice/escenic/lock/article/12/private/8a HTTP/1.1" 303 -
192.168.56.1 - - [23/Dec/2014:17:43:59 +0600] "GET /webservice/escenic/lock/article/12/public/729 HTTP/1.1" 200 794
192.168.56.1 - - [23/Dec/2014:17:43:59 +0600] "GET /webservice/escenic/content/12 HTTP/1.1" 304 -
192.168.56.1 - - [23/Dec/2014:17:44:01 +0600] "GET /webservice/escenic/lock/article/12 HTTP/1.1" 200 1083
192.168.56.1 - - [23/Dec/2014:17:44:03 +0600] "GET /webservice/escenic/lock/article/12 HTTP/1.1" 200 1083
127.0.0.1 - - [23/Dec/2014:17:44:03 +0600] "GET /indexer-webservice/index/after/127?count=100 HTTP/1.1" 204 -
192.168.56.1 - - [23/Dec/2014:17:44:05 +0600] "GET /webservice/escenic/lock/article/12 HTTP/1.1" 200 1083
192.168.56.1 - - [23/Dec/2014:17:44:05 +0600] "GET /webservice/escenic/content/12 HTTP/1.1" 304 -
192.168.56.1 - - [23/Dec/2014:17:44:07 +0600] "GET /webservice/escenic/lock/article/12 HTTP/1.1" 200 1083
127.0.0.1 - - [23/Dec/2014:17:44:08 +0600] "GET /indexer-webservice/index/after/127?count=100 HTTP/1.1" 204 -
192.168.56.1 - - [23/Dec/2014:17:44:09 +0600] "GET /webservice/escenic/lock/article/12 HTTP/1.1" 200 1083
192.168.56.1 - - [23/Dec/2014:17:44:09 +0600] "HEAD /webservice/escenic/content/12 HTTP/1.1" 200 -
192.168.56.1 - - [23/Dec/2014:17:44:10 +0600] "GET /webservice/publication/demo/usage/article/12 HTTP/1.1" 200 124
192.168.56.1 - - [23/Dec/2014:17:44:10 +0600] "GET /webservice/escenic/lock/article/12 HTTP/1.1" 200 1083
192.168.56.1 - - [23/Dec/2014:17:44:12 +0600] "GET /webservice/escenic/content/12 HTTP/1.1" 304 -
192.168.56.1 - - [23/Dec/2014:17:44:13 +0600] "GET /webservice/escenic/lock/article/12 HTTP/1.1" 200 1083
127.0.0.1 - - [23/Dec/2014:17:44:13 +0600] "GET /indexer-webservice/index/after/127?count=100 HTTP/1.1" 204 -
192.168.56.1 - - [23/Dec/2014:17:44:15 +0600] "GET /webservice/escenic/lock/article/12 HTTP/1.1" 200 1083
192.168.56.1 - - [23/Dec/2014:17:44:17 +0600] "GET /webservice/escenic/lock/article/12 HTTP/1.1" 200 1083
192.168.56.1 - - [23/Dec/2014:17:44:17 +0600] "GET /webservice/escenic/content/12 HTTP/1.1" 304 -
127.0.0.1 - - [23/Dec/2014:17:44:18 +0600] "GET /indexer-webservice/index/after/127?count=100 HTTP/1.1" 204 -
192.168.56.1 - - [23/Dec/2014:17:44:19 +0600] "PUT /webservice/escenic/content/12 HTTP/1.1" 204 -
192.168.56.1 - - [23/Dec/2014:17:44:19 +0600] "GET /webservice/escenic/content/12 HTTP/1.1" 200 4202
192.168.56.1 - - [23/Dec/2014:17:44:19 +0600] "GET /webservice/escenic/section/2 HTTP/1.1" 304 -
192.168.56.1 - - [23/Dec/2014:17:44:19 +0600] "GET /webservice/escenic/section/1 HTTP/1.1" 304 -
192.168.56.1 - - [23/Dec/2014:17:44:19 +0600] "GET /webservice/escenic/publication/demo/ HTTP/1.1" 304 -
192.168.56.1 - - [23/Dec/2014:17:44:19 +0600] "GET /webservice-extensions/core/article-history/bundle/ArticleHistory.properties?_=1419313460153 HTTP/1.1" 200 325
192.168.56.1 - - [23/Dec/2014:17:44:19 +0600] "GET /webservice-extensions/core/article-history/bundle/ArticleHistory_en.properties?_=1419313460162 HTTP/1.1" 404 87
192.168.56.1 - - [23/Dec/2014:17:44:19 +0600] "GET /webservice/escenic/lock/article/12 HTTP/1.1" 200 1083
192.168.56.1 - - [23/Dec/2014:17:44:19 +0600] "GET /webservice/escenic/content/12/log/?count=10 HTTP/1.1" 200 1568
192.168.56.1 - - [23/Dec/2014:17:44:19 +0600] "GET /webservice/escenic/content/state/draft-published/editor HTTP/1.1" 200 4199
192.168.56.1 - - [23/Dec/2014:17:44:19 +0600] "DELETE /webservice/escenic/lock/article/12/private/8a HTTP/1.1" 204 -
192.168.56.1 - - [23/Dec/2014:17:44:19 +0600] "GET /webservice/escenic/section/1 HTTP/1.1" 304 -
192.168.56.1 - - [23/Dec/2014:17:44:19 +0600] "GET /webservice/escenic/section/2 HTTP/1.1" 304 -
192.168.56.1 - - [23/Dec/2014:17:44:19 +0600] "GET /webservice/escenic/content/state/icon/blank.png HTTP/1.1" 200 146
192.168.56.1 - - [23/Dec/2014:17:44:21 +0600] "GET /webservice/escenic/lock/article/12 HTTP/1.1" 200 325
192.168.56.1 - - [23/Dec/2014:17:44:21 +0600] "HEAD /webservice/escenic/content/12 HTTP/1.1" 200 -
192.168.56.1 - - [23/Dec/2014:17:44:21 +0600] "GET /webservice/publication/demo/usage/article/12 HTTP/1.1" 200 124
192.168.56.1 - - [23/Dec/2014:17:44:23 +0600] "GET /webservice/escenic/lock/article/12 HTTP/1.1" 200 325
127.0.0.1 - - [23/Dec/2014:17:44:23 +0600] "GET /indexer-webservice/index/after/127?count=100 HTTP/1.1" 200 1420
127.0.0.1 - - [23/Dec/2014:17:44:23 +0600] "GET /indexer-webservice/index/after/129?count=100 HTTP/1.1" 204 -
127.0.0.1 - - [23/Dec/2014:17:44:23 +0600] "POST /solr/update/ HTTP/1.1" 200 148
192.168.56.1 - - [23/Dec/2014:17:44:24 +0600] "GET /webservice/escenic/content/12 HTTP/1.1" 304 -
192.168.56.1 - - [23/Dec/2014:17:44:25 +0600] "GET /webservice/escenic/lock/article/12 HTTP/1.1" 200 325
192.168.56.1 - - [23/Dec/2014:17:44:27 +0600] "GET /webservice/escenic/lock/article/12 HTTP/1.1" 200 325
127.0.0.1 - - [23/Dec/2014:17:44:28 +0600] "GET /indexer-webservice/index/after/129?count=100 HTTP/1.1" 204 -
192.168.56.1 - - [23/Dec/2014:17:44:29 +0600] "GET /webservice/escenic/lock/article/12 HTTP/1.1" 200 325
192.168.56.1 - - [23/Dec/2014:17:44:29 +0600] "GET /webservice/escenic/content/12 HTTP/1.1" 304 -
192.168.56.1 - - [23/Dec/2014:17:44:31 +0600] "GET /webservice/escenic/lock/article/12 HTTP/1.1" 200 325
192.168.56.1 - - [23/Dec/2014:17:44:32 +0600] "HEAD /webservice/escenic/content/12 HTTP/1.1" 200 -
192.168.56.1 - - [23/Dec/2014:17:44:32 +0600] "GET /webservice/publication/demo/usage/article/12 HTTP/1.1" 200 124
192.168.56.1 - - [23/Dec/2014:17:44:32 +0600] "GET /webservice/escenic/lock/article/12 HTTP/1.1" 200 325
127.0.0.1 - - [23/Dec/2014:17:44:33 +0600] "GET /indexer-webservice/index/before/-98?count=100 HTTP/1.1" 204 -
127.0.0.1 - - [23/Dec/2014:17:44:33 +0600] "GET /indexer-webservice/index/after/129?count=100 HTTP/1.1" 204 -
192.168.56.1 - - [23/Dec/2014:17:44:35 +0600] "GET /webservice/escenic/lock/article/12 HTTP/1.1" 200 325
192.168.56.1 - - [23/Dec/2014:17:44:35 +0600] "GET /webservice/escenic/content/12 HTTP/1.1" 304 -
192.168.56.1 - - [23/Dec/2014:17:44:37 +0600] "GET /webservice/escenic/lock/article/12 HTTP/1.1" 200 325
127.0.0.1 - - [23/Dec/2014:17:44:38 +0600] "GET /indexer-webservice/index/after/129?count=100 HTTP/1.1" 204 -
192.168.56.1 - - [23/Dec/2014:17:44:39 +0600] "GET /webservice/escenic/lock/article/12 HTTP/1.1" 200 325
192.168.56.1 - - [23/Dec/2014:17:44:41 +0600] "GET /webservice/escenic/lock/article/12 HTTP/1.1" 200 325
192.168.56.1 - - [23/Dec/2014:17:44:42 +0600] "GET /webservice/escenic/content/12 HTTP/1.1" 304 -
192.168.56.1 - - [23/Dec/2014:17:44:42 +0600] "GET /webservice/escenic/lock/article/12 HTTP/1.1" 200 325
192.168.56.1 - - [23/Dec/2014:17:44:43 +0600] "HEAD /webservice/escenic/content/12 HTTP/1.1" 200 -
192.168.56.1 - - [23/Dec/2014:17:44:43 +0600] "GET /webservice/publication/demo/usage/article/12 HTTP/1.1" 200 124
127.0.0.1 - - [23/Dec/2014:17:44:43 +0600] "GET /indexer-webservice/index/after/129?count=100 HTTP/1.1" 204 -
192.168.56.1 - - [23/Dec/2014:17:44:45 +0600] "GET /webservice/escenic/lock/article/12 HTTP/1.1" 200 325
192.168.56.1 - - [23/Dec/2014:17:44:47 +0600] "GET /webservice/escenic/lock/article/12 HTTP/1.1" 200 325
192.168.56.1 - - [23/Dec/2014:17:44:48 +0600] "GET /webservice/escenic/content/12 HTTP/1.1" 304 -
127.0.0.1 - - [23/Dec/2014:17:44:48 +0600] "GET /indexer-webservice/index/after/129?count=100 HTTP/1.1" 204 -
192.168.56.1 - - [23/Dec/2014:17:44:48 +0600] "GET /webservice/escenic/lock/article/12 HTTP/1.1" 200 325
192.168.56.1 - - [23/Dec/2014:17:44:51 +0600] "GET /webservice/escenic/lock/article/12 HTTP/1.1" 200 325
192.168.56.1 - - [23/Dec/2014:17:44:53 +0600] "GET /webservice/escenic/lock/article/12 HTTP/1.1" 200 325
127.0.0.1 - - [23/Dec/2014:17:44:53 +0600] "GET /indexer-webservice/index/after/129?count=100 HTTP/1.1" 204 -
192.168.56.1 - - [23/Dec/2014:17:44:54 +0600] "GET /webservice/escenic/content/12 HTTP/1.1" 304 -
192.168.56.1 - - [23/Dec/2014:17:44:54 +0600] "HEAD /webservice/escenic/content/12 HTTP/1.1" 200 -
192.168.56.1 - - [23/Dec/2014:17:44:54 +0600] "GET /webservice/publication/demo/usage/article/12 HTTP/1.1" 200 124
192.168.56.1 - - [23/Dec/2014:17:44:54 +0600] "GET /webservice/escenic/lock/article/12 HTTP/1.1" 200 325
192.168.56.1 - - [23/Dec/2014:17:44:57 +0600] "GET /webservice/escenic/lock/article/12 HTTP/1.1" 200 325
127.0.0.1 - - [23/Dec/2014:17:44:58 +0600] "GET /indexer-webservice/index/after/129?count=100 HTTP/1.1" 204 -
192.168.56.1 - - [23/Dec/2014:17:44:59 +0600] "GET /webservice/escenic/lock/article/12 HTTP/1.1" 200 325
192.168.56.1 - - [23/Dec/2014:17:45:00 +0600] "GET /webservice/escenic/content/12 HTTP/1.1" 304 -
192.168.56.1 - - [23/Dec/2014:17:45:00 +0600] "GET /webservice/escenic/lock/article/12 HTTP/1.1" 200 325
192.168.56.1 - - [23/Dec/2014:17:45:03 +0600] "GET /webservice/escenic/lock/article/12 HTTP/1.1" 200 325
127.0.0.1 - - [23/Dec/2014:17:45:03 +0600] "GET /indexer-webservice/index/after/129?count=100 HTTP/1.1" 204 -
192.168.56.1 - - [23/Dec/2014:17:45:05 +0600] "GET /webservice/escenic/section/1 HTTP/1.1" 304 -
192.168.56.1 - - [23/Dec/2014:17:45:05 +0600] "GET /webservice/escenic/section/1 HTTP/1.1" 304 -
192.168.56.1 - - [23/Dec/2014:17:45:05 +0600] "OPTIONS /webservice/content/com.escenic.index-page/1 HTTP/1.1" 200 -
192.168.56.1 - - [23/Dec/2014:17:45:05 +0600] "OPTIONS /webservice/escenic/section/1 HTTP/1.1" 200 -
192.168.56.1 - - [23/Dec/2014:17:45:05 +0600] "GET /webservice/escenic/section/1 HTTP/1.1" 304 -
192.168.56.1 - - [23/Dec/2014:17:45:05 +0600] "OPTIONS /webservice/content/com.escenic.index-page/1 HTTP/1.1" 200 -
192.168.56.1 - - [23/Dec/2014:17:45:05 +0600] "GET /webservice/escenic/section/1 HTTP/1.1" 304 -
192.168.56.1 - - [23/Dec/2014:17:45:05 +0600] "OPTIONS /webservice/content/com.escenic.index-page/1 HTTP/1.1" 200 -
192.168.56.1 - - [23/Dec/2014:17:45:05 +0600] "HEAD /webservice/escenic/section/1 HTTP/1.1" 200 -
192.168.56.1 - - [23/Dec/2014:17:45:05 +0600] "OPTIONS /webservice/escenic/section/1/content/move/ HTTP/1.1" 204 -
192.168.56.1 - - [23/Dec/2014:17:45:05 +0600] "OPTIONS /webservice/escenic/section/1/move HTTP/1.1" 204 -
192.168.56.1 - - [23/Dec/2014:17:45:06 +0600] "GET /webservice/content/com.escenic.inbox/2 HTTP/1.1" 304 -
192.168.56.1 - - [23/Dec/2014:17:45:07 +0600] "GET /webservice/publication/demo/escenic/section HTTP/1.1" 200 505
192.168.56.1 - - [23/Dec/2014:17:45:07 +0600] "GET /webservice/escenic/publication/demo/ HTTP/1.1" 304 -
192.168.56.1 - - [23/Dec/2014:17:45:07 +0600] "GET /webservice/escenic/section/1 HTTP/1.1" 304 -
192.168.56.1 - - [23/Dec/2014:17:45:07 +0600] "GET /webservice/publication/demo/roaming-profile/com.escenic.studio.core.usage HTTP/1.1" 304 -
192.168.56.1 - - [23/Dec/2014:17:45:07 +0600] "GET /webservice/escenic/section/1 HTTP/1.1" 304 -
192.168.56.1 - - [23/Dec/2014:17:45:07 +0600] "PUT /webservice/publication/demo/roaming-profile/com.escenic.studio.core.usage HTTP/1.1" 200 -
192.168.56.1 - - [23/Dec/2014:17:45:07 +0600] "GET /webservice/escenic/section/1 HTTP/1.1" 304 -
192.168.56.1 - - [23/Dec/2014:17:45:07 +0600] "GET /webservice/escenic/changelog/inbox/2 HTTP/1.1" 200 5868
192.168.56.1 - - [23/Dec/2014:17:45:07 +0600] "GET /webservice/escenic/changelog/inbox/2/after/129?count=10 HTTP/1.1" 200 440
192.168.56.1 - - [23/Dec/2014:17:45:07 +0600] "GET /webservice/escenic/changelog/inbox/2 HTTP/1.1" 200 5868
192.168.56.1 - - [23/Dec/2014:17:45:07 +0600] "GET /webservice/escenic/changelog/inbox/2/before/14?count=10 HTTP/1.1" 200 442
127.0.0.1 - - [23/Dec/2014:17:45:08 +0600] "GET /indexer-webservice/index/after/129?count=100 HTTP/1.1" 204 -
192.168.56.1 - - [23/Dec/2014:17:45:11 +0600] "GET /webservice/escenic/section/1 HTTP/1.1" 304 -
192.168.56.1 - - [23/Dec/2014:17:45:11 +0600] "OPTIONS /webservice/content/com.escenic.index-page/1 HTTP/1.1" 200 -
127.0.0.1 - - [23/Dec/2014:17:45:13 +0600] "GET /indexer-webservice/index/after/129?count=100 HTTP/1.1" 204 -
192.168.56.1 - - [23/Dec/2014:17:45:14 +0600] "GET /webservice/escenic/changelog/inbox/2/after/129?count=10 HTTP/1.1" 200 440
192.168.56.1 - - [23/Dec/2014:17:45:14 +0600] "GET /webservice/escenic/changelog/inbox/2/before/14?count=10 HTTP/1.1" 200 442
192.168.56.1 - - [23/Dec/2014:17:45:17 +0600] "GET /webservice/escenic/section/1 HTTP/1.1" 304 -
192.168.56.1 - - [23/Dec/2014:17:45:17 +0600] "OPTIONS /webservice/content/com.escenic.index-page/1 HTTP/1.1" 200 -
127.0.0.1 - - [23/Dec/2014:17:45:18 +0600] "GET /indexer-webservice/index/after/129?count=100 HTTP/1.1" 204 -
192.168.56.1 - - [23/Dec/2014:17:45:20 +0600] "GET /webservice/escenic/changelog/inbox/2/after/129?count=10 HTTP/1.1" 200 440
192.168.56.1 - - [23/Dec/2014:17:45:20 +0600] "GET /webservice/escenic/changelog/inbox/2/before/14?count=10 HTTP/1.1" 200 442
192.168.56.1 - - [23/Dec/2014:17:45:23 +0600] "GET /webservice/escenic/section/1 HTTP/1.1" 304 -
192.168.56.1 - - [23/Dec/2014:17:45:23 +0600] "OPTIONS /webservice/content/com.escenic.index-page/1 HTTP/1.1" 200 -
127.0.0.1 - - [23/Dec/2014:17:45:23 +0600] "GET /indexer-webservice/index/after/129?count=100 HTTP/1.1" 204 -
192.168.56.1 - - [23/Dec/2014:17:45:26 +0600] "GET /webservice/escenic/changelog/inbox/2/after/129?count=10 HTTP/1.1" 200 440
192.168.56.1 - - [23/Dec/2014:17:45:26 +0600] "GET /webservice/escenic/changelog/inbox/2/before/14?count=10 HTTP/1.1" 200 442
127.0.0.1 - - [23/Dec/2014:17:45:28 +0600] "GET /indexer-webservice/index/after/129?count=100 HTTP/1.1" 204 -
192.168.56.1 - - [23/Dec/2014:17:45:29 +0600] "GET /webservice/escenic/section/1 HTTP/1.1" 304 -
192.168.56.1 - - [23/Dec/2014:17:45:29 +0600] "OPTIONS /webservice/content/com.escenic.index-page/1 HTTP/1.1" 200 -
192.168.56.1 - - [23/Dec/2014:17:45:30 +0600] "POST /webservice/escenic/section/2/content-items HTTP/1.1" 201 -
192.168.56.1 - - [23/Dec/2014:17:45:30 +0600] "GET /webservice/escenic/content/14 HTTP/1.1" 200 3993
192.168.56.1 - - [23/Dec/2014:17:45:30 +0600] "GET /webservice/escenic/publication/demo/ HTTP/1.1" 304 -
192.168.56.1 - - [23/Dec/2014:17:45:30 +0600] "GET /webservice/escenic/section/2 HTTP/1.1" 304 -
192.168.56.1 - - [23/Dec/2014:17:45:30 +0600] "GET /webservice/content/com.escenic.inbox/2 HTTP/1.1" 304 -
192.168.56.1 - - [23/Dec/2014:17:45:30 +0600] "GET /webservice/escenic/section/1 HTTP/1.1" 304 -
192.168.56.1 - - [23/Dec/2014:17:45:30 +0600] "HEAD /webservice/escenic/content/14 HTTP/1.1" 200 -
192.168.56.1 - - [23/Dec/2014:17:45:30 +0600] "GET /webservice/escenic/content/14 HTTP/1.1" 200 3993
192.168.56.1 - - [23/Dec/2014:17:45:30 +0600] "POST /webservice/escenic/list-pool/2 HTTP/1.1" 201 349
192.168.56.1 - - [23/Dec/2014:17:45:30 +0600] "GET /webservice/escenic/section/2 HTTP/1.1" 304 -
192.168.56.1 - - [23/Dec/2014:17:45:30 +0600] "GET /webservice/escenic/section/1 HTTP/1.1" 304 -
192.168.56.1 - - [23/Dec/2014:17:45:31 +0600] "GET /webservice-extensions/core/article-history?language=en&locale=en_US&url=http://kibria-vm:8080/webservice/escenic/content/14/log/ HTTP/1.1" 302 -
192.168.56.1 - - [23/Dec/2014:17:45:31 +0600] "GET /webservice-extensions/core/article-history/?language=en&locale=en_US&url=http://kibria-vm:8080/webservice/escenic/content/14/log/ HTTP/1.1" 200 547
192.168.56.1 - - [23/Dec/2014:17:45:31 +0600] "GET /webservice-extensions/core/article-history/bundle/ArticleHistory.properties?_=1419313531791 HTTP/1.1" 200 325
192.168.56.1 - - [23/Dec/2014:17:45:31 +0600] "GET /webservice-extensions/core/article-history/bundle/ArticleHistory_en.properties?_=1419313531796 HTTP/1.1" 404 87
192.168.56.1 - - [23/Dec/2014:17:45:31 +0600] "GET /webservice/escenic/content/14/log/?count=10 HTTP/1.1" 200 1283
192.168.56.1 - - [23/Dec/2014:17:45:30 +0600] "GET /webservice/escenic/lock/article/14 HTTP/1.1" 200 325
192.168.56.1 - - [23/Dec/2014:17:45:32 +0600] "GET /webservice/escenic/changelog/inbox/2/after/129?count=10 HTTP/1.1" 200 5263
192.168.56.1 - - [23/Dec/2014:17:45:32 +0600] "GET /webservice/escenic/changelog/inbox/2/after/132?count=10 HTTP/1.1" 200 440
192.168.56.1 - - [23/Dec/2014:17:45:32 +0600] "GET /webservice/escenic/changelog/inbox/2/before/14?count=10 HTTP/1.1" 200 442
192.168.56.1 - - [23/Dec/2014:17:45:32 +0600] "PUT /webservice/publication/demo/roaming-profile/com.escenic.studio.core.clipboard.ClipboardUI HTTP/1.1" 200 -
192.168.56.1 - - [23/Dec/2014:17:45:32 +0600] "GET /webservice/escenic/lock/article/14 HTTP/1.1" 200 325
127.0.0.1 - - [23/Dec/2014:17:45:33 +0600] "GET /indexer-webservice/index/before/-98?count=100 HTTP/1.1" 204 -
127.0.0.1 - - [23/Dec/2014:17:45:33 +0600] "GET /indexer-webservice/index/after/129?count=100 HTTP/1.1" 200 1358
127.0.0.1 - - [23/Dec/2014:17:45:33 +0600] "GET /indexer-webservice/index/after/132?count=100 HTTP/1.1" 204 -
127.0.0.1 - - [23/Dec/2014:17:45:33 +0600] "POST /solr/update/ HTTP/1.1" 200 148
192.168.56.1 - - [23/Dec/2014:17:45:35 +0600] "GET /webservice/escenic/section/1 HTTP/1.1" 304 -
192.168.56.1 - - [23/Dec/2014:17:45:35 +0600] "OPTIONS /webservice/content/com.escenic.index-page/1 HTTP/1.1" 200 -
192.168.56.1 - - [23/Dec/2014:17:45:35 +0600] "GET /webservice/escenic/lock/article/14 HTTP/1.1" 200 325
192.168.56.1 - - [23/Dec/2014:17:45:35 +0600] "GET /webservice/escenic/content/14 HTTP/1.1" 304 -
192.168.56.1 - - [23/Dec/2014:17:45:37 +0600] "GET /webservice/escenic/lock/article/14 HTTP/1.1" 200 325
192.168.56.1 - - [23/Dec/2014:17:45:38 +0600] "HEAD /webservice/escenic/content/14 HTTP/1.1" 200 -
192.168.56.1 - - [23/Dec/2014:17:45:37 +0600] "GET /webservice/escenic/changelog/inbox/2/after/132?count=10 HTTP/1.1" 200 440
192.168.56.1 - - [23/Dec/2014:17:45:38 +0600] "GET /webservice/escenic/changelog/inbox/2/before/14?count=10 HTTP/1.1" 200 442
192.168.56.1 - - [23/Dec/2014:17:45:38 +0600] "GET /webservice/publication/demo/usage/article/14 HTTP/1.1" 200 124
127.0.0.1 - - [23/Dec/2014:17:45:38 +0600] "GET /indexer-webservice/index/after/132?count=100 HTTP/1.1" 204 -
192.168.56.1 - - [23/Dec/2014:17:45:39 +0600] "GET /webservice/escenic/lock/article/14 HTTP/1.1" 200 325
192.168.56.1 - - [23/Dec/2014:17:45:41 +0600] "GET /webservice/escenic/section/1 HTTP/1.1" 304 -
192.168.56.1 - - [23/Dec/2014:17:45:41 +0600] "OPTIONS /webservice/content/com.escenic.index-page/1 HTTP/1.1" 200 -
192.168.56.1 - - [23/Dec/2014:17:45:41 +0600] "GET /webservice/escenic/lock/article/14 HTTP/1.1" 200 325
192.168.56.1 - - [23/Dec/2014:17:45:42 +0600] "GET /webservice/escenic/content/14 HTTP/1.1" 304 -
192.168.56.1 - - [23/Dec/2014:17:45:43 +0600] "GET /webservice/escenic/lock/article/14 HTTP/1.1" 200 325
127.0.0.1 - - [23/Dec/2014:17:45:43 +0600] "GET /indexer-webservice/index/after/132?count=100 HTTP/1.1" 204 -
192.168.56.1 - - [23/Dec/2014:17:45:43 +0600] "GET /webservice/escenic/changelog/inbox/2/after/132?count=10 HTTP/1.1" 200 440
192.168.56.1 - - [23/Dec/2014:17:45:44 +0600] "GET /webservice/escenic/changelog/inbox/2/before/14?count=10 HTTP/1.1" 200 442
192.168.56.1 - - [23/Dec/2014:17:45:44 +0600] "GET /webservice/escenic/lock/article/14 HTTP/1.1" 200 325
192.168.56.1 - - [23/Dec/2014:17:45:47 +0600] "GET /webservice/escenic/section/1 HTTP/1.1" 304 -
192.168.56.1 - - [23/Dec/2014:17:45:47 +0600] "OPTIONS /webservice/content/com.escenic.index-page/1 HTTP/1.1" 200 -
192.168.56.1 - - [23/Dec/2014:17:45:47 +0600] "GET /webservice/escenic/lock/article/14 HTTP/1.1" 200 325
192.168.56.1 - - [23/Dec/2014:17:45:47 +0600] "GET /webservice/escenic/content/14 HTTP/1.1" 304 -
127.0.0.1 - - [23/Dec/2014:17:45:48 +0600] "GET /indexer-webservice/index/after/132?count=100 HTTP/1.1" 204 -
192.168.56.1 - - [23/Dec/2014:17:45:49 +0600] "HEAD /webservice/escenic/content/14 HTTP/1.1" 200 -
192.168.56.1 - - [23/Dec/2014:17:45:49 +0600] "GET /webservice/escenic/lock/article/14 HTTP/1.1" 200 325
192.168.56.1 - - [23/Dec/2014:17:45:49 +0600] "GET /webservice/publication/demo/usage/article/14 HTTP/1.1" 200 124
192.168.56.1 - - [23/Dec/2014:17:45:50 +0600] "GET /webservice/escenic/changelog/inbox/2/after/132?count=10 HTTP/1.1" 200 440
192.168.56.1 - - [23/Dec/2014:17:45:50 +0600] "GET /webservice/escenic/changelog/inbox/2/before/14?count=10 HTTP/1.1" 200 442
192.168.56.1 - - [23/Dec/2014:17:45:50 +0600] "GET /webservice/escenic/lock/article/14 HTTP/1.1" 200 325
192.168.56.1 - - [23/Dec/2014:17:45:53 +0600] "GET /webservice/escenic/section/1 HTTP/1.1" 304 -
192.168.56.1 - - [23/Dec/2014:17:45:53 +0600] "GET /webservice/escenic/lock/article/14 HTTP/1.1" 200 325
192.168.56.1 - - [23/Dec/2014:17:45:53 +0600] "OPTIONS /webservice/content/com.escenic.index-page/1 HTTP/1.1" 200 -
127.0.0.1 - - [23/Dec/2014:17:45:53 +0600] "GET /indexer-webservice/index/after/132?count=100 HTTP/1.1" 204 -
192.168.56.1 - - [23/Dec/2014:17:45:54 +0600] "GET /webservice/escenic/content/14 HTTP/1.1" 304 -
